Component: ARM Compiler 5.06 update 1 (build 61) Tool: armlink [4d35a8]

==============================================================================

Section Cross References

    main.o(i.UART1_Put_StringL) refers to uart1.o(i.UART1_Put_Char) for UART1_Put_Char
    main.o(i.UART_DM_ReportData) refers to main.o(i.UART1_Put_StringL) for UART1_Put_StringL
    main.o(i.main) refers to delay.o(i.SysTick_init) for SysTick_init
    main.o(i.main) refers to uart1.o(i.Initial_UART1) for Initial_UART1
    main.o(i.main) refers to delay.o(i.delay_ms) for delay_ms
    main.o(i.main) refers to main.o(i.UART_DM_ReportData) for UART_DM_ReportData
    main.o(i.main) refers to main.o(.data) for DM0_Speed1_Position_90
    delay.o(i.CheckSystemTick) refers to delay.o(.data) for ucTimeFlag
    delay.o(i.SysTick_Handler) refers to delay.o(.data) for ucTimeFlag
    delay.o(i.SysTick_init) refers to misc.o(i.NVIC_PriorityGroupConfig) for NVIC_PriorityGroupConfig
    delay.o(i.SysTick_init) refers to misc.o(i.NVIC_Init) for NVIC_Init
    delay.o(i.SysTick_init) refers to delay.o(.data) for fac_us
    delay.o(i.delay_ms) refers to delay.o(.data) for fac_ms
    delay.o(i.delay_us) refers to delay.o(.data) for fac_us
    ioi2c.o(i.IIC_Ack) refers to ioi2c.o(i.Delay) for Delay
    ioi2c.o(i.IIC_Init) refers to stm32f10x_rcc.o(i.RCC_APB2PeriphClockCmd) for RCC_APB2PeriphClockCmd
    ioi2c.o(i.IIC_Init) refers to stm32f10x_gpio.o(i.GPIO_Init) for GPIO_Init
    ioi2c.o(i.IIC_NAck) refers to ioi2c.o(i.Delay) for Delay
    ioi2c.o(i.IIC_Read_Byte) refers to ioi2c.o(i.Delay) for Delay
    ioi2c.o(i.IIC_Read_Byte) refers to ioi2c.o(i.IIC_Ack) for IIC_Ack
    ioi2c.o(i.IIC_Read_Byte) refers to ioi2c.o(i.IIC_NAck) for IIC_NAck
    ioi2c.o(i.IIC_Send_Byte) refers to ioi2c.o(i.Delay) for Delay
    ioi2c.o(i.IIC_Start) refers to ioi2c.o(i.Delay) for Delay
    ioi2c.o(i.IIC_Stop) refers to ioi2c.o(i.Delay) for Delay
    ioi2c.o(i.IIC_Wait_Ack) refers to ioi2c.o(i.Delay) for Delay
    ioi2c.o(i.IIC_Wait_Ack) refers to ioi2c.o(i.IIC_Stop) for IIC_Stop
    ioi2c.o(i.IICreadBytes) refers to ioi2c.o(i.IIC_Start) for IIC_Start
    ioi2c.o(i.IICreadBytes) refers to ioi2c.o(i.IIC_Send_Byte) for IIC_Send_Byte
    ioi2c.o(i.IICreadBytes) refers to ioi2c.o(i.IIC_Wait_Ack) for IIC_Wait_Ack
    ioi2c.o(i.IICreadBytes) refers to ioi2c.o(i.IIC_Read_Byte) for IIC_Read_Byte
    ioi2c.o(i.IICreadBytes) refers to ioi2c.o(i.IIC_Stop) for IIC_Stop
    ioi2c.o(i.IICwriteBytes) refers to ioi2c.o(i.IIC_Start) for IIC_Start
    ioi2c.o(i.IICwriteBytes) refers to ioi2c.o(i.IIC_Send_Byte) for IIC_Send_Byte
    ioi2c.o(i.IICwriteBytes) refers to ioi2c.o(i.IIC_Wait_Ack) for IIC_Wait_Ack
    ioi2c.o(i.IICwriteBytes) refers to ioi2c.o(i.IIC_Stop) for IIC_Stop
    uart1.o(i.Initial_UART1) refers to stm32f10x_rcc.o(i.RCC_APB2PeriphClockCmd) for RCC_APB2PeriphClockCmd
    uart1.o(i.Initial_UART1) refers to stm32f10x_gpio.o(i.GPIO_Init) for GPIO_Init
    uart1.o(i.Initial_UART1) refers to stm32f10x_usart.o(i.USART_Init) for USART_Init
    uart1.o(i.Initial_UART1) refers to stm32f10x_usart.o(i.USART_ITConfig) for USART_ITConfig
    uart1.o(i.Initial_UART1) refers to stm32f10x_usart.o(i.USART_ClearFlag) for USART_ClearFlag
    uart1.o(i.Initial_UART1) refers to stm32f10x_usart.o(i.USART_Cmd) for USART_Cmd
    uart1.o(i.Initial_UART1) refers to misc.o(i.NVIC_Init) for NVIC_Init
    uart1.o(i.UART1_Put_Char) refers to stm32f10x_usart.o(i.USART_ITConfig) for USART_ITConfig
    uart1.o(i.UART1_Put_Char) refers to uart1.o(.data) for count
    uart1.o(i.UART1_Put_Char) refers to uart1.o(.bss) for TxBuffer
    uart1.o(i.UART1_Put_String) refers to uart1.o(i.UART1_Put_Char) for UART1_Put_Char
    uart1.o(i.USART1_IRQHandler) refers to stm32f10x_usart.o(i.USART_GetITStatus) for USART_GetITStatus
    uart1.o(i.USART1_IRQHandler) refers to stm32f10x_usart.o(i.USART_SendData) for USART_SendData
    uart1.o(i.USART1_IRQHandler) refers to stm32f10x_usart.o(i.USART_ITConfig) for USART_ITConfig
    uart1.o(i.USART1_IRQHandler) refers to stm32f10x_usart.o(i.USART_ClearITPendingBit) for USART_ClearITPendingBit
    uart1.o(i.USART1_IRQHandler) refers to uart1.o(i.CopeSerial1Data) for CopeSerial1Data
    uart1.o(i.USART1_IRQHandler) refers to uart1.o(.data) for TxCounter
    uart1.o(i.USART1_IRQHandler) refers to uart1.o(.bss) for TxBuffer
    uart2.o(i.Initial_UART2) refers to stm32f10x_rcc.o(i.RCC_APB1PeriphClockCmd) for RCC_APB1PeriphClockCmd
    uart2.o(i.Initial_UART2) refers to stm32f10x_gpio.o(i.GPIO_Init) for GPIO_Init
    uart2.o(i.Initial_UART2) refers to stm32f10x_usart.o(i.USART_Init) for USART_Init
    uart2.o(i.Initial_UART2) refers to stm32f10x_usart.o(i.USART_ITConfig) for USART_ITConfig
    uart2.o(i.Initial_UART2) refers to stm32f10x_usart.o(i.USART_ClearFlag) for USART_ClearFlag
    uart2.o(i.Initial_UART2) refers to stm32f10x_usart.o(i.USART_Cmd) for USART_Cmd
    uart2.o(i.Initial_UART2) refers to misc.o(i.NVIC_Init) for NVIC_Init
[...]
    Removing stm32f10x_pwr.o(i.PWR_PVDCmd), (12 bytes).
    Removing stm32f10x_pwr.o(i.PWR_PVDLevelConfig), (24 bytes).
    Removing stm32f10x_pwr.o(i.PWR_WakeUpPinCmd), (12 bytes).
    Removing stm32f10x_bkp.o(.rev16_text), (4 bytes).
    Removing stm32f10x_bkp.o(.revsh_text), (4 bytes).
    Removing stm32f10x_bkp.o(.rrx_text), (6 bytes).
    Removing stm32f10x_bkp.o(i.BKP_ClearFlag), (20 bytes).
    Removing stm32f10x_bkp.o(i.BKP_ClearITPendingBit), (20 bytes).
    Removing stm32f10x_bkp.o(i.BKP_DeInit), (16 bytes).
    Removing stm32f10x_bkp.o(i.BKP_GetFlagStatus), (12 bytes).
    Removing stm32f10x_bkp.o(i.BKP_GetITStatus), (12 bytes).
    Removing stm32f10x_bkp.o(i.BKP_ITConfig), (12 bytes).
    Removing stm32f10x_bkp.o(i.BKP_RTCOutputConfig), (28 bytes).
    Removing stm32f10x_bkp.o(i.BKP_ReadBackupRegister), (28 bytes).
    Removing stm32f10x_bkp.o(i.BKP_SetRTCCalibrationValue), (28 bytes).
    Removing stm32f10x_bkp.o(i.BKP_TamperPinCmd), (12 bytes).
    Removing stm32f10x_bkp.o(i.BKP_TamperPinLevelConfig), (12 bytes).
    Removing stm32f10x_bkp.o(i.BKP_WriteBackupRegister), (28 bytes).
    Removing hw_config.o(.rev16_text), (4 bytes).
    Removing hw_config.o(.revsh_text), (4 bytes).
    Removing hw_config.o(.rrx_text), (6 bytes).
    Removing hw_config.o(i.Enter_LowPowerMode), (12 bytes).
    Removing hw_config.o(i.Set_System), (120 bytes).
    Removing hw_config.o(i.Set_USBClock), (18 bytes).
    Removing hw_config.o(i.USB_Config), (20 bytes).
    Removing hw_config.o(i.USB_Interrupts_Config), (52 bytes).
    Removing hw_config.o(i.USB_RxRead), (24 bytes).
    Removing hw_config.o(i.USB_TxWrite), (24 bytes).
    Removing hw_config.o(.data), (12 bytes).
    Removing usb_desc.o(.rev16_text), (4 bytes).
    Removing usb_desc.o(.revsh_text), (4 bytes).
    Removing usb_desc.o(.rrx_text), (6 bytes).
    Removing usb_endp.o(.rev16_text), (4 bytes).
    Removing usb_endp.o(.revsh_text), (4 bytes).
    Removing usb_endp.o(.rrx_text), (6 bytes).
    Removing usb_istr.o(.rev16_text), (4 bytes).
    Removing usb_istr.o(.revsh_text), (4 bytes).
    Removing usb_istr.o(.rrx_text), (6 bytes).
    Removing usb_it.o(.rev16_text), (4 bytes).
    Removing usb_it.o(.revsh_text), (4 bytes).
    Removing usb_it.o(.rrx_text), (6 bytes).
    Removing usb_prop.o(.rev16_text), (4 bytes).
    Removing usb_prop.o(.revsh_text), (4 bytes).
    Removing usb_prop.o(.rrx_text), (6 bytes).
    Removing usb_pwr.o(.rev16_text), (4 bytes).
    Removing usb_pwr.o(.revsh_text), (4 bytes).
    Removing usb_pwr.o(.rrx_text), (6 bytes).
    Removing usb_pwr.o(i.PowerOff), (32 bytes).
    Removing usb_core.o(.rev16_text), (4 bytes).
    Removing usb_core.o(.revsh_text), (4 bytes).
    Removing usb_core.o(.rrx_text), (6 bytes).
    Removing usb_init.o(.rev16_text), (4 bytes).
    Removing usb_init.o(.revsh_text), (4 bytes).
    Removing usb_init.o(.rrx_text), (6 bytes).
    Removing usb_init.o(i.USB_Init), (60 bytes).
    Removing usb_int.o(.rev16_text), (4 bytes).
    Removing usb_int.o(.revsh_text), (4 bytes).
    Removing usb_int.o(.rrx_text), (6 bytes).
    Removing usb_int.o(i.CTR_HP), (200 bytes).
    Removing usb_mem.o(.rev16_text), (4 bytes).
    Removing usb_mem.o(.revsh_text), (4 bytes).
    Removing usb_mem.o(.rrx_text), (6 bytes).
    Removing usb_regs.o(.rev16_text), (4 bytes).
    Removing usb_regs.o(.revsh_text), (4 bytes).
    Removing usb_regs.o(.rrx_text), (6 bytes).
    Removing usb_regs.o(i.ClearEPDoubleBuff), (40 bytes).
    Removing usb_regs.o(i.ClearEP_CTR_RX), (36 bytes).
    Removing usb_regs.o(i.ClearEP_CTR_TX), (32 bytes).
    Removing usb_regs.o(i.ClearEP_KIND), (40 bytes).
    Removing usb_regs.o(i.FreeUserBuffer), (84 bytes).
    Removing usb_regs.o(i.GetBTABLE), (12 bytes).
    Removing usb_regs.o(i.GetCNTR), (12 bytes).
    Removing usb_regs.o(i.GetDADDR), (12 bytes).
    Removing usb_regs.o(i.GetENDPOINT), (20 bytes).
    Removing usb_regs.o(i.GetEPAddress), (24 bytes).
    Removing usb_regs.o(i.GetEPDblBuf0Addr), (32 bytes).
    Removing usb_regs.o(i.GetEPDblBuf0Count), (36 bytes).
    Removing usb_regs.o(i.GetEPDblBuf1Addr), (32 bytes).
    Removing usb_regs.o(i.GetEPDblBuf1Count), (36 bytes).
    Removing usb_regs.o(i.GetEPDblBufDir), (72 bytes).
    Removing usb_regs.o(i.GetEPRxStatus), (24 bytes).
    Removing usb_regs.o(i.GetEPTxCount), (36 bytes).
    Removing usb_regs.o(i.GetEPTxStatus), (24 bytes).
    Removing usb_regs.o(i.GetEPType), (24 bytes).
    Removing usb_regs.o(i.GetFNR), (12 bytes).
    Removing usb_regs.o(i.GetISTR), (12 bytes).
    Removing usb_regs.o(i.GetRxStallStatus), (36 bytes).
    Removing usb_regs.o(i.GetTxStallStatus), (32 bytes).
    Removing usb_regs.o(i.SetCNTR), (12 bytes).
    Removing usb_regs.o(i.SetDADDR), (12 bytes).
    Removing usb_regs.o(i.SetDouBleBuffEPStall), (60 bytes).
    Removing usb_regs.o(i.SetENDPOINT), (16 bytes).
    Removing usb_regs.o(i.SetEPAddress), (44 bytes).
    Removing usb_regs.o(i.SetEPCountRxReg), (48 bytes).
    Removing usb_regs.o(i.SetEPDblBuf0Addr), (32 bytes).
    Removing usb_regs.o(i.SetEPDblBuf0Count), (104 bytes).
    Removing usb_regs.o(i.SetEPDblBuf1Addr), (36 bytes).
    Removing usb_regs.o(i.SetEPDblBuf1Count), (104 bytes).
    Removing usb_regs.o(i.SetEPDblBuffAddr), (52 bytes).
    Removing usb_regs.o(i.SetEPDblBuffCount), (196 bytes).
    Removing usb_regs.o(i.SetEPDoubleBuff), (44 bytes).
    Removing usb_regs.o(i.SetEP_KIND), (44 bytes).
    Removing usb_regs.o(i.SetISTR), (12 bytes).
    Removing usb_regs.o(i.Set_Status_Out), (44 bytes).
    Removing usb_regs.o(i.ToWord), (8 bytes).
    Removing usb_regs.o(i.ToggleDTOG_RX), (40 bytes).
    Removing usb_regs.o(i.ToggleDTOG_TX), (40 bytes).
    Removing usb_sil.o(.rev16_text), (4 bytes).
    Removing usb_sil.o(.revsh_text), (4 bytes).
    Removing usb_sil.o(.rrx_text), (6 bytes).
    Removing usb_sil.o(i.USB_SIL_Write), (46 bytes).

606 unused section(s) (total 23379 bytes) removed from the image.

==============================================================================

Image Symbol Table

    Local Symbols

    Symbol Name                              Value     Ov Type        Size  Object(Section)

    ../clib/../cmprslib/zerorunl2.c          0x00000000   Number         0  __dczerorl2.o ABSOLUTE
    ../clib/microlib/init/entry.s            0x00000000   Number         0  entry7b.o ABSOLUTE
    ../clib/microlib/init/entry.s            0x00000000   Number         0  entry.o ABSOLUTE
    ../clib/microlib/init/entry.s            0x00000000   Number         0  entry7a.o ABSOLUTE
    ../clib/microlib/init/entry.s            0x00000000   Number         0  entry10a.o ABSOLUTE
    ../clib/microlib/init/entry.s            0x00000000   Number         0  entry9b.o ABSOLUTE
    ../clib/microlib/init/entry.s            0x00000000   Number         0  entry10b.o ABSOLUTE
    ../clib/microlib/init/entry.s            0x00000000   Number         0  entry11a.o ABSOLUTE
    ../clib/microlib/init/entry.s            0x00000000   Number         0  entry11b.o ABSOLUTE
    ../clib/microlib/init/entry.s            0x00000000   Number         0  entry9a.o ABSOLUTE
    ../clib/microlib/init/entry.s            0x00000000   Number         0  entry2.o ABSOLUTE
    ../clib/microlib/init/entry.s            0x00000000   Number         0  entry8b.o ABSOLUTE
    ../clib/microlib/init/entry.s            0x00000000   Number         0  entry5.o ABSOLUTE
    ../clib/microlib/init/entry.s            0x00000000   Number         0  entry8a.o ABSOLUTE
    ../clib/microlib/string/memcpy.c         0x00000000   Number         0  memcpya.o ABSOLUTE
    ../clib/microlib/string/memcpy.c         0x00000000   Number         0  memcpyb.o ABSOLUTE
    ..\Source\APP\Main.c                     0x00000000   Number         0  main.o ABSOLUTE
    ..\Source\Drive\DIO.c                    0x00000000   Number         0  dio.o ABSOLUTE
    ..\Source\Drive\IOI2C.c                  0x00000000   Number         0  ioi2c.o ABSOLUTE
    ..\Source\Drive\UART1.c                  0x00000000   Number         0  uart1.o ABSOLUTE
    ..\Source\Drive\UART2.c                  0x00000000   Number         0  uart2.o ABSOLUTE
    ..\Source\Drive\delay.c                  0x00000000   Number         0  delay.o ABSOLUTE
    ..\Source\Public\Queue.c                 0x00000000   Number         0  queue.o ABSOLUTE
    ..\Source\STM32F10xLib\M3\stm32f10x_it.c 0x00000000   Number         0  stm32f10x_it.o ABSOLUTE
    ..\Source\STM32F10xLib\M3\system_stm32f10x.c 0x00000000   Number         0  system_stm32f10x.o ABSOLUTE
    ..\Source\STM32F10xLib\src\misc.c        0x00000000   Number         0  misc.o ABSOLUTE
    ..\Source\STM32F10xLib\src\stm32f10x_adc.c 0x00000000   Number         0  stm32f10x_adc.o ABSOLUTE
    ..\Source\STM32F10xLib\src\stm32f10x_bkp.c 0x00000000   Number         0  stm32f10x_bkp.o ABSOLUTE
    ..\Source\STM32F10xLib\src\stm32f10x_can.c 0x00000000   Number         0  stm32f10x_can.o ABSOLUTE
    ..\Source\STM32F10xLib\src\stm32f10x_dac.c 0x00000000   Number         0  stm32f10x_dac.o ABSOLUTE
    ..\Source\STM32F10xLib\src\stm32f10x_dma.c 0x00000000   Number         0  stm32f10x_dma.o ABSOLUTE
    ..\Source\STM32F10xLib\src\stm32f10x_exti.c 0x00000000   Number         0  stm32f10x_exti.o ABSOLUTE
    ..\Source\STM32F10xLib\src\stm32f10x_flash.c 0x00000000   Number         0  stm32f10x_flash.o ABSOLUTE
    ..\Source\STM32F10xLib\src\stm32f10x_fsmc.c 0x00000000   Number         0  stm32f10x_fsmc.o ABSOLUTE
    ..\Source\STM32F10xLib\src\stm32f10x_gpio.c 0x00000000   Number         0  stm32f10x_gpio.o ABSOLUTE
    ..\Source\STM32F10xLib\src\stm32f10x_i2c.c 0x00000000   Number         0  stm32f10x_i2c.o ABSOLUTE
    ..\Source\STM32F10xLib\src\stm32f10x_iwdg.c 0x00000000   Number         0  stm32f10x_iwdg.o ABSOLUTE
    ..\Source\STM32F10xLib\src\stm32f10x_pwr.c 0x00000000   Number         0  stm32f10x_pwr.o ABSOLUTE
    ..\Source\STM32F10xLib\src\stm32f10x_rcc.c 0x00000000   Number         0  stm32f10x_rcc.o ABSOLUTE
    ..\Source\STM32F10xLib\src\stm32f10x_rtc.c 0x00000000   Number         0  stm32f10x_rtc.o ABSOLUTE
    ..\Source\STM32F10xLib\src\stm32f10x_spi.c 0x00000000   Number         0  stm32f10x_spi.o ABSOLUTE
    ..\Source\STM32F10xLib\src\stm32f10x_tim.c 0x00000000   Number         0  stm32f10x_tim.o ABSOLUTE
    ..\Source\STM32F10xLib\src\stm32f10x_usart.c 0x00000000   Number         0  stm32f10x_usart.o ABSOLUTE
    ..\Source\STM32F10xLib\startup\startup_stm32f10x_hd.s 0x00000000   Number         0  startup_stm32f10x_hd.o ABSOLUTE
    ..\Source\USB\lib\usb_core.c             0x00000000   Number         0  usb_core.o ABSOLUTE
    ..\Source\USB\lib\usb_init.c             0x00000000   Number         0  usb_init.o ABSOLUTE
    ..\Source\USB\lib\usb_int.c              0x00000000   Number         0  usb_int.o ABSOLUTE
    ..\Source\USB\lib\usb_mem.c              0x00000000   Number         0  usb_mem.o ABSOLUTE
    ..\Source\USB\lib\usb_regs.c             0x00000000   Number         0  usb_regs.o ABSOLUTE
    ..\Source\USB\lib\usb_sil.c              0x00000000   Number         0  usb_sil.o ABSOLUTE
    ..\Source\USB\src\hw_config.c            0x00000000   Number         0  hw_config.o ABSOLUTE
    ..\Source\USB\src\usb_desc.c             0x00000000   Number         0  usb_desc.o ABSOLUTE
    ..\Source\USB\src\usb_endp.c             0x00000000   Number         0  usb_endp.o ABSOLUTE
    ..\Source\USB\src\usb_istr.c             0x00000000   Number         0  usb_istr.o ABSOLUTE
    ..\Source\USB\src\usb_it.c               0x00000000   Number         0  usb_it.o ABSOLUTE
    ..\Source\USB\src\usb_prop.c             0x00000000   Number         0  usb_prop.o ABSOLUTE
    ..\Source\USB\src\usb_pwr.c              0x00000000   Number         0  usb_pwr.o ABSOLUTE
    ..\\Source\\APP\\Main.c                  0x00000000   Number         0  main.o ABSOLUTE
    ..\\Source\\Drive\\DIO.c                 0x00000000   Number         0  dio.o ABSOLUTE
    ..\\Source\\Drive\\IOI2C.c               0x00000000   Number         0  ioi2c.o ABSOLUTE
    ..\\Source\\Drive\\UART1.c               0x00000000   Number         0  uart1.o ABSOLUTE
    ..\\Source\\Drive\\UART2.c               0x00000000   Number         0  uart2.o ABSOLUTE
    ..\\Source\\Drive\\delay.c               0x00000000   Number         0  delay.o ABSOLUTE
    ..\\Source\\STM32F10xLib\\M3\\stm32f10x_it.c 0x00000000   Number         0  stm32f10x_it.o ABSOLUTE
    ..\\Source\\STM32F10xLib\\M3\\system_stm32f10x.c 0x00000000   Number         0  system_stm32f10x.o ABSOLUTE
    ..\\Source\\STM32F10xLib\\src\\misc.c    0x00000000   Number         0  misc.o ABSOLUTE
    ..\\Source\\STM32F10xLib\\src\\stm32f10x_adc.c 0x00000000   Number         0  stm32f10x_adc.o ABSOLUTE
    ..\\Source\\STM32F10xLib\\src\\stm32f10x_bkp.c 0x00000000   Number         0  stm32f10x_bkp.o ABSOLUTE
    ..\\Source\\STM32F10xLib\\src\\stm32f10x_can.c 0x00000000   Number         0  stm32f10x_can.o ABSOLUTE
    ..\\Source\\STM32F10xLib\\src\\stm32f10x_dac.c 0x00000000   Number         0  stm32f10x_dac.o ABSOLUTE
    ..\\Source\\STM32F10xLib\\src\\stm32f10x_dma.c 0x00000000   Number         0  stm32f10x_dma.o ABSOLUTE
    ..\\Source\\STM32F10xLib\\src\\stm32f10x_exti.c 0x00000000   Number         0  stm32f10x_exti.o ABSOLUTE
    ..\\Source\\STM32F10xLib\\src\\stm32f10x_flash.c 0x00000000   Number         0  stm32f10x_flash.o ABSOLUTE
    ..\\Source\\STM32F10xLib\\src\\stm32f10x_fsmc.c 0x00000000   Number         0  stm32f10x_fsmc.o ABSOLUTE
    ..\\Source\\STM32F10xLib\\src\\stm32f10x_gpio.c 0x00000000   Number         0  stm32f10x_gpio.o ABSOLUTE
    ..\\Source\\STM32F10xLib\\src\\stm32f10x_i2c.c 0x00000000   Number         0  stm32f10x_i2c.o ABSOLUTE
    ..\\Source\\STM32F10xLib\\src\\stm32f10x_iwdg.c 0x00000000   Number         0  stm32f10x_iwdg.o ABSOLUTE
    ..\\Source\\STM32F10xLib\\src\\stm32f10x_pwr.c 0x00000000   Number         0  stm32f10x_pwr.o ABSOLUTE
    ..\\Source\\STM32F10xLib\\src\\stm32f10x_rcc.c 0x00000000   Number         0  stm32f10x_rcc.o ABSOLUTE
    ..\\Source\\STM32F10xLib\\src\\stm32f10x_rtc.c 0x00000000   Number         0  stm32f10x_rtc.o ABSOLUTE
    ..\\Source\\STM32F10xLib\\src\\stm32f10x_spi.c 0x00000000   Number         0  stm32f10x_spi.o ABSOLUTE
    ..\\Source\\STM32F10xLib\\src\\stm32f10x_tim.c 0x00000000   Number         0  stm32f10x_tim.o ABSOLUTE
    ..\\Source\\STM32F10xLib\\src\\stm32f10x_usart.c 0x00000000   Number         0  stm32f10x_usart.o ABSOLUTE
    ..\\Source\\USB\\lib\\usb_core.c         0x00000000   Number         0  usb_core.o ABSOLUTE
    ..\\Source\\USB\\lib\\usb_init.c         0x00000000   Number         0  usb_init.o ABSOLUTE
    ..\\Source\\USB\\lib\\usb_int.c          0x00000000   Number         0  usb_int.o ABSOLUTE
    ..\\Source\\USB\\lib\\usb_mem.c          0x00000000   Number         0  usb_mem.o ABSOLUTE
    ..\\Source\\USB\\lib\\usb_regs.c         0x00000000   Number         0  usb_regs.o ABSOLUTE
    ..\\Source\\USB\\lib\\usb_sil.c          0x00000000   Number         0  usb_sil.o ABSOLUTE
    ..\\Source\\USB\\src\\hw_config.c        0x00000000   Number         0  hw_config.o ABSOLUTE
    ..\\Source\\USB\\src\\usb_desc.c         0x00000000   Number         0  usb_desc.o ABSOLUTE
    ..\\Source\\USB\\src\\usb_endp.c         0x00000000   Number         0  usb_endp.o ABSOLUTE
    ..\\Source\\USB\\src\\usb_istr.c         0x00000000   Number         0  usb_istr.o ABSOLUTE
    ..\\Source\\USB\\src\\usb_it.c           0x00000000   Number         0  usb_it.o ABSOLUTE
    ..\\Source\\USB\\src\\usb_prop.c         0x00000000   Number         0  usb_prop.o ABSOLUTE
    ..\\Source\\USB\\src\\usb_pwr.c          0x00000000   Number         0  usb_pwr.o ABSOLUTE
    dc.s                                     0x00000000   Number         0  dc.o ABSOLUTE
    handlers.s                               0x00000000   Number         0  handlers.o ABSOLUTE
    init.s                                   0x00000000   Number         0  init.o ABSOLUTE
    RESET                                    0x08000000   Section      304  startup_stm32f10x_hd.o(RESET)
    .ARM.Collect$$$$00000000                 0x08000130   Section        0  entry.o(.ARM.Collect$$$$00000000)
    .ARM.Collect$$$$00000001                 0x08000130   Section        4  entry2.o(.ARM.Collect$$$$00000001)
    .ARM.Collect$$$$00000004                 0x08000134   Section        4  entry5.o(.ARM.Collect$$$$00000004)
    .ARM.Collect$$$$00000008                 0x08000138   Section        0  entry7b.o(.ARM.Collect$$$$00000008)
    .ARM.Collect$$$$0000000A                 0x08000138   Section        0  entry8b.o(.ARM.Collect$$$$0000000A)
    .ARM.Collect$$$$0000000B                 0x08000138   Section        8  entry9a.o(.ARM.Collect$$$$0000000B)
    .ARM.Collect$$$$0000000D                 0x08000140   Section        0  entry10a.o(.ARM.Collect$$$$0000000D)
    .ARM.Collect$$$$0000000F                 0x08000140   Section        0  entry11a.o(.ARM.Collect$$$$0000000F)
    .ARM.Collect$$$$00002712                 0x08000140   Section        4  entry2.o(.ARM.Collect$$$$00002712)
    __lit__00000000                          0x08000140   Data           4  entry2.o(.ARM.Collect$$$$00002712)
    .text                                    0x08000144   Section       36  startup_stm32f10x_hd.o(.text)
    .text                                    0x08000168   Section       36  init.o(.text)
    .text                                    0x0800018c   Section        0  __dczerorl2.o(.text)
    i.BusFault_Handler                       0x080001e2   Section        0  stm32f10x_it.o(i.BusFault_Handler)
    i.ByteSwap                               0x080001e6   Section        0  usb_regs.o(i.ByteSwap)
    i.CTR_LP                                 0x080001f4   Section        0  usb_int.o(i.CTR_LP)
    i.ClearDTOG_RX                           0x0800047c   Section        0  usb_regs.o(i.ClearDTOG_RX)
    i.ClearDTOG_TX                           0x080004b0   Section        0  usb_regs.o(i.ClearDTOG_TX)
    i.Clear_Status_Out                       0x080004e4   Section        0  usb_regs.o(i.Clear_Status_Out)
    i.CopeSerial1Data                        0x0800050c   Section        0  uart1.o(i.CopeSerial1Data)
    i.CopeSerial2Data                        0x0800050e   Section        0  uart2.o(i.CopeSerial2Data)
    i.DataStageIn                            0x08000510   Section        0  usb_core.o(i.DataStageIn)
    DataStageIn                              0x08000511   Thumb Code   166  usb_core.o(i.DataStageIn)
    i.DataStageOut                           0x080005d0   Section        0  usb_core.o(i.DataStageOut)
    DataStageOut                             0x080005d1   Thumb Code   166  usb_core.o(i.DataStageOut)
    i.Data_Setup0                            0x0800068c   Section        0  usb_core.o(i.Data_Setup0)
    Data_Setup0                              0x0800068d   Thumb Code   628  usb_core.o(i.Data_Setup0)
    i.DebugMon_Handler                       0x08000924   Section        0  stm32f10x_it.o(i.DebugMon_Handler)
    i.EP1_IN_Callback                        0x08000928   Section        0  usb_endp.o(i.EP1_IN_Callback)
    i.EP3_OUT_Callback                       0x08000978   Section        0  usb_endp.o(i.EP3_OUT_Callback)
    i.EXTI_ClearITPendingBit                 0x08000998   Section        0  stm32f10x_exti.o(i.EXTI_ClearITPendingBit)
    i.GPIO_Init                              0x080009a4   Section        0  stm32f10x_gpio.o(i.GPIO_Init)
    i.GPIO_ResetBits                         0x08000aba   Section        0  stm32f10x_gpio.o(i.GPIO_ResetBits)
    i.GPIO_SetBits                           0x08000abe   Section        0  stm32f10x_gpio.o(i.GPIO_SetBits)
    i.GetEPRxAddr                            0x08000ac4   Section        0  usb_regs.o(i.GetEPRxAddr)
    i.GetEPRxCount                           0x08000ae4   Section        0  usb_regs.o(i.GetEPRxCount)
    i.GetEPTxAddr                            0x08000b08   Section        0  usb_regs.o(i.GetEPTxAddr)
    i.Get_SerialNum                          0x08000b28   Section        0  hw_config.o(i.Get_SerialNum)
    i.HardFault_Handler                      0x08000b5c   Section        0  stm32f10x_it.o(i.HardFault_Handler)
    i.In0_Process                            0x08000b60   Section        0  usb_core.o(i.In0_Process)
    i.Initial_UART1                          0x08000bd0   Section        0  uart1.o(i.Initial_UART1)
    i.IntToUnicode                           0x08000c88   Section        0  hw_config.o(i.IntToUnicode)
    IntToUnicode                             0x08000c89   Thumb Code    62  hw_config.o(i.IntToUnicode)
    i.Leave_LowPowerMode                     0x08000cc8   Section        0  hw_config.o(i.Leave_LowPowerMode)
    i.MemManage_Handler                      0x08000ce8   Section        0  stm32f10x_it.o(i.MemManage_Handler)
    i.NMI_Handler                            0x08000cec   Section        0  stm32f10x_it.o(i.NMI_Handler)
    i.NOP_Process                            0x08000cee   Section        0  usb_core.o(i.NOP_Process)
    i.NVIC_Init                              0x08000cf0   Section        0  misc.o(i.NVIC_Init)
    i.NVIC_PriorityGroupConfig               0x08000d60   Section        0  misc.o(i.NVIC_PriorityGroupConfig)
    i.NoData_Setup0                          0x08000d74   Section        0  usb_core.o(i.NoData_Setup0)
    NoData_Setup0                            0x08000d75   Thumb Code   290  usb_core.o(i.NoData_Setup0)
    i.Out0_Process                           0x08000eac   Section        0  usb_core.o(i.Out0_Process)
    i.PMAToUserBufferCopy                    0x08000efc   Section        0  usb_mem.o(i.PMAToUserBufferCopy)
    i.PendSV_Handler                         0x08000f24   Section        0  stm32f10x_it.o(i.PendSV_Handler)
    i.Post0_Process                          0x08000f28   Section        0  usb_core.o(i.Post0_Process)
    i.PowerOn                                0x08000f70   Section        0  usb_pwr.o(i.PowerOn)
    i.QUEUE_PacketIn                         0x08000fb0   Section        0  queue.o(i.QUEUE_PacketIn)
    i.QUEUE_PacketOut                        0x08000fec   Section        0  queue.o(i.QUEUE_PacketOut)
    i.RCC_APB2PeriphClockCmd                 0x08001028   Section        0  stm32f10x_rcc.o(i.RCC_APB2PeriphClockCmd)
    i.RCC_GetClocksFreq                      0x08001048   Section        0  stm32f10x_rcc.o(i.RCC_GetClocksFreq)
    i.Resume                                 0x0800111c   Section        0  usb_pwr.o(i.Resume)
    i.Resume_Init                            0x080011ec   Section        0  usb_pwr.o(i.Resume_Init)
    i.SOF_Callback                           0x08001210   Section        0  usb_endp.o(i.SOF_Callback)
    i.SVC_Handler                            0x08001274   Section        0  stm32f10x_it.o(i.SVC_Handler)
    i.SetBTABLE                              0x08001278   Section        0  usb_regs.o(i.SetBTABLE)
    i.SetDeviceAddress                       0x08001288   Section        0  usb_core.o(i.SetDeviceAddress)
    i.SetEPRxAddr                            0x080012d8   Section        0  usb_regs.o(i.SetEPRxAddr)
    i.SetEPRxCount                           0x080012fc   Section        0  usb_regs.o(i.SetEPRxCount)
    i.SetEPRxStatus                          0x08001348   Section        0  usb_regs.o(i.SetEPRxStatus)
    i.SetEPRxValid                           0x08001388   Section        0  usb_regs.o(i.SetEPRxValid)
    i.SetEPTxAddr                            0x080013bc   Section        0  usb_regs.o(i.SetEPTxAddr)
    i.SetEPTxCount                           0x080013dc   Section        0  usb_regs.o(i.SetEPTxCount)
    i.SetEPTxStatus                          0x080013f8   Section        0  usb_regs.o(i.SetEPTxStatus)
    i.SetEPTxValid                           0x08001438   Section        0  usb_regs.o(i.SetEPTxValid)
    i.SetEPType                              0x0800146c   Section        0  usb_regs.o(i.SetEPType)
    i.SetSysClock                            0x08001490   Section        0  system_stm32f10x.o(i.SetSysClock)
    SetSysClock                              0x08001491   Thumb Code     8  system_stm32f10x.o(i.SetSysClock)
    i.SetSysClockTo72                        0x08001498   Section        0  system_stm32f10x.o(i.SetSysClockTo72)
    SetSysClockTo72                          0x08001499   Thumb Code   214  system_stm32f10x.o(i.SetSysClockTo72)
    i.Setup0_Process                         0x08001578   Section        0  usb_core.o(i.Setup0_Process)
    i.Standard_ClearFeature                  0x08001630   Section        0  usb_core.o(i.Standard_ClearFeature)
    i.Standard_GetConfiguration              0x0800179c   Section        0  usb_core.o(i.Standard_GetConfiguration)
    i.Standard_GetDescriptorData             0x080017c8   Section        0  usb_core.o(i.Standard_GetDescriptorData)
    i.Standard_GetInterface                  0x080017ec   Section        0  usb_core.o(i.Standard_GetInterface)
    i.Standard_GetStatus                     0x08001818   Section        0  usb_core.o(i.Standard_GetStatus)
    i.Standard_SetConfiguration              0x08001918   Section        0  usb_core.o(i.Standard_SetConfiguration)
    i.Standard_SetDeviceFeature              0x08001960   Section        0  usb_core.o(i.Standard_SetDeviceFeature)
    i.Standard_SetEndPointFeature            0x08001988   Section        0  usb_core.o(i.Standard_SetEndPointFeature)
    i.Standard_SetInterface                  0x08001a58   Section        0  usb_core.o(i.Standard_SetInterface)
    i.Suspend                                0x08001ac4   Section        0  usb_pwr.o(i.Suspend)
    i.SysTick_Handler                        0x08001bc8   Section        0  delay.o(i.SysTick_Handler)
    i.SysTick_init                           0x08001be8   Section        0  delay.o(i.SysTick_init)
    i.SystemInit                             0x08001c64   Section        0  system_stm32f10x.o(i.SystemInit)
    i.UART1_Put_Char                         0x08001cc4   Section        0  uart1.o(i.UART1_Put_Char)
    i.UART1_Put_StringL                      0x08001cf4   Section        0  main.o(i.UART1_Put_StringL)
    i.UART_DM_ReportData                     0x08001d10   Section        0  main.o(i.UART_DM_ReportData)
    i.USART1_IRQHandler                      0x08001d20   Section        0  uart1.o(i.USART1_IRQHandler)
    i.USART2_IRQHandler                      0x08001da8   Section        0  uart2.o(i.USART2_IRQHandler)
    i.USART_ClearFlag                        0x08001e30   Section        0  stm32f10x_usart.o(i.USART_ClearFlag)
    i.USART_ClearITPendingBit                0x08001e42   Section        0  stm32f10x_usart.o(i.USART_ClearITPendingBit)
    i.USART_Cmd                              0x08001e60   Section        0  stm32f10x_usart.o(i.USART_Cmd)
    i.USART_GetITStatus                      0x08001e78   Section        0  stm32f10x_usart.o(i.USART_GetITStatus)
    i.USART_ITConfig                         0x08001ecc   Section        0  stm32f10x_usart.o(i.USART_ITConfig)
    i.USART_Init                             0x08001f18   Section        0  stm32f10x_usart.o(i.USART_Init)
    i.USART_SendData                         0x08001ff0   Section        0  stm32f10x_usart.o(i.USART_SendData)
    i.USBWakeUp_IRQHandler                   0x08001ff8   Section        0  usb_it.o(i.USBWakeUp_IRQHandler)
    i.USB_Cable_Config                       0x08002004   Section        0  hw_config.o(i.USB_Cable_Config)
    i.USB_Istr                               0x08002028   Section        0  usb_istr.o(i.USB_Istr)
    i.USB_LP_CAN1_RX0_IRQHandler             0x080021f8   Section        0  usb_it.o(i.USB_LP_CAN1_RX0_IRQHandler)
    i.USB_RxWrite                            0x08002200   Section        0  hw_config.o(i.USB_RxWrite)
    i.USB_SIL_Init                           0x08002218   Section        0  usb_sil.o(i.USB_SIL_Init)
    i.USB_SIL_Read                           0x0800223c   Section        0  usb_sil.o(i.USB_SIL_Read)
    i.USB_TxRead                             0x0800226c   Section        0  hw_config.o(i.USB_TxRead)
    i.UsageFault_Handler                     0x08002284   Section        0  stm32f10x_it.o(i.UsageFault_Handler)
    i.UserToPMABufferCopy                    0x08002288   Section        0  usb_mem.o(i.UserToPMABufferCopy)
    i.Virtual_Com_Port_Data_Setup            0x080022c0   Section        0  usb_prop.o(i.Virtual_Com_Port_Data_Setup)
    i.Virtual_Com_Port_GetConfigDescriptor   0x08002324   Section        0  usb_prop.o(i.Virtual_Com_Port_GetConfigDescriptor)
    i.Virtual_Com_Port_GetDeviceDescriptor   0x08002338   Section        0  usb_prop.o(i.Virtual_Com_Port_GetDeviceDescriptor)
    i.Virtual_Com_Port_GetLineCoding         0x0800234c   Section        0  usb_prop.o(i.Virtual_Com_Port_GetLineCoding)
    i.Virtual_Com_Port_GetStringDescriptor   0x08002368   Section        0  usb_prop.o(i.Virtual_Com_Port_GetStringDescriptor)
    i.Virtual_Com_Port_Get_Interface_Setting 0x08002390   Section        0  usb_prop.o(i.Virtual_Com_Port_Get_Interface_Setting)
    i.Virtual_Com_Port_NoData_Setup          0x080023a8   Section        0  usb_prop.o(i.Virtual_Com_Port_NoData_Setup)
    i.Virtual_Com_Port_Reset                 0x080023d0   Section        0  usb_prop.o(i.Virtual_Com_Port_Reset)
    i.Virtual_Com_Port_SetConfiguration      0x080024b8   Section        0  usb_prop.o(i.Virtual_Com_Port_SetConfiguration)
    i.Virtual_Com_Port_SetDeviceAddress      0x080024d0   Section        0  usb_prop.o(i.Virtual_Com_Port_SetDeviceAddress)
    i.Virtual_Com_Port_SetLineCoding         0x080024dc   Section        0  usb_prop.o(i.Virtual_Com_Port_SetLineCoding)
    i.Virtual_Com_Port_Status_In             0x080024f8   Section        0  usb_prop.o(i.Virtual_Com_Port_Status_In)
    i.Virtual_Com_Port_Status_Out            0x0800250c   Section        0  usb_prop.o(i.Virtual_Com_Port_Status_Out)
    i.Virtual_Com_Port_init                  0x08002510   Section        0  usb_prop.o(i.Virtual_Com_Port_init)
    i.__scatterload_copy                     0x08002538   Section       14  handlers.o(i.__scatterload_copy)
    i.__scatterload_null                     0x08002546   Section        2  handlers.o(i.__scatterload_null)
    i.__scatterload_zeroinit                 0x08002548   Section       14  handlers.o(i.__scatterload_zeroinit)
    i.delay_ms                               0x08002558   Section        0  delay.o(i.delay_ms)
    i.main                                   0x08002600   Section        0  main.o(i.main)
    .constdata                               0x08002654   Section      151  usb_desc.o(.constdata)
    .data                                    0x20000000   Section     2660  main.o(.data)
    .data                                    0x20000a64   Section        6  delay.o(.data)
    fac_us                                   0x20000a64   Data           1  delay.o(.data)
    fac_ms                                   0x20000a66   Data           2  delay.o(.data)
    .data                                    0x20000a6a   Section        2  uart1.o(.data)
    TxCounter                                0x20000a6a   Data           1  uart1.o(.data)
    count                                    0x20000a6b   Data           1  uart1.o(.data)
    .data                                    0x20000a6c   Section        2  uart2.o(.data)
    TxCounter                                0x20000a6c   Data           1  uart2.o(.data)
    count                                    0x20000a6d   Data           1  uart2.o(.data)
    .data                                    0x20000a6e   Section       20  stm32f10x_rcc.o(.data)
    APBAHBPrescTable                         0x20000a6e   Data          16  stm32f10x_rcc.o(.data)
    ADCPrescTable                            0x20000a7e   Data           4  stm32f10x_rcc.o(.data)
    .data                                    0x20000a82   Section       38  usb_desc.o(.data)
    .data                                    0x20000aa8   Section        8  usb_endp.o(.data)
    txFlg                                    0x20000aa8   Data           1  usb_endp.o(.data)
    FrameCount                               0x20000aac   Data           4  usb_endp.o(.data)
    .data                                    0x20000ab0   Section       68  usb_istr.o(.data)
    .data                                    0x20000af4   Section      148  usb_prop.o(.data)
    .data                                    0x20000b88   Section       12  usb_pwr.o(.data)
    .data                                    0x20000b94   Section        3  usb_core.o(.data)
    .data                                    0x20000b98   Section       20  usb_init.o(.data)
    .data                                    0x20000bac   Section        4  usb_int.o(.data)
    .bss                                     0x20000bb0   Section      256  uart1.o(.bss)
    TxBuffer                                 0x20000bb0   Data         256  uart1.o(.bss)
    .bss                                     0x20000cb0   Section      256  uart2.o(.bss)
    TxBuffer                                 0x20000cb0   Data         256  uart2.o(.bss)
    .bss                                     0x20000db0   Section     2608  hw_config.o(.bss)
    m_QueueUsbComRx                          0x20000dc0   Data          16  hw_config.o(.bss)
    m_QueueUsbComTx                          0x20000dd0   Data          16  hw_config.o(.bss)
    m_UsbComRxBuf                            0x20000de0   Data        1280  hw_config.o(.bss)
    m_UsbComTxBuf                            0x200012e0   Data        1280  hw_config.o(.bss)
    .bss                                     0x200017e0   Section      128  usb_endp.o(.bss)
    txBuffter                                0x200017e0   Data          64  usb_endp.o(.bss)
    buffter                                  0x20001820   Data          64  usb_endp.o(.bss)
    .bss                                     0x20001860   Section       32  usb_pwr.o(.bss)
    .bss                                     0x20001880   Section       28  usb_init.o(.bss)
    STACK                                    0x200018a0   Section     1024  startup_stm32f10x_hd.o(STACK)

    Global Symbols

    Symbol Name                              Value     Ov Type        Size  Object(Section)

    BuildAttributes$$THM_ISAv4$P$D$K$B$S$PE$A:L22UL41UL21$X:L11$S22US41US21$IEEE1$IW$USESV6$~STKCKD$USESV7$~SHL$OSPACE$EBA8$MICROLIB$REQ8$PRES8$EABIv2 0x00000000   Number         0  anon$$obj.o ABSOLUTE
    __ARM_use_no_argv                        0x00000000   Number         0  main.o ABSOLUTE
    __cpp_initialize__aeabi_                  - Undefined Weak Reference
    __cxa_finalize                            - Undefined Weak Reference
    _clock_init                               - Undefined Weak Reference
    _microlib_exit                            - Undefined Weak Reference
    __Vectors_Size                           0x00000130   Number         0  startup_stm32f10x_hd.o ABSOLUTE
    __Vectors                                0x08000000   Data           4  startup_stm32f10x_hd.o(RESET)
    __Vectors_End                            0x08000130   Data           0  startup_stm32f10x_hd.o(RESET)
    __main                                   0x08000131   Thumb Code     0  entry.o(.ARM.Collect$$$$00000000)
    _main_stk                                0x08000131   Thumb Code     0  entry2.o(.ARM.Collect$$$$00000001)
    _main_scatterload                        0x08000135   Thumb Code     0  entry5.o(.ARM.Collect$$$$00000004)
    __main_after_scatterload                 0x08000139   Thumb Code     0  entry5.o(.ARM.Collect$$$$00000004)
    _main_clock                              0x08000139   Thumb Code     0  entry7b.o(.ARM.Collect$$$$00000008)
    _main_cpp_init                           0x08000139   Thumb Code     0  entry8b.o(.ARM.Collect$$$$0000000A)
    _main_init                               0x08000139   Thumb Code     0  entry9a.o(.ARM.Collect$$$$0000000B)
    __rt_final_cpp                           0x08000141   Thumb Code     0  entry10a.o(.ARM.Collect$$$$0000000D)
    __rt_final_exit                          0x08000141   Thumb Code     0  entry11a.o(.ARM.Collect$$$$0000000F)
    Reset_Handler                            0x08000145   Thumb Code     8  startup_stm32f10x_hd.o(.text)
    ADC1_2_IRQHandler                        0x0800015f   Thumb Code     0  startup_stm32f10x_hd.o(.text)
    ADC3_IRQHandler                          0x0800015f   Thumb Code     0  startup_stm32f10x_hd.o(.text)
    CAN1_RX1_IRQHandler                      0x0800015f   Thumb Code     0  startup_stm32f10x_hd.o(.text)
    CAN1_SCE_IRQHandler                      0x0800015f   Thumb Code     0  startup_stm32f10x_hd.o(.text)
    DMA1_Channel1_IRQHandler                 0x0800015f   Thumb Code     0  startup_stm32f10x_hd.o(.text)
    DMA1_Channel2_IRQHandler                 0x0800015f   Thumb Code     0  startup_stm32f10x_hd.o(.text)
    DMA1_Channel3_IRQHandler                 0x0800015f   Thumb Code     0  startup_stm32f10x_hd.o(.text)
    DMA1_Channel4_IRQHandler                 0x0800015f   Thumb Code     0  startup_stm32f10x_hd.o(.text)
    DMA1_Channel5_IRQHandler                 0x0800015f   Thumb Code     0  startup_stm32f10x_hd.o(.text)
    DMA1_Channel6_IRQHandler                 0x0800015f   Thumb Code     0  startup_stm32f10x_hd.o(.text)
    DMA1_Channel7_IRQHandler                 0x0800015f   Thumb Code     0  startup_stm32f10x_hd.o(.text)
    DMA2_Channel1_IRQHandler                 0x0800015f   Thumb Code     0  startup_stm32f10x_hd.o(.text)
    DMA2_Channel2_IRQHandler                 0x0800015f   Thumb Code     0  startup_stm32f10x_hd.o(.text)
    DMA2_Channel3_IRQHandler                 0x0800015f   Thumb Code     0  startup_stm32f10x_hd.o(.text)
    DMA2_Channel4_5_IRQHandler               0x0800015f   Thumb Code     0  startup_stm32f10x_hd.o(.text)
    EXTI0_IRQHandler                         0x0800015f   Thumb Code     0  startup_stm32f10x_hd.o(.text)
    EXTI15_10_IRQHandler                     0x0800015f   Thumb Code     0  startup_stm32f10x_hd.o(.text)
    EXTI1_IRQHandler                         0x0800015f   Thumb Code     0  startup_stm32f10x_hd.o(.text)
    EXTI2_IRQHandler                         0x0800015f   Thumb Code     0  startup_stm32f10x_hd.o(.text)
    EXTI3_IRQHandler                         0x0800015f   Thumb Code     0  startup_stm32f10x_hd.o(.text)
    EXTI4_IRQHandler                         0x0800015f   Thumb Code     0  startup_stm32f10x_hd.o(.text)
    EXTI9_5_IRQHandler                       0x0800015f   Thumb Code     0  startup_stm32f10x_hd.o(.text)
    FLASH_IRQHandler                         0x0800015f   Thumb Code     0  startup_stm32f10x_hd.o(.text)
    FSMC_IRQHandler                          0x0800015f   Thumb Code     0  startup_stm32f10x_hd.o(.text)
    I2C1_ER_IRQHandler                       0x0800015f   Thumb Code     0  startup_stm32f10x_hd.o(.text)
    I2C1_EV_IRQHandler                       0x0800015f   Thumb Code     0  startup_stm32f10x_hd.o(.text)
    I2C2_ER_IRQHandler                       0x0800015f   Thumb Code     0  startup_stm32f10x_hd.o(.text)
    I2C2_EV_IRQHandler                       0x0800015f   Thumb Code     0  startup_stm32f10x_hd.o(.text)
    PVD_IRQHandler                           0x0800015f   Thumb Code     0  startup_stm32f10x_hd.o(.text)
    RCC_IRQHandler                           0x0800015f   Thumb Code     0  startup_stm32f10x_hd.o(.text)
    RTCAlarm_IRQHandler                      0x0800015f   Thumb Code     0  startup_stm32f10x_hd.o(.text)
    RTC_IRQHandler                           0x0800015f   Thumb Code     0  startup_stm32f10x_hd.o(.text)
    SDIO_IRQHandler                          0x0800015f   Thumb Code     0  startup_stm32f10x_hd.o(.text)
    SPI1_IRQHandler                          0x0800015f   Thumb Code     0  startup_stm32f10x_hd.o(.text)
    SPI2_IRQHandler                          0x0800015f   Thumb Code     0  startup_stm32f10x_hd.o(.text)
    SPI3_IRQHandler                          0x0800015f   Thumb Code     0  startup_stm32f10x_hd.o(.text)
    TAMPER_IRQHandler                        0x0800015f   Thumb Code     0  startup_stm32f10x_hd.o(.text)
    TIM1_BRK_IRQHandler                      0x0800015f   Thumb Code     0  startup_stm32f10x_hd.o(.text)
    TIM1_CC_IRQHandler                       0x0800015f   Thumb Code     0  startup_stm32f10x_hd.o(.text)
    TIM1_TRG_COM_IRQHandler                  0x0800015f   Thumb Code     0  startup_stm32f10x_hd.o(.text)
    TIM1_UP_IRQHandler                       0x0800015f   Thumb Code     0  startup_stm32f10x_hd.o(.text)
    TIM2_IRQHandler                          0x0800015f   Thumb Code     0  startup_stm32f10x_hd.o(.text)
    TIM3_IRQHandler                          0x0800015f   Thumb Code     0  startup_stm32f10x_hd.o(.text)
    TIM4_IRQHandler                          0x0800015f   Thumb Code     0  startup_stm32f10x_hd.o(.text)
    TIM5_IRQHandler                          0x0800015f   Thumb Code     0  startup_stm32f10x_hd.o(.text)
    TIM6_IRQHandler                          0x0800015f   Thumb Code     0  startup_stm32f10x_hd.o(.text)
    TIM7_IRQHandler                          0x0800015f   Thumb Code     0  startup_stm32f10x_hd.o(.text)
    TIM8_BRK_IRQHandler                      0x0800015f   Thumb Code     0  startup_stm32f10x_hd.o(.text)
    TIM8_CC_IRQHandler                       0x0800015f   Thumb Code     0  startup_stm32f10x_hd.o(.text)
    TIM8_TRG_COM_IRQHandler                  0x0800015f   Thumb Code     0  startup_stm32f10x_hd.o(.text)
    TIM8_UP_IRQHandler                       0x0800015f   Thumb Code     0  startup_stm32f10x_hd.o(.text)
    UART4_IRQHandler                         0x0800015f   Thumb Code     0  startup_stm32f10x_hd.o(.text)
    UART5_IRQHandler                         0x0800015f   Thumb Code     0  startup_stm32f10x_hd.o(.text)
    USART3_IRQHandler                        0x0800015f   Thumb Code     0  startup_stm32f10x_hd.o(.text)
    USB_HP_CAN1_TX_IRQHandler                0x0800015f   Thumb Code     0  startup_stm32f10x_hd.o(.text)
    WWDG_IRQHandler                          0x0800015f   Thumb Code     0  startup_stm32f10x_hd.o(.text)
    __scatterload                            0x08000169   Thumb Code    28  init.o(.text)
    __scatterload_rt2                        0x08000169   Thumb Code     0  init.o(.text)
    __decompress                             0x0800018d   Thumb Code     0  __dczerorl2.o(.text)
    __decompress1                            0x0800018d   Thumb Code    86  __dczerorl2.o(.text)
    BusFault_Handler                         0x080001e3   Thumb Code     4  stm32f10x_it.o(i.BusFault_Handler)
    ByteSwap                                 0x080001e7   Thumb Code    12  usb_regs.o(i.ByteSwap)
    CTR_LP                                   0x080001f5   Thumb Code   616  usb_int.o(i.CTR_LP)
    ClearDTOG_RX                             0x0800047d   Thumb Code    48  usb_regs.o(i.ClearDTOG_RX)
    ClearDTOG_TX                             0x080004b1   Thumb Code    48  usb_regs.o(i.ClearDTOG_TX)
    Clear_Status_Out                         0x080004e5   Thumb Code    34  usb_regs.o(i.Clear_Status_Out)
    CopeSerial1Data                          0x0800050d   Thumb Code     2  uart1.o(i.CopeSerial1Data)
    CopeSerial2Data                          0x0800050f   Thumb Code     2  uart2.o(i.CopeSerial2Data)
    DebugMon_Handler                         0x08000925   Thumb Code     2  stm32f10x_it.o(i.DebugMon_Handler)
    EP1_IN_Callback                          0x08000929   Thumb Code    66  usb_endp.o(i.EP1_IN_Callback)
    EP3_OUT_Callback                         0x08000979   Thumb Code    28  usb_endp.o(i.EP3_OUT_Callback)
    EXTI_ClearITPendingBit                   0x08000999   Thumb Code     6  stm32f10x_exti.o(i.EXTI_ClearITPendingBit)
    GPIO_Init                                0x080009a5   Thumb Code   278  stm32f10x_gpio.o(i.GPIO_Init)
    GPIO_ResetBits                           0x08000abb   Thumb Code     4  stm32f10x_gpio.o(i.GPIO_ResetBits)
    GPIO_SetBits                             0x08000abf   Thumb Code     4  stm32f10x_gpio.o(i.GPIO_SetBits)
    GetEPRxAddr                              0x08000ac5   Thumb Code    24  usb_regs.o(i.GetEPRxAddr)
    GetEPRxCount                             0x08000ae5   Thumb Code    26  usb_regs.o(i.GetEPRxCount)
    GetEPTxAddr                              0x08000b09   Thumb Code    22  usb_regs.o(i.GetEPTxAddr)
    Get_SerialNum                            0x08000b29   Thumb Code    42  hw_config.o(i.Get_SerialNum)
    HardFault_Handler                        0x08000b5d   Thumb Code     4  stm32f10x_it.o(i.HardFault_Handler)
    In0_Process                              0x08000b61   Thumb Code    98  usb_core.o(i.In0_Process)
    Initial_UART1                            0x08000bd1   Thumb Code   174  uart1.o(i.Initial_UART1)
    Leave_LowPowerMode                       0x08000cc9   Thumb Code    22  hw_config.o(i.Leave_LowPowerMode)
    MemManage_Handler                        0x08000ce9   Thumb Code     4  stm32f10x_it.o(i.MemManage_Handler)
    NMI_Handler                              0x08000ced   Thumb Code     2  stm32f10x_it.o(i.NMI_Handler)
    NOP_Process                              0x08000cef   Thumb Code     2  usb_core.o(i.NOP_Process)
    NVIC_Init                                0x08000cf1   Thumb Code   100  misc.o(i.NVIC_Init)
    NVIC_PriorityGroupConfig                 0x08000d61   Thumb Code    10  misc.o(i.NVIC_PriorityGroupConfig)
    Out0_Process                             0x08000ead   Thumb Code    70  usb_core.o(i.Out0_Process)
    PMAToUserBufferCopy                      0x08000efd   Thumb Code    34  usb_mem.o(i.PMAToUserBufferCopy)
    PendSV_Handler                           0x08000f25   Thumb Code     2  stm32f10x_it.o(i.PendSV_Handler)
    Post0_Process                            0x08000f29   Thumb Code    54  usb_core.o(i.Post0_Process)
    PowerOn                                  0x08000f71   Thumb Code    54  usb_pwr.o(i.PowerOn)
    QUEUE_PacketIn                           0x08000fb1   Thumb Code    60  queue.o(i.QUEUE_PacketIn)
    QUEUE_PacketOut                          0x08000fed   Thumb Code    58  queue.o(i.QUEUE_PacketOut)
    RCC_APB2PeriphClockCmd                   0x08001029   Thumb Code    26  stm32f10x_rcc.o(i.RCC_APB2PeriphClockCmd)
    RCC_GetClocksFreq                        0x08001049   Thumb Code   192  stm32f10x_rcc.o(i.RCC_GetClocksFreq)
    Resume                                   0x0800111d   Thumb Code   194  usb_pwr.o(i.Resume)
    Resume_Init                              0x080011ed   Thumb Code    30  usb_pwr.o(i.Resume_Init)
    SOF_Callback                             0x08001211   Thumb Code    84  usb_endp.o(i.SOF_Callback)
    SVC_Handler                              0x08001275   Thumb Code     2  stm32f10x_it.o(i.SVC_Handler)
    SetBTABLE                                0x08001279   Thumb Code    12  usb_regs.o(i.SetBTABLE)
    SetDeviceAddress                         0x08001289   Thumb Code    68  usb_core.o(i.SetDeviceAddress)
    SetEPRxAddr                              0x080012d9   Thumb Code    26  usb_regs.o(i.SetEPRxAddr)
    SetEPRxCount                             0x080012fd   Thumb Code    68  usb_regs.o(i.SetEPRxCount)
    SetEPRxStatus                            0x08001349   Thumb Code    60  usb_regs.o(i.SetEPRxStatus)
    SetEPRxValid                             0x08001389   Thumb Code    48  usb_regs.o(i.SetEPRxValid)
    SetEPTxAddr                              0x080013bd   Thumb Code    24  usb_regs.o(i.SetEPTxAddr)
    SetEPTxCount                             0x080013dd   Thumb Code    20  usb_regs.o(i.SetEPTxCount)
    SetEPTxStatus                            0x080013f9   Thumb Code    60  usb_regs.o(i.SetEPTxStatus)
    SetEPTxValid                             0x08001439   Thumb Code    48  usb_regs.o(i.SetEPTxValid)
    SetEPType                                0x0800146d   Thumb Code    32  usb_regs.o(i.SetEPType)
    Setup0_Process                           0x08001579   Thumb Code   170  usb_core.o(i.Setup0_Process)
    Standard_ClearFeature                    0x08001631   Thumb Code   342  usb_core.o(i.Standard_ClearFeature)
    Standard_GetConfiguration                0x0800179d   Thumb Code    34  usb_core.o(i.Standard_GetConfiguration)
    Standard_GetDescriptorData               0x080017c9   Thumb Code    32  usb_core.o(i.Standard_GetDescriptorData)
    Standard_GetInterface                    0x080017ed   Thumb Code    34  usb_core.o(i.Standard_GetInterface)
    Standard_GetStatus                       0x08001819   Thumb Code   238  usb_core.o(i.Standard_GetStatus)
    Standard_SetConfiguration                0x08001919   Thumb Code    60  usb_core.o(i.Standard_SetConfiguration)
    Standard_SetDeviceFeature                0x08001961   Thumb Code    30  usb_core.o(i.Standard_SetDeviceFeature)
    Standard_SetEndPointFeature              0x08001989   Thumb Code   192  usb_core.o(i.Standard_SetEndPointFeature)
    Standard_SetInterface                    0x08001a59   Thumb Code    96  usb_core.o(i.Standard_SetInterface)
    Suspend                                  0x08001ac5   Thumb Code   238  usb_pwr.o(i.Suspend)
    SysTick_Handler                          0x08001bc9   Thumb Code    24  delay.o(i.SysTick_Handler)
    SysTick_init                             0x08001be9   Thumb Code   114  delay.o(i.SysTick_init)
    SystemInit                               0x08001c65   Thumb Code    78  system_stm32f10x.o(i.SystemInit)
    UART1_Put_Char                           0x08001cc5   Thumb Code    34  uart1.o(i.UART1_Put_Char)
    UART1_Put_StringL                        0x08001cf5   Thumb Code    28  main.o(i.UART1_Put_StringL)
    UART_DM_ReportData                       0x08001d11   Thumb Code    14  main.o(i.UART_DM_ReportData)
    USART1_IRQHandler                        0x08001d21   Thumb Code   118  uart1.o(i.USART1_IRQHandler)
    USART2_IRQHandler                        0x08001da9   Thumb Code   118  uart2.o(i.USART2_IRQHandler)
    USART_ClearFlag                          0x08001e31   Thumb Code    18  stm32f10x_usart.o(i.USART_ClearFlag)
    USART_ClearITPendingBit                  0x08001e43   Thumb Code    30  stm32f10x_usart.o(i.USART_ClearITPendingBit)
    USART_Cmd                                0x08001e61   Thumb Code    24  stm32f10x_usart.o(i.USART_Cmd)
    USART_GetITStatus                        0x08001e79   Thumb Code    84  stm32f10x_usart.o(i.USART_GetITStatus)
    USART_ITConfig                           0x08001ecd   Thumb Code    74  stm32f10x_usart.o(i.USART_ITConfig)
    USART_Init                               0x08001f19   Thumb Code   210  stm32f10x_usart.o(i.USART_Init)
    USART_SendData                           0x08001ff1   Thumb Code     8  stm32f10x_usart.o(i.USART_SendData)
    USBWakeUp_IRQHandler                     0x08001ff9   Thumb Code    12  usb_it.o(i.USBWakeUp_IRQHandler)
    USB_Cable_Config                         0x08002005   Thumb Code    30  hw_config.o(i.USB_Cable_Config)
    USB_Istr                                 0x08002029   Thumb Code   426  usb_istr.o(i.USB_Istr)
    USB_LP_CAN1_RX0_IRQHandler               0x080021f9   Thumb Code     8  usb_it.o(i.USB_LP_CAN1_RX0_IRQHandler)
    USB_RxWrite                              0x08002201   Thumb Code    18  hw_config.o(i.USB_RxWrite)
    USB_SIL_Init                             0x08002219   Thumb Code    28  usb_sil.o(i.USB_SIL_Init)
    USB_SIL_Read                             0x0800223d   Thumb Code    46  usb_sil.o(i.USB_SIL_Read)
    USB_TxRead                               0x0800226d   Thumb Code    18  hw_config.o(i.USB_TxRead)
    UsageFault_Handler                       0x08002285   Thumb Code     4  stm32f10x_it.o(i.UsageFault_Handler)
    UserToPMABufferCopy                      0x08002289   Thumb Code    52  usb_mem.o(i.UserToPMABufferCopy)
    Virtual_Com_Port_Data_Setup              0x080022c1   Thumb Code    82  usb_prop.o(i.Virtual_Com_Port_Data_Setup)
    Virtual_Com_Port_GetConfigDescriptor     0x08002325   Thumb Code    14  usb_prop.o(i.Virtual_Com_Port_GetConfigDescriptor)
    Virtual_Com_Port_GetDeviceDescriptor     0x08002339   Thumb Code    14  usb_prop.o(i.Virtual_Com_Port_GetDeviceDescriptor)
    Virtual_Com_Port_GetLineCoding           0x0800234d   Thumb Code    20  usb_prop.o(i.Virtual_Com_Port_GetLineCoding)
    Virtual_Com_Port_GetStringDescriptor     0x08002369   Thumb Code    32  usb_prop.o(i.Virtual_Com_Port_GetStringDescriptor)
    Virtual_Com_Port_Get_Interface_Setting   0x08002391   Thumb Code    22  usb_prop.o(i.Virtual_Com_Port_Get_Interface_Setting)
    Virtual_Com_Port_NoData_Setup            0x080023a9   Thumb Code    36  usb_prop.o(i.Virtual_Com_Port_NoData_Setup)
    Virtual_Com_Port_Reset                   0x080023d1   Thumb Code   216  usb_prop.o(i.Virtual_Com_Port_Reset)
    Virtual_Com_Port_SetConfiguration        0x080024b9   Thumb Code    14  usb_prop.o(i.Virtual_Com_Port_SetConfiguration)
    Virtual_Com_Port_SetDeviceAddress        0x080024d1   Thumb Code     8  usb_prop.o(i.Virtual_Com_Port_SetDeviceAddress)
    Virtual_Com_Port_SetLineCoding           0x080024dd   Thumb Code    20  usb_prop.o(i.Virtual_Com_Port_SetLineCoding)
    Virtual_Com_Port_Status_In               0x080024f9   Thumb Code    16  usb_prop.o(i.Virtual_Com_Port_Status_In)
    Virtual_Com_Port_Status_Out              0x0800250d   Thumb Code     2  usb_prop.o(i.Virtual_Com_Port_Status_Out)
    Virtual_Com_Port_init                    0x08002511   Thumb Code    30  usb_prop.o(i.Virtual_Com_Port_init)
    __scatterload_copy                       0x08002539   Thumb Code    14  handlers.o(i.__scatterload_copy)
    __scatterload_null                       0x08002547   Thumb Code     2  handlers.o(i.__scatterload_null)
    __scatterload_zeroinit                   0x08002549   Thumb Code    14  handlers.o(i.__scatterload_zeroinit)
    delay_ms                                 0x08002559   Thumb Code   158  delay.o(i.delay_ms)
    main                                     0x08002601   Thumb Code    70  main.o(i.main)
    Virtual_Com_Port_DeviceDescriptor        0x08002654   Data          18  usb_desc.o(.constdata)
    Virtual_Com_Port_ConfigDescriptor        0x08002666   Data          67  usb_desc.o(.constdata)
    Virtual_Com_Port_StringLangID            0x080026a9   Data           4  usb_desc.o(.constdata)
    Virtual_Com_Port_StringVendor            0x080026ad   Data          24  usb_desc.o(.constdata)
    Virtual_Com_Port_StringProduct           0x080026c5   Data          38  usb_desc.o(.constdata)
    Region$$Table$$Base                      0x080026ec   Number         0  anon$$obj.o(Region$$Table)
    Region$$Table$$Limit                     0x0800270c   Number         0  anon$$obj.o(Region$$Table)
    DM0_Speed1_Position_90                   0x20000000   Data          15  main.o(.data)
    DM0_Speed2_Position_90                   0x2000000f   Data          15  main.o(.data)
    DM0_Speed3_Position_90                   0x2000001e   Data          15  main.o(.data)
    DM0_Speed4_Position_90                   0x2000002d   Data          15  main.o(.data)
    DM0_Speed5_Position_90                   0x2000003c   Data          15  main.o(.data)
    DM0_Speed6_Position_90                   0x2000004b   Data          15  main.o(.data)
    DM0_Speed7_Position_90                   0x2000005a   Data          15  main.o(.data)
    DM0_Speed8_Position_90                   0x20000069   Data          15  main.o(.data)
    DM0_Speed9_Position_90                   0x20000078   Data          15  main.o(.data)
    DM0_Speed10_Position_90                  0x20000087   Data          15  main.o(.data)
    DM0_Speed11_Position_90                  0x20000096   Data          15  main.o(.data)
    DM0_Speed12_Position_90                  0x200000a5   Data          15  main.o(.data)
    DM0_Speed13_Position_90                  0x200000b4   Data          15  main.o(.data)
    DM0_Speed14_Position_90                  0x200000c3   Data          15  main.o(.data)
    DM0_Speed15_Position_90                  0x200000d2   Data          15  main.o(.data)
    DM0_Speed16_Position_90                  0x200000e1   Data          15  main.o(.data)
    DM0_Speed17_Position_90                  0x200000f0   Data          15  main.o(.data)
    DM0_Speed18_Position_90                  0x200000ff   Data          15  main.o(.data)
    DM0_Speed19_Position_90                  0x2000010e   Data          15  main.o(.data)
    DM0_Speed20_Position_90                  0x2000011d   Data          15  main.o(.data)
    DM0_Speed1_Position_0                    0x2000012c   Data          15  main.o(.data)
    DM0_Speed2_Position_0                    0x2000013b   Data          15  main.o(.data)
    DM0_Speed3_Position_0                    0x2000014a   Data          15  main.o(.data)
    DM0_Speed4_Position_0                    0x20000159   Data          15  main.o(.data)
    DM0_Speed5_Position_0                    0x20000168   Data          15  main.o(.data)
    DM0_Speed6_Position_0                    0x20000177   Data          15  main.o(.data)
    DM0_Speed7_Position_0                    0x20000186   Data          15  main.o(.data)
    DM0_Speed8_Position_0                    0x20000195   Data          15  main.o(.data)
    DM0_Speed9_Position_0                    0x200001a4   Data          15  main.o(.data)
    DM0_Speed10_Position_0                   0x200001b3   Data          15  main.o(.data)
    DM0_Speed11_Position_0                   0x200001c2   Data          15  main.o(.data)
    DM0_Speed12_Position_0                   0x200001d1   Data          15  main.o(.data)
    DM0_Speed13_Position_0                   0x200001e0   Data          15  main.o(.data)
    DM0_Speed14_Position_0                   0x200001ef   Data          15  main.o(.data)
    DM0_Speed15_Position_0                   0x200001fe   Data          15  main.o(.data)
    DM0_Speed16_Position_0                   0x2000020d   Data          15  main.o(.data)
    DM0_Speed17_Position_0                   0x2000021c   Data          15  main.o(.data)
    DM0_Speed18_Position_0                   0x2000022b   Data          15  main.o(.data)
    DM0_Speed19_Position_0                   0x2000023a   Data          15  main.o(.data)
    DM0_Speed20_Position_0                   0x20000249   Data          15  main.o(.data)
    DM1_Speed1_Position_90                   0x20000258   Data          15  main.o(.data)
    DM1_Speed2_Position_90                   0x20000267   Data          15  main.o(.data)
    DM1_Speed3_Position_90                   0x20000276   Data          15  main.o(.data)
    DM1_Speed4_Position_90                   0x20000285   Data          15  main.o(.data)
    DM1_Speed5_Position_90                   0x20000294   Data          15  main.o(.data)
    DM1_Speed6_Position_90                   0x200002a3   Data          15  main.o(.data)
    DM1_Speed7_Position_90                   0x200002b2   Data          15  main.o(.data)
    DM1_Speed8_Position_90                   0x200002c1   Data          15  main.o(.data)
    DM1_Speed9_Position_90                   0x200002d0   Data          15  main.o(.data)
    DM1_Speed10_Position_90                  0x200002df   Data          15  main.o(.data)
    DM1_Speed11_Position_90                  0x200002ee   Data          15  main.o(.data)
    DM1_Speed12_Position_90                  0x200002fd   Data          15  main.o(.data)
    DM1_Speed13_Position_90                  0x2000030c   Data          15  main.o(.data)
    DM1_Speed14_Position_90                  0x2000031b   Data          15  main.o(.data)
    DM1_Speed15_Position_90                  0x2000032a   Data          15  main.o(.data)
    DM1_Speed16_Position_90                  0x20000339   Data          15  main.o(.data)
    DM1_Speed17_Position_90                  0x20000348   Data          15  main.o(.data)
    DM1_Speed18_Position_90                  0x20000357   Data          15  main.o(.data)
    DM1_Speed19_Position_90                  0x20000366   Data          15  main.o(.data)
    DM1_Speed20_Position_90                  0x20000375   Data          15  main.o(.data)
    DM1_Speed1_Position_0                    0x20000384   Data          15  main.o(.data)
    DM1_Speed2_Position_0                    0x20000393   Data          15  main.o(.data)
    DM1_Speed3_Position_0                    0x200003a2   Data          15  main.o(.data)
    DM1_Speed4_Position_0                    0x200003b1   Data          15  main.o(.data)
    DM1_Speed5_Position_0                    0x200003c0   Data          15  main.o(.data)
    DM1_Speed6_Position_0                    0x200003cf   Data          15  main.o(.data)
    DM1_Speed7_Position_0                    0x200003de   Data          15  main.o(.data)
    DM1_Speed8_Position_0                    0x200003ed   Data          15  main.o(.data)
    DM1_Speed9_Position_0                    0x200003fc   Data          15  main.o(.data)
    DM1_Speed10_Position_0                   0x2000040b   Data          15  main.o(.data)
    DM1_Speed11_Position_0                   0x2000041a   Data          15  main.o(.data)
    DM1_Speed12_Position_0                   0x20000429   Data          15  main.o(.data)
    DM1_Speed13_Position_0                   0x20000438   Data          15  main.o(.data)
    DM1_Speed14_Position_0                   0x20000447   Data          15  main.o(.data)
    DM1_Speed15_Position_0                   0x20000456   Data          15  main.o(.data)
    DM1_Speed16_Position_0                   0x20000465   Data          15  main.o(.data)
    DM1_Speed17_Position_0                   0x20000474   Data          15  main.o(.data)
    DM1_Speed18_Position_0                   0x20000483   Data          15  main.o(.data)
    DM1_Speed19_Position_0                   0x20000492   Data          15  main.o(.data)
    DM1_Speed20_Position_0                   0x200004a1   Data          15  main.o(.data)
    DM2_Speed1_Position_90                   0x200004b0   Data          15  main.o(.data)
    DM2_Speed2_Position_90                   0x200004bf   Data          15  main.o(.data)
    DM2_Speed3_Position_90                   0x200004ce   Data          15  main.o(.data)
    DM2_Speed4_Position_90                   0x200004dd   Data          15  main.o(.data)
    DM2_Speed5_Position_90                   0x200004ec   Data          15  main.o(.data)
    DM2_Speed6_Position_90                   0x200004fb   Data          15  main.o(.data)
    DM2_Speed7_Position_90                   0x2000050a   Data          15  main.o(.data)
    DM2_Speed8_Position_90                   0x20000519   Data          15  main.o(.data)
    DM2_Speed9_Position_90                   0x20000528   Data          15  main.o(.data)
    DM2_Speed10_Position_90                  0x20000537   Data          15  main.o(.data)
    DM2_Speed11_Position_90                  0x20000546   Data          15  main.o(.data)
    DM2_Speed12_Position_90                  0x20000555   Data          15  main.o(.data)
    DM2_Speed13_Position_90                  0x20000564   Data          15  main.o(.data)
    DM2_Speed14_Position_90                  0x20000573   Data          15  main.o(.data)
    DM2_Speed15_Position_90                  0x20000582   Data          15  main.o(.data)
    DM2_Speed16_Position_90                  0x20000591   Data          15  main.o(.data)
    DM2_Speed17_Position_90                  0x200005a0   Data          15  main.o(.data)
    DM2_Speed18_Position_90                  0x200005af   Data          15  main.o(.data)
    DM2_Speed19_Position_90                  0x200005be   Data          15  main.o(.data)
    DM2_Speed20_Position_90                  0x200005cd   Data          15  main.o(.data)
    DM2_Speed1_Position_0                    0x200005dc   Data          15  main.o(.data)
    DM2_Speed2_Position_0                    0x200005eb   Data          15  main.o(.data)
    DM2_Speed3_Position_0                    0x200005fa   Data          15  main.o(.data)
    DM2_Speed4_Position_0                    0x20000609   Data          15  main.o(.data)
    DM2_Speed5_Position_0                    0x20000618   Data          15  main.o(.data)
    DM2_Speed6_Position_0                    0x20000627   Data          15  main.o(.data)
    DM2_Speed7_Position_0                    0x20000636   Data          15  main.o(.data)
    DM2_Speed8_Position_0                    0x20000645   Data          15  main.o(.data)
    DM2_Speed9_Position_0                    0x20000654   Data          15  main.o(.data)
    DM2_Speed10_Position_0                   0x20000663   Data          15  main.o(.data)
    DM2_Speed11_Position_0                   0x20000672   Data          15  main.o(.data)
    DM2_Speed12_Position_0                   0x20000681   Data          15  main.o(.data)
    DM2_Speed13_Position_0                   0x20000690   Data          15  main.o(.data)
    DM2_Speed14_Position_0                   0x2000069f   Data          15  main.o(.data)
    DM2_Speed15_Position_0                   0x200006ae   Data          15  main.o(.data)
    DM2_Speed16_Position_0                   0x200006bd   Data          15  main.o(.data)
    DM2_Speed17_Position_0                   0x200006cc   Data          15  main.o(.data)
    DM2_Speed18_Position_0                   0x200006db   Data          15  main.o(.data)
    DM2_Speed19_Position_0                   0x200006ea   Data          15  main.o(.data)
    DM2_Speed20_Position_0                   0x200006f9   Data          15  main.o(.data)
    DM3_Speed10_Position_90                  0x20000708   Data          15  main.o(.data)
    DM3_Speed20_Position_90                  0x20000717   Data          15  main.o(.data)
    DM3_Speed10_Position_0                   0x20000726   Data          15  main.o(.data)
    DM3_Speed20_Position_0                   0x20000735   Data          15  main.o(.data)
    DM4_Speed10_Position_90                  0x20000744   Data          15  main.o(.data)
    DM4_Speed20_Position_90                  0x20000753   Data          15  main.o(.data)
    DM4_Speed10_Position_0                   0x20000762   Data          15  main.o(.data)
    DM4_Speed20_Position_0                   0x20000771   Data          15  main.o(.data)
    DM5_Speed10_Position_90                  0x20000780   Data          15  main.o(.data)
    DM5_Speed20_Position_90                  0x2000078f   Data          15  main.o(.data)
    DM5_Speed10_Position_0                   0x2000079e   Data          15  main.o(.data)
    DM5_Speed20_Position_0                   0x200007ad   Data          15  main.o(.data)
    DM6_Speed10_Position_90                  0x200007bc   Data          15  main.o(.data)
    DM6_Speed20_Position_90                  0x200007cb   Data          15  main.o(.data)
    DM6_Speed10_Position_0                   0x200007da   Data          15  main.o(.data)
    DM6_Speed20_Position_0                   0x200007e9   Data          15  main.o(.data)
    DM7_Speed10_Position_90                  0x200007f8   Data          15  main.o(.data)
    DM7_Speed20_Position_90                  0x20000807   Data          15  main.o(.data)
    DM7_Speed10_Position_0                   0x20000816   Data          15  main.o(.data)
    DM7_Speed20_Position_0                   0x20000825   Data          15  main.o(.data)
    DM8_Speed10_Position_90                  0x20000834   Data          15  main.o(.data)
    DM8_Speed20_Position_90                  0x20000843   Data          15  main.o(.data)
    DM8_Speed10_Position_0                   0x20000852   Data          15  main.o(.data)
    DM8_Speed20_Position_0                   0x20000861   Data          15  main.o(.data)
    DM9_Speed10_Position_90                  0x20000870   Data          15  main.o(.data)
    DM9_Speed20_Position_90                  0x2000087f   Data          15  main.o(.data)
    DM9_Speed10_Position_0                   0x2000088e   Data          15  main.o(.data)
    DM9_Speed20_Position_0                   0x2000089d   Data          15  main.o(.data)
    DM10_Speed10_Position_90                 0x200008ac   Data          15  main.o(.data)
    DM10_Speed20_Position_90                 0x200008bb   Data          15  main.o(.data)
    DM10_Speed10_Position_0                  0x200008ca   Data          15  main.o(.data)
    DM10_Speed20_Position_0                  0x200008d9   Data          15  main.o(.data)
    DM11_Speed10_Position_90                 0x200008e8   Data          15  main.o(.data)
    DM11_Speed20_Position_90                 0x200008f7   Data          15  main.o(.data)
    DM11_Speed10_Position_0                  0x20000906   Data          15  main.o(.data)
    DM11_Speed20_Position_0                  0x20000915   Data          15  main.o(.data)
    DM12_Speed10_Position_90                 0x20000924   Data          15  main.o(.data)
    DM12_Speed20_Position_90                 0x20000933   Data          15  main.o(.data)
    DM12_Speed10_Position_0                  0x20000942   Data          15  main.o(.data)
    DM12_Speed20_Position_0                  0x20000951   Data          15  main.o(.data)
    DM13_Speed10_Position_90                 0x20000960   Data          15  main.o(.data)
    DM13_Speed20_Position_90                 0x2000096f   Data          15  main.o(.data)
    DM13_Speed10_Position_0                  0x2000097e   Data          15  main.o(.data)
    DM13_Speed20_Position_0                  0x2000098d   Data          15  main.o(.data)
    DM14_Speed10_Position_90                 0x2000099c   Data          15  main.o(.data)
    DM14_Speed20_Position_90                 0x200009ab   Data          15  main.o(.data)
    DM14_Speed10_Position_0                  0x200009ba   Data          15  main.o(.data)
    DM14_Speed20_Position_0                  0x200009c9   Data          15  main.o(.data)
    DM15_Speed10_Position_90                 0x200009d8   Data          15  main.o(.data)
    DM15_Speed20_Position_90                 0x200009e7   Data          15  main.o(.data)
    DM15_Speed10_Position_0                  0x200009f6   Data          15  main.o(.data)
    DM15_Speed20_Position_0                  0x20000a05   Data          15  main.o(.data)
    DM_Action0                               0x20000a14   Data           5  main.o(.data)
    DM_Action1                               0x20000a19   Data           5  main.o(.data)
    DM_Action2                               0x20000a1e   Data           5  main.o(.data)
    DM_Action3                               0x20000a23   Data           5  main.o(.data)
    DM_Action4                               0x20000a28   Data           5  main.o(.data)
    DM_Action5                               0x20000a2d   Data           5  main.o(.data)
    DM_Action6                               0x20000a32   Data           5  main.o(.data)
    DM_Action7                               0x20000a37   Data           5  main.o(.data)
    DM_Action8                               0x20000a3c   Data           5  main.o(.data)
    DM_Action9                               0x20000a41   Data           5  main.o(.data)
    DM_Action10                              0x20000a46   Data           5  main.o(.data)
    DM_Action11                              0x20000a4b   Data           5  main.o(.data)
    DM_Action12                              0x20000a50   Data           5  main.o(.data)
    DM_Action13                              0x20000a55   Data           5  main.o(.data)
    DM_Action14                              0x20000a5a   Data           5  main.o(.data)
    DM_Action15                              0x20000a5f   Data           5  main.o(.data)
    ucTimeFlag                               0x20000a68   Data           1  delay.o(.data)
    ucDelayFlag                              0x20000a69   Data           1  delay.o(.data)
    Virtual_Com_Port_StringSerial            0x20000a82   Data          38  usb_desc.o(.data)
    wIstr                                    0x20000ab0   Data           2  usb_istr.o(.data)
    bIntPackSOF                              0x20000ab2   Data           1  usb_istr.o(.data)
    esof_counter                             0x20000ab4   Data           4  usb_istr.o(.data)
    wCNTR                                    0x20000ab8   Data           4  usb_istr.o(.data)
    pEpInt_IN                                0x20000abc   Data          28  usb_istr.o(.data)
    pEpInt_OUT                               0x20000ad8   Data          28  usb_istr.o(.data)
    Request                                  0x20000af4   Data           1  usb_prop.o(.data)
    linecoding                               0x20000af8   Data           8  usb_prop.o(.data)
    Device_Table                             0x20000b00   Data           2  usb_prop.o(.data)
    Device_Property                          0x20000b04   Data          48  usb_prop.o(.data)
    User_Standard_Requests                   0x20000b34   Data          36  usb_prop.o(.data)
    Device_Descriptor                        0x20000b58   Data           8  usb_prop.o(.data)
    Config_Descriptor                        0x20000b60   Data           8  usb_prop.o(.data)
    String_Descriptor                        0x20000b68   Data          32  usb_prop.o(.data)
    bDeviceState                             0x20000b88   Data           4  usb_pwr.o(.data)
    fSuspendEnabled                          0x20000b8c   Data           1  usb_pwr.o(.data)
    ResumeS                                  0x20000b8d   Data           2  usb_pwr.o(.data)
    remotewakeupon                           0x20000b90   Data           4  usb_pwr.o(.data)
    StatusInfo                               0x20000b94   Data           2  usb_core.o(.data)
    Data_Mul_MaxPacketSize                   0x20000b96   Data           1  usb_core.o(.data)
    EPindex                                  0x20000b98   Data           1  usb_init.o(.data)
    pInformation                             0x20000b9c   Data           4  usb_init.o(.data)
    pProperty                                0x20000ba0   Data           4  usb_init.o(.data)
    SaveState                                0x20000ba4   Data           2  usb_init.o(.data)
    wInterrupt_Mask                          0x20000ba6   Data           2  usb_init.o(.data)
    pUser_Standard_Requests                  0x20000ba8   Data           4  usb_init.o(.data)
    SaveRState                               0x20000bac   Data           2  usb_int.o(.data)
    SaveTState                               0x20000bae   Data           2  usb_int.o(.data)
    USART_InitStructure                      0x20000db0   Data          16  hw_config.o(.bss)
    EP                                       0x20001860   Data          32  usb_pwr.o(.bss)
    Device_Info                              0x20001880   Data          28  usb_init.o(.bss)
    __initial_sp                             0x20001ca0   Data           0  startup_stm32f10x_hd.o(STACK)



==============================================================================

Memory Map of the image

  Image Entry point : 0x08000131

  Load Region LR_IROM1 (Base: 0x08000000, Size: 0x000032bc, Max: 0x00010000, ABSOLUTE, COMPRESSED[0x00002a5c])

    Execution Region ER_IROM1 (Base: 0x08000000, Size: 0x0000270c, Max: 0x00010000, ABSOLUTE)

    Base Addr    Size         Type   Attr      Idx    E Section Name        Object

    0x08000000   0x00000130   Data   RO         3172    RESET               startup_stm32f10x_hd.o
    0x08000130   0x00000000   Code   RO         4544  * .ARM.Collect$$$$00000000  mc_w.l(entry.o)
    0x08000130   0x00000004   Code   RO         4551    .ARM.Collect$$$$00000001  mc_w.l(entry2.o)
    0x08000134   0x00000004   Code   RO         4554    .ARM.Collect$$$$00000004  mc_w.l(entry5.o)
    0x08000138   0x00000000   Code   RO         4556    .ARM.Collect$$$$00000008  mc_w.l(entry7b.o)
    0x08000138   0x00000000   Code   RO         4558    .ARM.Collect$$$$0000000A  mc_w.l(entry8b.o)
    0x08000138   0x00000008   Code   RO         4559    .ARM.Collect$$$$0000000B  mc_w.l(entry9a.o)
    0x08000140   0x00000000   Code   RO         4561    .ARM.Collect$$$$0000000D  mc_w.l(entry10a.o)
    0x08000140   0x00000000   Code   RO         4563    .ARM.Collect$$$$0000000F  mc_w.l(entry11a.o)
    0x08000140   0x00000004   Code   RO         4552    .ARM.Collect$$$$00002712  mc_w.l(entry2.o)
    0x08000144   0x00000024   Code   RO         3173    .text               startup_stm32f10x_hd.o
    0x08000168   0x00000024   Code   RO         4565    .text               mc_w.l(init.o)
    0x0800018c   0x00000056   Code   RO         4575    .text               mc_w.l(__dczerorl2.o)
    0x080001e2   0x00000004   Code   RO         2750    i.BusFault_Handler  stm32f10x_it.o
    0x080001e6   0x0000000c   Code   RO         4139    i.ByteSwap          usb_regs.o
    0x080001f2   0x00000002   PAD
    0x080001f4   0x00000288   Code   RO         4068    i.CTR_LP            usb_int.o
    0x0800047c   0x00000034   Code   RO         4140    i.ClearDTOG_RX      usb_regs.o
    0x080004b0   0x00000034   Code   RO         4141    i.ClearDTOG_TX      usb_regs.o
    0x080004e4   0x00000028   Code   RO         4146    i.Clear_Status_Out  usb_regs.o
    0x0800050c   0x00000002   Code   RO          234    i.CopeSerial1Data   uart1.o
    0x0800050e   0x00000002   Code   RO          292    i.CopeSerial2Data   uart2.o
    0x08000510   0x000000c0   Code   RO         3901    i.DataStageIn       usb_core.o
    0x080005d0   0x000000bc   Code   RO         3902    i.DataStageOut      usb_core.o
    0x0800068c   0x00000298   Code   RO         3903    i.Data_Setup0       usb_core.o
    0x08000924   0x00000002   Code   RO         2751    i.DebugMon_Handler  stm32f10x_it.o
    0x08000926   0x00000002   PAD
    0x08000928   0x00000050   Code   RO         3631    i.EP1_IN_Callback   usb_endp.o
    0x08000978   0x00000020   Code   RO         3632    i.EP3_OUT_Callback  usb_endp.o
    0x08000998   0x0000000c   Code   RO         1184    i.EXTI_ClearITPendingBit  stm32f10x_exti.o
    0x080009a4   0x00000116   Code   RO         1447    i.GPIO_Init         stm32f10x_gpio.o
    0x08000aba   0x00000004   Code   RO         1454    i.GPIO_ResetBits    stm32f10x_gpio.o
    0x08000abe   0x00000004   Code   RO         1455    i.GPIO_SetBits      stm32f10x_gpio.o
    0x08000ac2   0x00000002   PAD
    0x08000ac4   0x00000020   Code   RO         4158    i.GetEPRxAddr       usb_regs.o
    0x08000ae4   0x00000024   Code   RO         4159    i.GetEPRxCount      usb_regs.o
    0x08000b08   0x00000020   Code   RO         4161    i.GetEPTxAddr       usb_regs.o
    0x08000b28   0x00000034   Code   RO         3454    i.Get_SerialNum     hw_config.o
    0x08000b5c   0x00000004   Code   RO         2752    i.HardFault_Handler  stm32f10x_it.o
    0x08000b60   0x00000070   Code   RO         3904    i.In0_Process       usb_core.o
    0x08000bd0   0x000000b8   Code   RO          235    i.Initial_UART1     uart1.o
    0x08000c88   0x0000003e   Code   RO         3455    i.IntToUnicode      hw_config.o
    0x08000cc6   0x00000002   PAD
    0x08000cc8   0x00000020   Code   RO         3456    i.Leave_LowPowerMode  hw_config.o
    0x08000ce8   0x00000004   Code   RO         2753    i.MemManage_Handler  stm32f10x_it.o
    0x08000cec   0x00000002   Code   RO         2754    i.NMI_Handler       stm32f10x_it.o
    0x08000cee   0x00000002   Code   RO         3905    i.NOP_Process       usb_core.o
    0x08000cf0   0x00000070   Code   RO          548    i.NVIC_Init         misc.o
    0x08000d60   0x00000014   Code   RO          549    i.NVIC_PriorityGroupConfig  misc.o
    0x08000d74   0x00000138   Code   RO         3906    i.NoData_Setup0     usb_core.o
    0x08000eac   0x00000050   Code   RO         3907    i.Out0_Process      usb_core.o
    0x08000efc   0x00000028   Code   RO         4109    i.PMAToUserBufferCopy  usb_mem.o
    0x08000f24   0x00000002   Code   RO         2755    i.PendSV_Handler    stm32f10x_it.o
    0x08000f26   0x00000002   PAD
    0x08000f28   0x00000048   Code   RO         3908    i.Post0_Process     usb_core.o
    0x08000f70   0x00000040   Code   RO         3847    i.PowerOn           usb_pwr.o
    0x08000fb0   0x0000003c   Code   RO          415    i.QUEUE_PacketIn    queue.o
    0x08000fec   0x0000003a   Code   RO          417    i.QUEUE_PacketOut   queue.o
    0x08001026   0x00000002   PAD
    0x08001028   0x00000020   Code   RO         1628    i.RCC_APB2PeriphClockCmd  stm32f10x_rcc.o
    0x08001048   0x000000d4   Code   RO         1636    i.RCC_GetClocksFreq  stm32f10x_rcc.o
    0x0800111c   0x000000d0   Code   RO         3848    i.Resume            usb_pwr.o
    0x080011ec   0x00000024   Code   RO         3849    i.Resume_Init       usb_pwr.o
    0x08001210   0x00000064   Code   RO         3633    i.SOF_Callback      usb_endp.o
    0x08001274   0x00000002   Code   RO         2756    i.SVC_Handler       stm32f10x_it.o
    0x08001276   0x00000002   PAD
    0x08001278   0x00000010   Code   RO         4169    i.SetBTABLE         usb_regs.o
    0x08001288   0x00000050   Code   RO         3909    i.SetDeviceAddress  usb_core.o
    0x080012d8   0x00000024   Code   RO         4183    i.SetEPRxAddr       usb_regs.o
    0x080012fc   0x0000004c   Code   RO         4184    i.SetEPRxCount      usb_regs.o
    0x08001348   0x00000040   Code   RO         4185    i.SetEPRxStatus     usb_regs.o
    0x08001388   0x00000034   Code   RO         4186    i.SetEPRxValid      usb_regs.o
    0x080013bc   0x00000020   Code   RO         4187    i.SetEPTxAddr       usb_regs.o
    0x080013dc   0x0000001c   Code   RO         4188    i.SetEPTxCount      usb_regs.o
    0x080013f8   0x00000040   Code   RO         4189    i.SetEPTxStatus     usb_regs.o
    0x08001438   0x00000034   Code   RO         4190    i.SetEPTxValid      usb_regs.o
    0x0800146c   0x00000024   Code   RO         4191    i.SetEPType         usb_regs.o
    0x08001490   0x00000008   Code   RO          502    i.SetSysClock       system_stm32f10x.o
    0x08001498   0x000000e0   Code   RO          503    i.SetSysClockTo72   system_stm32f10x.o
    0x08001578   0x000000b8   Code   RO         3910    i.Setup0_Process    usb_core.o
    0x08001630   0x0000016c   Code   RO         3911    i.Standard_ClearFeature  usb_core.o
    0x0800179c   0x0000002c   Code   RO         3912    i.Standard_GetConfiguration  usb_core.o
    0x080017c8   0x00000024   Code   RO         3913    i.Standard_GetDescriptorData  usb_core.o
    0x080017ec   0x0000002c   Code   RO         3914    i.Standard_GetInterface  usb_core.o
    0x08001818   0x00000100   Code   RO         3915    i.Standard_GetStatus  usb_core.o
    0x08001918   0x00000048   Code   RO         3916    i.Standard_SetConfiguration  usb_core.o
    0x08001960   0x00000028   Code   RO         3917    i.Standard_SetDeviceFeature  usb_core.o
    0x08001988   0x000000d0   Code   RO         3918    i.Standard_SetEndPointFeature  usb_core.o
    0x08001a58   0x0000006c   Code   RO         3919    i.Standard_SetInterface  usb_core.o
    0x08001ac4   0x00000104   Code   RO         3850    i.Suspend           usb_pwr.o
    0x08001bc8   0x00000020   Code   RO           94    i.SysTick_Handler   delay.o
    0x08001be8   0x0000007c   Code   RO           95    i.SysTick_init      delay.o
    0x08001c64   0x00000060   Code   RO          505    i.SystemInit        system_stm32f10x.o
    0x08001cc4   0x00000030   Code   RO          236    i.UART1_Put_Char    uart1.o
    0x08001cf4   0x0000001c   Code   RO            4    i.UART1_Put_StringL  main.o
    0x08001d10   0x0000000e   Code   RO            5    i.UART_DM_ReportData  main.o
    0x08001d1e   0x00000002   PAD
    0x08001d20   0x00000088   Code   RO          238    i.USART1_IRQHandler  uart1.o
    0x08001da8   0x00000088   Code   RO          296    i.USART2_IRQHandler  uart2.o
    0x08001e30   0x00000012   Code   RO         2558    i.USART_ClearFlag   stm32f10x_usart.o
    0x08001e42   0x0000001e   Code   RO         2559    i.USART_ClearITPendingBit  stm32f10x_usart.o
    0x08001e60   0x00000018   Code   RO         2562    i.USART_Cmd         stm32f10x_usart.o
    0x08001e78   0x00000054   Code   RO         2566    i.USART_GetITStatus  stm32f10x_usart.o
    0x08001ecc   0x0000004a   Code   RO         2568    i.USART_ITConfig    stm32f10x_usart.o
    0x08001f16   0x00000002   PAD
    0x08001f18   0x000000d8   Code   RO         2569    i.USART_Init        stm32f10x_usart.o
    0x08001ff0   0x00000008   Code   RO         2579    i.USART_SendData    stm32f10x_usart.o
    0x08001ff8   0x0000000c   Code   RO         3703    i.USBWakeUp_IRQHandler  usb_it.o
    0x08002004   0x00000024   Code   RO         3459    i.USB_Cable_Config  hw_config.o
    0x08002028   0x000001d0   Code   RO         3673    i.USB_Istr          usb_istr.o
    0x080021f8   0x00000008   Code   RO         3704    i.USB_LP_CAN1_RX0_IRQHandler  usb_it.o
    0x08002200   0x00000018   Code   RO         3463    i.USB_RxWrite       hw_config.o
    0x08002218   0x00000024   Code   RO         4511    i.USB_SIL_Init      usb_sil.o
    0x0800223c   0x0000002e   Code   RO         4512    i.USB_SIL_Read      usb_sil.o
    0x0800226a   0x00000002   PAD
    0x0800226c   0x00000018   Code   RO         3464    i.USB_TxRead        hw_config.o
    0x08002284   0x00000004   Code   RO         2757    i.UsageFault_Handler  stm32f10x_it.o
    0x08002288   0x00000038   Code   RO         4110    i.UserToPMABufferCopy  usb_mem.o
    0x080022c0   0x00000064   Code   RO         3733    i.Virtual_Com_Port_Data_Setup  usb_prop.o
    0x08002324   0x00000014   Code   RO         3734    i.Virtual_Com_Port_GetConfigDescriptor  usb_prop.o
    0x08002338   0x00000014   Code   RO         3735    i.Virtual_Com_Port_GetDeviceDescriptor  usb_prop.o
    0x0800234c   0x0000001c   Code   RO         3736    i.Virtual_Com_Port_GetLineCoding  usb_prop.o
    0x08002368   0x00000028   Code   RO         3737    i.Virtual_Com_Port_GetStringDescriptor  usb_prop.o
    0x08002390   0x00000016   Code   RO         3738    i.Virtual_Com_Port_Get_Interface_Setting  usb_prop.o
    0x080023a6   0x00000002   PAD
    0x080023a8   0x00000028   Code   RO         3739    i.Virtual_Com_Port_NoData_Setup  usb_prop.o
    0x080023d0   0x000000e8   Code   RO         3740    i.Virtual_Com_Port_Reset  usb_prop.o
    0x080024b8   0x00000018   Code   RO         3741    i.Virtual_Com_Port_SetConfiguration  usb_prop.o
    0x080024d0   0x0000000c   Code   RO         3742    i.Virtual_Com_Port_SetDeviceAddress  usb_prop.o
    0x080024dc   0x0000001c   Code   RO         3743    i.Virtual_Com_Port_SetLineCoding  usb_prop.o
    0x080024f8   0x00000014   Code   RO         3744    i.Virtual_Com_Port_Status_In  usb_prop.o
    0x0800250c   0x00000002   Code   RO         3745    i.Virtual_Com_Port_Status_Out  usb_prop.o
    0x0800250e   0x00000002   PAD
    0x08002510   0x00000028   Code   RO         3746    i.Virtual_Com_Port_init  usb_prop.o
    0x08002538   0x0000000e   Code   RO         4569    i.__scatterload_copy  mc_w.l(handlers.o)
    0x08002546   0x00000002   Code   RO         4570    i.__scatterload_null  mc_w.l(handlers.o)
    0x08002548   0x0000000e   Code   RO         4571    i.__scatterload_zeroinit  mc_w.l(handlers.o)
    0x08002556   0x00000002   PAD
    0x08002558   0x000000a8   Code   RO           96    i.delay_ms          delay.o
    0x08002600   0x00000054   Code   RO            6    i.main              main.o
    0x08002654   0x00000097   Data   RO         3606    .constdata          usb_desc.o
    0x080026eb   0x00000001   PAD
    0x080026ec   0x00000020   Data   RO         4567    Region$$Table       anon$$obj.o


    Execution Region RW_IRAM1 (Base: 0x20000000, Size: 0x00001ca0, Max: 0x00005000, ABSOLUTE, COMPRESSED[0x00000350])

    Base Addr    Size         Type   Attr      Idx    E Section Name        Object

    0x20000000   0x00000a64   Data   RW            7    .data               main.o
    0x20000a64   0x00000006   Data   RW           98    .data               delay.o
    0x20000a6a   0x00000002   Data   RW          240    .data               uart1.o
    0x20000a6c   0x00000002   Data   RW          298    .data               uart2.o
    0x20000a6e   0x00000014   Data   RW         1656    .data               stm32f10x_rcc.o
    0x20000a82   0x00000026   Data   RW         3607    .data               usb_desc.o
    0x20000aa8   0x00000008   Data   RW         3635    .data               usb_endp.o
    0x20000ab0   0x00000044   Data   RW         3674    .data               usb_istr.o
    0x20000af4   0x00000094   Data   RW         3747    .data               usb_prop.o
    0x20000b88   0x0000000c   Data   RW         3852    .data               usb_pwr.o
    0x20000b94   0x00000003   Data   RW         3920    .data               usb_core.o
    0x20000b97   0x00000001   PAD
    0x20000b98   0x00000014   Data   RW         4034    .data               usb_init.o
    0x20000bac   0x00000004   Data   RW         4069    .data               usb_int.o
    0x20000bb0   0x00000100   Zero   RW          239    .bss                uart1.o
    0x20000cb0   0x00000100   Zero   RW          297    .bss                uart2.o
    0x20000db0   0x00000a30   Zero   RW         3466    .bss                hw_config.o
    0x200017e0   0x00000080   Zero   RW         3634    .bss                usb_endp.o
    0x20001860   0x00000020   Zero   RW         3851    .bss                usb_pwr.o
    0x20001880   0x0000001c   Zero   RW         4033    .bss                usb_init.o
    0x2000189c   0x00000004   PAD
    0x200018a0   0x00000400   Zero   RW         3170    STACK               startup_stm32f10x_hd.o


==============================================================================

Image component sizes


      Code (inc. data)   RO Data    RW Data    ZI Data      Debug   Object Name

       324         28          0          6          0       3741   delay.o
       230         38          0          0       2608       8958   hw_config.o
       126         14          0       2660          0     240216   main.o
       132         22          0          0          0       1519   misc.o
       118          0          0          0          0       5071   queue.o
        36          8        304          0       1024        828   startup_stm32f10x_hd.o
        12          6          0          0          0       2709   stm32f10x_exti.o
       286          0          0          0          0       3016   stm32f10x_gpio.o
        24          0          0          0          0       3608   stm32f10x_it.o
       244         26          0         20          0       3849   stm32f10x_rcc.o
       454          6          0          0          0       6135   stm32f10x_usart.o
       328         28          0          0          0       1973   system_stm32f10x.o
       370         42          0          2        256       8987   uart1.o
       138         18          0          2        256       1722   uart2.o
      3058        288          0          3          0      13807   usb_core.o
         0          0        151         38          0       1055   usb_desc.o
       212         34          0          8        128       2244   usb_endp.o
         0          0          0         20         28       3519   usb_init.o
       648         32          0          4          0       1644   usb_int.o
       464         38          0         68          0       1587   usb_istr.o
        20          0          0          0          0        932   usb_it.o
        96         10          0          0          0       1664   usb_mem.o
       628        102          0        148          0      11449   usb_prop.o
       568         60          0         12         32       3732   usb_pwr.o
       712        100          0          0          0       9211   usb_regs.o
        82          8          0          0          0       1358   usb_sil.o

    ----------------------------------------------------------------------
      9334        908        488       2992       4336     344534   Object Totals
         0          0         32          0          0          0   (incl. Generated)
        24          0          1          1          4          0   (incl. Padding)

    ----------------------------------------------------------------------

      Code (inc. data)   RO Data    RW Data    ZI Data      Debug   Library Member Name

        86          0          0          0          0          0   __dczerorl2.o
         0          0          0          0          0          0   entry.o
         0          0          0          0          0          0   entry10a.o
         0          0          0          0          0          0   entry11a.o
         8          4          0          0          0          0   entry2.o
         4          0          0          0          0          0   entry5.o
         0          0          0          0          0          0   entry7b.o
         0          0          0          0          0          0   entry8b.o
         8          4          0          0          0          0   entry9a.o
        30          0          0          0          0          0   handlers.o
        36          8          0          0          0         68   init.o

    ----------------------------------------------------------------------
       174         16          0          0          0         68   Library Totals
         2          0          0          0          0          0   (incl. Padding)

    ----------------------------------------------------------------------

      Code (inc. data)   RO Data    RW Data    ZI Data      Debug   Library Name

       172         16          0          0          0         68   mc_w.l

    ----------------------------------------------------------------------
       174         16          0          0          0         68   Library Totals

    ----------------------------------------------------------------------

==============================================================================


      Code (inc. data)   RO Data    RW Data    ZI Data      Debug   

      9508        924        488       2992       4336     339322   Grand Totals
      9508        924        488        848       4336     339322   ELF Image Totals (compressed)
      9508        924        488        848          0          0   ROM Totals

==============================================================================

    Total RO  Size (Code + RO Data)                 9996 (   9.76kB)
    Total RW  Size (RW Data + ZI Data)              7328 (   7.16kB)
    Total ROM Size (Code + RO Data + RW Data)      10844 (  10.59kB)

==============================================================================

