Component: ARM Compiler 5.06 update 6 (build 750) Tool: armlink [4d35ed]

==============================================================================

Section Cross References

    algorithm.o(i._Z16maxim_find_peaksPiS_S_iiii) refers to algorithm.o(i._Z28maxim_peaks_above_min_heightPiS_S_ii) for maxim_peaks_above_min_height(int*, int*, int*, int, int)
    algorithm.o(i._Z16maxim_find_peaksPiS_S_iiii) refers to algorithm.o(i._Z24maxim_remove_close_peaksPiS_S_i) for maxim_remove_close_peaks(int*, int*, int*, int)
    algorithm.o(i._Z24maxim_remove_close_peaksPiS_S_i) refers to algorithm.o(i._Z26maxim_sort_indices_descendPiS_i) for maxim_sort_indices_descend(int*, int*, int)
    algorithm.o(i._Z24maxim_remove_close_peaksPiS_S_i) refers to algorithm.o(i._Z17maxim_sort_ascendPii) for maxim_sort_ascend(int*, int)
    algorithm.o(i._Z38maxim_heart_rate_and_oxygen_saturationPjiS_PiPaS0_S1_) refers to algorithm.o(i._Z16maxim_find_peaksPiS_S_iiii) for maxim_find_peaks(int*, int*, int*, int, int, int, int)
    algorithm.o(i._Z38maxim_heart_rate_and_oxygen_saturationPjiS_PiPaS0_S1_) refers to algorithm.o(.bss) for an_x
    algorithm.o(i._Z38maxim_heart_rate_and_oxygen_saturationPjiS_PiPaS0_S1_) refers to algorithm.o(.constdata) for auw_hamm
    algorithm.o(i._Z38maxim_heart_rate_and_oxygen_saturationPjiS_PiPaS0_S1_) refers to algorithm.o(i._Z17maxim_sort_ascendPii) for maxim_sort_ascend(int*, int)
    algorithm.o(.ARM.exidx) refers to algorithm.o(i._Z17maxim_sort_ascendPii) for i._Z17maxim_sort_ascendPii
    algorithm.o(.ARM.exidx) refers to algorithm.o(i._Z26maxim_sort_indices_descendPiS_i) for i._Z26maxim_sort_indices_descendPiS_i
    algorithm.o(.ARM.exidx) refers to algorithm.o(i._Z24maxim_remove_close_peaksPiS_S_i) for i._Z24maxim_remove_close_peaksPiS_S_i
    algorithm.o(.ARM.exidx) refers to algorithm.o(i._Z28maxim_peaks_above_min_heightPiS_S_ii) for i._Z28maxim_peaks_above_min_heightPiS_S_ii
    algorithm.o(.ARM.exidx) refers to algorithm.o(i._Z16maxim_find_peaksPiS_S_iiii) for i._Z16maxim_find_peaksPiS_S_iiii
    algorithm.o(.ARM.exidx) refers to algorithm.o(i._Z38maxim_heart_rate_and_oxygen_saturationPjiS_PiPaS0_S1_) for i._Z38maxim_heart_rate_and_oxygen_saturationPjiS_PiPaS0_S1_
    max30102.o(i._Z19maxim_max30102_initv) refers to max30102.o(i._Z24maxim_max30102_write_reghh) for maxim_max30102_write_reg(unsigned char, unsigned char)
    max30102.o(i._Z20maxim_max30102_resetv) refers to max30102.o(i._Z24maxim_max30102_write_reghh) for maxim_max30102_write_reg(unsigned char, unsigned char)
    max30102.o(i._Z23maxim_max30102_read_reghPh) refers to I2C.o(i._ZN4mbed3I2C5writeEiPKcib) for mbed::I2C::write(int, const char*, int, bool)
    max30102.o(i._Z23maxim_max30102_read_reghPh) refers to I2C.o(i._ZN4mbed3I2C4readEiPcib) for mbed::I2C::read(int, char*, int, bool)
    max30102.o(i._Z23maxim_max30102_read_reghPh) refers to max30102.o(.bss) for i2c
    max30102.o(i._Z24maxim_max30102_read_fifoPjS_) refers to max30102.o(i._Z23maxim_max30102_read_reghPh) for maxim_max30102_read_reg(unsigned char, unsigned char*)
    max30102.o(i._Z24maxim_max30102_read_fifoPjS_) refers to I2C.o(i._ZN4mbed3I2C5writeEiPKcib) for mbed::I2C::write(int, const char*, int, bool)
    max30102.o(i._Z24maxim_max30102_read_fifoPjS_) refers to I2C.o(i._ZN4mbed3I2C4readEiPcib) for mbed::I2C::read(int, char*, int, bool)
    max30102.o(i._Z24maxim_max30102_read_fifoPjS_) refers to max30102.o(.bss) for i2c
    max30102.o(i._Z24maxim_max30102_write_reghh) refers to I2C.o(i._ZN4mbed3I2C5writeEiPKcib) for mbed::I2C::write(int, const char*, int, bool)
    max30102.o(i._Z24maxim_max30102_write_reghh) refers to max30102.o(.bss) for i2c
    max30102.o(i.__sti___12_MAX30102_cpp_i2c) refers to I2C.o(i._ZN4mbed3I2CC1E7PinNameS1_) for mbed::I2C::I2C(PinName, PinName)
    max30102.o(i.__sti___12_MAX30102_cpp_i2c) refers to mbed_retarget.o(i.__aeabi_atexit) for __aeabi_atexit
    max30102.o(i.__sti___12_MAX30102_cpp_i2c) refers to max30102.o(.bss) for i2c
    max30102.o(i.__sti___12_MAX30102_cpp_i2c) refers to I2C.o(i._ZN4mbed3I2CD1Ev) for mbed::I2C::~I2C()
    max30102.o(.ARM.exidx) refers to max30102.o(i._Z24maxim_max30102_write_reghh) for i._Z24maxim_max30102_write_reghh
    max30102.o(.ARM.exidx) refers to max30102.o(i._Z23maxim_max30102_read_reghPh) for i._Z23maxim_max30102_read_reghPh
    max30102.o(.ARM.exidx) refers to max30102.o(i._Z19maxim_max30102_initv) for i._Z19maxim_max30102_initv
    max30102.o(.ARM.exidx) refers to max30102.o(i._Z24maxim_max30102_read_fifoPjS_) for i._Z24maxim_max30102_read_fifoPjS_
    max30102.o(.ARM.exidx) refers to max30102.o(i._Z20maxim_max30102_resetv) for i._Z20maxim_max30102_resetv
    max30102.o(.ARM.exidx) refers to max30102.o(i.__sti___12_MAX30102_cpp_i2c) for i.__sti___12_MAX30102_cpp_i2c
    max30102.o(.init_array) refers to max30102.o(i.__sti___12_MAX30102_cpp_i2c) for __sti___12_MAX30102_cpp_i2c
    max30102.o(.init_array) refers to init_aeabi.o(.text) for __cpp_initialize__aeabi_
[...]
    maxim_sort_ascend(int*, int)             0x08004f1b   Thumb Code    54  algorithm.o(i._Z17maxim_sort_ascendPii)
    maxim_max30102_init()                    0x08004f51   Thumb Code   160  max30102.o(i._Z19maxim_max30102_initv)
    maxim_max30102_reset()                   0x08004ff1   Thumb Code    20  max30102.o(i._Z20maxim_max30102_resetv)
    maxim_max30102_read_reg(unsigned char, unsigned char*) 0x08005005   Thumb Code    62  max30102.o(i._Z23maxim_max30102_read_reghPh)
    maxim_max30102_read_fifo(unsigned*, unsigned*) 0x08005049   Thumb Code   166  max30102.o(i._Z24maxim_max30102_read_fifoPjS_)
    maxim_max30102_write_reg(unsigned char, unsigned char) 0x080050f5   Thumb Code    40  max30102.o(i._Z24maxim_max30102_write_reghh)
    maxim_remove_close_peaks(int*, int*, int*, int) 0x08005121   Thumb Code   114  algorithm.o(i._Z24maxim_remove_close_peaksPiS_S_i)
    maxim_sort_indices_descend(int*, int*, int) 0x08005193   Thumb Code    64  algorithm.o(i._Z26maxim_sort_indices_descendPiS_i)
    maxim_peaks_above_min_height(int*, int*, int*, int, int) 0x080051d3   Thumb Code   122  algorithm.o(i._Z28maxim_peaks_above_min_heightPiS_S_ii)
    maxim_heart_rate_and_oxygen_saturation(unsigned*, int, unsigned*, int*, signed char*, int*, signed char*) 0x0800524d   Thumb Code  1270  algorithm.o(i._Z38maxim_heart_rate_and_oxygen_saturationPjiS_PiPaS0_S1_)
    mbed::DigitalOut::operator =(int)        0x0800574d   Thumb Code    28  main.o(i._ZN4mbed10DigitalOutaSEi)
    mbed::FileHandle::size()                 0x08005769   Thumb Code    52  FileHandle.o(i._ZN4mbed10FileHandle4sizeEv)
    mbed::FileHandle::isatty()               0x0800579d   Thumb Code     4  FileHandle.o(i._ZN4mbed10FileHandle6isattyEv)
    mbed::SerialBase::_base_putc(int)        0x080057a1   Thumb Code    14  SerialBase.o(i._ZN4mbed10SerialBase10_base_putcEi)
    mbed::SerialBase::_irq_handler(unsigned, SerialIrq) 0x080057b1   Thumb Code    40  SerialBase.o(i._ZN4mbed10SerialBase12_irq_handlerEj9SerialIrq)
    mbed::SerialBase::interrupt_handler_asynch() 0x080057e1   Thumb Code    62  SerialBase.o(i._ZN4mbed10SerialBase24interrupt_handler_asynchEv)
    mbed::SerialBase::baud(int)              0x0800581f   Thumb Code    40  SerialBase.o(i._ZN4mbed10SerialBase4baudEi)
    mbed::SerialBase::lock()                 0x08005847   Thumb Code     2  SerialBase.o(i._ZN4mbed10SerialBase4lockEv)
    mbed::SerialBase::format(int, mbed::SerialBase::Parity, int) 0x08005849   Thumb Code    48  SerialBase.o(i._ZN4mbed10SerialBase6formatEiNS0_6ParityEi)
    mbed::SerialBase::unlock()               0x08005879   Thumb Code     2  SerialBase.o(i._ZN4mbed10SerialBase6unlockEv)
    mbed::SerialBase::SerialBase(PinName, PinName, int) 0x0800587d   Thumb Code   224  SerialBase.o(i._ZN4mbed10SerialBaseC1E7PinNameS1_i)
    mbed::SerialBase::SerialBase__sub_object(PinName, PinName, int) 0x0800587d   Thumb Code     0  SerialBase.o(i._ZN4mbed10SerialBaseC1E7PinNameS1_i)
    mbed::mbed_fdopen(mbed::FileHandle*, const char*) 0x0800597d   Thumb Code    54  mbed_retarget.o(i._ZN4mbed11mbed_fdopenEPNS_10FileHandleEPKc)
    mbed::remove_filehandle(mbed::FileHandle*) 0x080059b9   Thumb Code    94  mbed_retarget.o(i._ZN4mbed17remove_filehandleEPNS_10FileHandleE)
    mbed::mbed_set_unbuffered_stream(std::__FILE*) 0x08005a29   Thumb Code     6  mbed_retarget.o(i._ZN4mbed26mbed_set_unbuffered_streamEPSt6__FILE)
    mbed::I2C::irq_handler_asynch()          0x08005a2f   Thumb Code    34  I2C.o(i._ZN4mbed3I2C18irq_handler_asynchEv)
    mbed::I2C::lock()                        0x08005a51   Thumb Code    30  I2C.o(i._ZN4mbed3I2C4lockEv)
    mbed::I2C::read(int, char*, int, bool)   0x08005a7d   Thumb Code   108  I2C.o(i._ZN4mbed3I2C4readEiPcib)
    mbed::I2C::write(int, const char*, int, bool) 0x08005aed   Thumb Code   108  I2C.o(i._ZN4mbed3I2C5writeEiPKcib)
    mbed::I2C::unlock()                      0x08005b5d   Thumb Code    30  I2C.o(i._ZN4mbed3I2C6unlockEv)
    mbed::I2C::I2C(PinName, PinName)         0x08005b89   Thumb Code    98  I2C.o(i._ZN4mbed3I2CC1E7PinNameS1_)
    mbed::I2C::I2C__sub_object(PinName, PinName) 0x08005b89   Thumb Code     0  I2C.o(i._ZN4mbed3I2CC1E7PinNameS1_)
    mbed::I2C::~I2C()                        0x08005c05   Thumb Code    24  I2C.o(i._ZN4mbed3I2CD1Ev)
    mbed::I2C::~I2C__sub_object()            0x08005c05   Thumb Code     0  I2C.o(i._ZN4mbed3I2CD1Ev)
    mbed::Serial::lock()                     0x08005c21   Thumb Code     2  Serial.o(i._ZN4mbed6Serial4lockEv)
    mbed::Serial::unlock()                   0x08005c23   Thumb Code     2  Serial.o(i._ZN4mbed6Serial6unlockEv)
    mbed::Serial::Serial(PinName, PinName, const char*, int) 0x08005c25   Thumb Code    38  Serial.o(i._ZN4mbed6SerialC1E7PinNameS1_PKci)
    mbed::Serial::Serial__sub_object(PinName, PinName, const char*, int) 0x08005c25   Thumb Code     0  Serial.o(i._ZN4mbed6SerialC1E7PinNameS1_PKci)
    mbed::Serial::~Serial()                  0x08005c51   Thumb Code    76  Serial.o(i._ZN4mbed6SerialD1Ev)
    mbed::Serial::~Serial__sub_object()      0x08005c51   Thumb Code     0  Serial.o(i._ZN4mbed6SerialD1Ev)
    mbed::Stream::lock()                     0x08005ca9   Thumb Code     2  Stream.o(i._ZN4mbed6Stream4lockEv)
    mbed::Stream::seek(long, int)            0x08005cab   Thumb Code     4  Stream.o(i._ZN4mbed6Stream4seekEli)
    mbed::Stream::size()                     0x08005caf   Thumb Code     4  Stream.o(i._ZN4mbed6Stream4sizeEv)
    mbed::Stream::close()                    0x08005cb3   Thumb Code     4  Stream.o(i._ZN4mbed6Stream5closeEv)
    mbed::Stream::write(const void*, unsigned) 0x08005cb7   Thumb Code    60  Stream.o(i._ZN4mbed6Stream5writeEPKvj)
    mbed::Stream::isatty()                   0x08005cf3   Thumb Code     4  Stream.o(i._ZN4mbed6Stream6isattyEv)
    mbed::Stream::printf(const char*, ...)   0x08005cf7   Thumb Code    50  Stream.o(i._ZN4mbed6Stream6printfEPKcz)
    mbed::Stream::unlock()                   0x08005d29   Thumb Code     2  Stream.o(i._ZN4mbed6Stream6unlockEv)
    mbed::Stream::Stream__sub_object(const char*) 0x08005d2d   Thumb Code    66  Stream.o(i._ZN4mbed6StreamC2EPKc)
    mbed::Stream::~Stream()                  0x08005d9d   Thumb Code     0  Stream.o(i._ZN4mbed6StreamD2Ev)
    mbed::Stream::~Stream__sub_object()      0x08005d9d   Thumb Code    28  Stream.o(i._ZN4mbed6StreamD2Ev)
    mbed::fdopen(mbed::FileHandle*, const char*) 0x08005dbd   Thumb Code     4  FileHandle.o(i._ZN4mbed6fdopenEPNS_10FileHandleEPKc)
    mbed::FileBase::getPathType()            0x08005dc1   Thumb Code     4  FileBase.o(i._ZN4mbed8FileBase11getPathTypeEv)
    mbed::FileBase::lookup(const char*, unsigned) 0x08005dc5   Thumb Code    90  FileBase.o(i._ZN4mbed8FileBase6lookupEPKcj)
    mbed::FileBase::FileBase(const char*, mbed::PathType) 0x08005e31   Thumb Code    50  FileBase.o(i._ZN4mbed8FileBaseC1EPKcNS_8PathTypeE)
    mbed::FileBase::FileBase__sub_object(const char*, mbed::PathType) 0x08005e31   Thumb Code     0  FileBase.o(i._ZN4mbed8FileBaseC1EPKcNS_8PathTypeE)
    mbed::FileBase::~FileBase()              0x08005e71   Thumb Code    72  FileBase.o(i._ZN4mbed8FileBaseD1Ev)
    mbed::FileBase::~FileBase__sub_object()  0x08005e71   Thumb Code     0  FileBase.o(i._ZN4mbed8FileBaseD1Ev)
    mbed::FilePath::fileSystem()             0x08005ec5   Thumb Code    30  FilePath.o(i._ZN4mbed8FilePath10fileSystemEv)
    mbed::FilePath::file()                   0x08005ee3   Thumb Code    28  FilePath.o(i._ZN4mbed8FilePath4fileEv)
    mbed::FilePath::exists()                 0x08005eff   Thumb Code    10  FilePath.o(i._ZN4mbed8FilePath6existsEv)
    mbed::FilePath::isFile()                 0x08005f09   Thumb Code    24  FilePath.o(i._ZN4mbed8FilePath6isFileEv)
    mbed::FilePath::fileName()               0x08005f21   Thumb Code     4  FilePath.o(i._ZN4mbed8FilePath8fileNameEv)
    mbed::FilePath::FilePath(const char*)    0x08005f25   Thumb Code    64  FilePath.o(i._ZN4mbed8FilePathC1EPKc)
    mbed::FilePath::FilePath__sub_object(const char*) 0x08005f25   Thumb Code     0  FilePath.o(i._ZN4mbed8FilePathC1EPKc)
    mbed::DigitalIn::read()                  0x08005f65   Thumb Code    22  main.o(i._ZN4mbed9DigitalIn4readEv)
    thunk{-188} to mbed::Serial::lock()      0x08005f7d   Thumb Code     2  Serial.o(i._ZThn188_N4mbed6Serial4lockEv)
    thunk{-188} to mbed::Serial::_putc(int)  0x08005f7f   Thumb Code     6  Serial.o(i._ZThn188_N4mbed6Serial5_putcEi)
    thunk{-188} to mbed::Serial::unlock()    0x08005f85   Thumb Code     2  Serial.o(i._ZThn188_N4mbed6Serial6unlockEv)
    __ARM_fpclassify                         0x08005f87   Thumb Code    40  fpclassify.o(i.__ARM_fpclassify)
    __aeabi_atexit                           0x08005faf   Thumb Code     4  mbed_retarget.o(i.__aeabi_atexit)
    __aeabi_vec_ctor_nocookie_nodtor         0x08005fb3   Thumb Code    36  aeabi_vec_ctor_nocookie_nodtor.o(i.__aeabi_vec_ctor_nocookie_nodtor)
    __cxa_pure_virtual                       0x08005fd7   Thumb Code     6  pure_virt.o(i.__cxa_pure_virtual)
    __user_setup_stackheap                   0x0800607d   Thumb Code    10  sys.o(i.__user_setup_stackheap)
    _is_digit                                0x0800608d   Thumb Code    14  __printf_wp.o(i._is_digit)
    _platform_post_stackheap_init            0x0800609d   Thumb Code    24  mbed_sdk_boot.o(i._platform_post_stackheap_init)
    _sys_close                               0x080060b9   Thumb Code    70  mbed_retarget.o(i._sys_close)
    _sys_flen                                0x08006105   Thumb Code    70  mbed_retarget.o(i._sys_flen)
    _sys_istty                               0x08006151   Thumb Code    58  mbed_retarget.o(i._sys_istty)
    _sys_open                                0x08006191   Thumb Code   490  mbed_retarget.o(i._sys_open)
    _sys_seek                                0x080063a5   Thumb Code    74  mbed_retarget.o(i._sys_seek)
    _sys_write                               0x080063f5   Thumb Code   110  mbed_retarget.o(i._sys_write)
    core_util_critical_section_enter         0x08006599   Thumb Code    70  mbed_critical.o(i.core_util_critical_section_enter)
    core_util_critical_section_exit          0x08006625   Thumb Code    60  mbed_critical.o(i.core_util_critical_section_exit)
    error                                    0x0800667d   Thumb Code    36  mbed_error.o(i.error)
    exit                                     0x080066a5   Thumb Code    24  mbed_retarget.o(i.exit)
    fputc                                    0x080066c5   Thumb Code    26  fputc.o(i.fputc)
    gpio_dir                                 0x080066df   Thumb Code   102  gpio_api.o(i.gpio_dir)
    gpio_init                                0x08006745   Thumb Code    78  gpio_api.o(i.gpio_init)
    gpio_init_in                             0x08006799   Thumb Code    40  mbed_gpio.o(i.gpio_init_in)
    gpio_init_out                            0x080067c1   Thumb Code    46  mbed_gpio.o(i.gpio_init_out)
    gpio_mode                                0x080067ef   Thumb Code     8  gpio_api.o(i.gpio_mode)
    i2c_ev_err_enable                        0x08006831   Thumb Code   160  i2c_api.o(i.i2c_ev_err_enable)
    i2c_frequency                            0x080068d5   Thumb Code    70  i2c_api.o(i.i2c_frequency)
    i2c_init                                 0x08006921   Thumb Code   394  i2c_api.o(i.i2c_init)
    i2c_irq_handler_asynch                   0x08006ae9   Thumb Code    30  i2c_api.o(i.i2c_irq_handler_asynch)
    i2c_read                                 0x08006b09   Thumb Code   220  i2c_api.o(i.i2c_read)
    i2c_write                                0x08006bf5   Thumb Code   220  i2c_api.o(i.i2c_write)
    init_uart                                0x08006ce1   Thumb Code   100  serial_api.o(i.init_uart)
    $Super$$main                             0x08006d61   Thumb Code   696  main.o(i.main)
    mbed_assert_internal                     0x080070a5   Thumb Code    32  mbed_assert.o(i.mbed_assert_internal)
    mbed_die                                 0x080070f9   Thumb Code    18  mbed_board.o(i.mbed_die)
    mbed_error_printf                        0x0800710d   Thumb Code    76  mbed_board.o(i.mbed_error_printf)
    mbed_error_vfprintf                      0x08007161   Thumb Code    70  mbed_board.o(i.mbed_error_vfprintf)
    mbed_main                                0x080071b1   Thumb Code     2  mbed_sdk_boot.o(i.mbed_main)
    mbed_sdk_init                            0x080071b3   Thumb Code    22  mbed_overrides.o(i.mbed_sdk_init)
    pin_function                             0x080071c9   Thumb Code   534  pinmap.o(i.pin_function)
    pin_mode                                 0x08007409   Thumb Code   234  pinmap.o(i.pin_mode)
    pinmap_function                          0x08007511   Thumb Code    62  mbed_pinmap_common.o(i.pinmap_function)
    pinmap_merge                             0x08007571   Thumb Code    38  mbed_pinmap_common.o(i.pinmap_merge)
    pinmap_peripheral                        0x080075ad   Thumb Code    62  mbed_pinmap_common.o(i.pinmap_peripheral)
    pinmap_pinout                            0x0800760d   Thumb Code    72  mbed_pinmap_common.o(i.pinmap_pinout)
    pwmout_init                              0x08007669   Thumb Code   214  pwmout_api.o(i.pwmout_init)
    pwmout_period_us                         0x08007781   Thumb Code   350  pwmout_api.o(i.pwmout_period_us)
    pwmout_write                             0x0800791d   Thumb Code   160  pwmout_api.o(i.pwmout_write)
    serial_baud                              0x08007a23   Thumb Code     6  serial_device.o(i.serial_baud)
    serial_format                            0x08007a29   Thumb Code   178  serial_api.o(i.serial_format)
    serial_init                              0x08007b05   Thumb Code   300  serial_device.o(i.serial_init)
    serial_irq_handler                       0x08007c69   Thumb Code    14  serial_device.o(i.serial_irq_handler)
    serial_irq_handler_asynch                0x08007c81   Thumb Code   344  serial_device.o(i.serial_irq_handler_asynch)
    serial_putc                              0x08007ddd   Thumb Code    46  serial_device.o(i.serial_putc)
    serial_writable                          0x08007e11   Thumb Code    18  serial_api.o(i.serial_writable)
    ticker_irq_handler                       0x08007f21   Thumb Code    92  mbed_ticker_api.o(i.ticker_irq_handler)
    timer_irq_handler                        0x08007f7d   Thumb Code   138  hal_tick_16b.o(i.timer_irq_handler)
    us_ticker_clear_interrupt                0x08008045   Thumb Code    14  us_ticker_16b.o(i.us_ticker_clear_interrupt)
    us_ticker_disable_interrupt              0x0800805d   Thumb Code    16  us_ticker_16b.o(i.us_ticker_disable_interrupt)
    us_ticker_init                           0x08008075   Thumb Code    26  us_ticker_16b.o(i.us_ticker_init)
    us_ticker_irq_handler                    0x0800809d   Thumb Code     6  mbed_us_ticker_api.o(i.us_ticker_irq_handler)
    us_ticker_read                           0x080080a9   Thumb Code    78  us_ticker_16b.o(i.us_ticker_read)
    us_ticker_set_interrupt                  0x08008109   Thumb Code   150  us_ticker_16b.o(i.us_ticker_set_interrupt)
    wait                                     0x080081b1   Thumb Code    32  mbed_wait_api_no_rtos.o(i.wait)
    wait_ms                                  0x080081d5   Thumb Code    28  mbed_wait_api_no_rtos.o(i.wait_ms)
    wait_us                                  0x080081f1   Thumb Code    24  mbed_wait_api_no_rtos.o(i.wait_us)
    _get_lc_numeric                          0x08008209   Thumb Code    44  lc_numeric_c.o(locale$$code)
    _get_lc_ctype                            0x08008235   Thumb Code    44  lc_ctype_c.o(locale$$code)
    SingletonPtr<PlatformMutex>::operator ->() 0x08008261   Thumb Code    36  FileBase.o(t._ZN12SingletonPtrI13PlatformMutexEptEv)
    void mbed::Callback<void()>::function_call<void(*)()>(const void*) 0x0800828d   Thumb Code     4  SerialBase.o(t._ZN4mbed8CallbackIFvvEE13function_callIPS1_EEvPKv)
    void mbed::Callback<void()>::function_dtor<void(*)()>(void*) 0x08008291   Thumb Code     2  SerialBase.o(t._ZN4mbed8CallbackIFvvEE13function_dtorIPS1_EEvPv)
    void mbed::Callback<void()>::function_move<void(*)()>(void*, const void*) 0x08008293   Thumb Code    10  SerialBase.o(t._ZN4mbed8CallbackIFvvEE13function_moveIPS1_EEvPvPKv)
    mbed::Callback<void()>::~Callback()      0x0800829d   Thumb Code    18  Serial.o(t._ZN4mbed8CallbackIFvvEED1Ev)
    mbed::Callback<void()>::~Callback__sub_object() 0x0800829d   Thumb Code     0  Serial.o(t._ZN4mbed8CallbackIFvvEED1Ev)
    CThunk<mbed::SerialBase>::trampoline(mbed::SerialBase*, void*, void(mbed::SerialBase::**)(void*)) 0x080082af   Thumb Code    54  SerialBase.o(t._ZN6CThunkIN4mbed10SerialBaseEE10trampolineEPS1_PvPMS1_FvS4_E)
    CThunk<mbed::I2C>::trampoline(mbed::I2C*, void*, void(mbed::I2C::**)(void*)) 0x080082e5   Thumb Code    54  I2C.o(t._ZN6CThunkIN4mbed3I2CEE10trampolineEPS1_PvPMS1_FvS4_E)
    __aeabi_fadd                             0x0800831d   Thumb Code     0  faddsub_clz.o(x$fpl$fadd)
    _fadd                                    0x0800831d   Thumb Code   196  faddsub_clz.o(x$fpl$fadd)
    __aeabi_fdiv                             0x080083e1   Thumb Code     0  fdiv.o(x$fpl$fdiv)
    _fdiv                                    0x080083e1   Thumb Code   384  fdiv.o(x$fpl$fdiv)
    __aeabi_f2iz                             0x08008565   Thumb Code     0  ffix.o(x$fpl$ffix)
    _ffix                                    0x08008565   Thumb Code    54  ffix.o(x$fpl$ffix)
    __aeabi_f2uiz                            0x0800859d   Thumb Code     0  ffixu.o(x$fpl$ffixu)
    _ffixu                                   0x0800859d   Thumb Code    62  ffixu.o(x$fpl$ffixu)
    __aeabi_i2f                              0x080085dd   Thumb Code     0  fflt_clz.o(x$fpl$fflt)
    _fflt                                    0x080085dd   Thumb Code    48  fflt_clz.o(x$fpl$fflt)
    __aeabi_ui2f                             0x0800860d   Thumb Code     0  fflt_clz.o(x$fpl$ffltu)
    _ffltu                                   0x0800860d   Thumb Code    38  fflt_clz.o(x$fpl$ffltu)
    __aeabi_fmul                             0x08008635   Thumb Code     0  fmul.o(x$fpl$fmul)
    _fmul                                    0x08008635   Thumb Code   258  fmul.o(x$fpl$fmul)
    __fpl_fnaninf                            0x08008737   Thumb Code   140  fnaninf.o(x$fpl$fnaninf)
    __fpl_fretinf                            0x080087c3   Thumb Code    10  fretinf.o(x$fpl$fretinf)
    __aeabi_frsub                            0x080087cd   Thumb Code     0  faddsub_clz.o(x$fpl$frsb)
    _frsb                                    0x080087cd   Thumb Code    20  faddsub_clz.o(x$fpl$frsb)
    __aeabi_fsub                             0x080087e1   Thumb Code     0  faddsub_clz.o(x$fpl$fsub)
    _fsub                                    0x080087e1   Thumb Code   234  faddsub_clz.o(x$fpl$fsub)
    _printf_fp_dec                           0x080088cb   Thumb Code     4  printf1.o(x$fpl$printf1)
    _printf_fp_hex                           0x080088cf   Thumb Code     4  printf2.o(x$fpl$printf2)
    __I$use$fp                               0x080088d2   Number         0  usenofp.o(x$fpl$usenofp)
    __stdin_name                             0x080089c8   Data           7  mbed_retarget.o(.constdata)
    __stdout_name                            0x080089cf   Data           8  mbed_retarget.o(.constdata)
    __stderr_name                            0x080089d7   Data           8  mbed_retarget.o(.constdata)
    PinMap_I2C_SDA                           0x080089e0   Data          48  PeripheralPins.o(.constdata)
    PinMap_I2C_SCL                           0x08008a10   Data          48  PeripheralPins.o(.constdata)
    PinMap_PWM                               0x08008a40   Data         300  PeripheralPins.o(.constdata)
    PinMap_UART_TX                           0x08008b6c   Data          72  PeripheralPins.o(.constdata)
    PinMap_UART_RX                           0x08008bb4   Data          72  PeripheralPins.o(.constdata)
    ll_pin_defines                           0x08008bfc   Data          64  pinmap.o(.constdata)
    pwm_apb_map_table                        0x08008c3c   Data          40  pwmout_device.o(.constdata)
    AHBPrescTable                            0x08008c64   Data          16  system_stm32f1xx.o(.constdata)
    APBPrescTable                            0x08008c74   Data           8  system_stm32f1xx.o(.constdata)
    vtable for mbed::FileHandle              0x08008db8   Data          76  FileHandle.o(.constdata__ZTVN4mbed10FileHandleE)
    vtable for mbed::SerialBase              0x08008e04   Data          24  SerialBase.o(.constdata__ZTVN4mbed10SerialBaseE)
    vtable for mbed::I2C                     0x08008e1c   Data          24  I2C.o(.constdata__ZTVN4mbed3I2CE)
    vtable for mbed::Serial                  0x08008e34   Data         140  Serial.o(.constdata__ZTVN4mbed6SerialE)
    vtable for mbed::Stream                  0x08008ec0   Data         108  Stream.o(.constdata__ZTVN4mbed6StreamE)
    vtable for mbed::FileBase                0x08008f2c   Data          16  FileBase.o(.constdata__ZTVN4mbed8FileBaseE)
    SingletonPtr<PlatformMutex>::get()::string 0x08008f3c   Data          20  mbed_retarget.o(.constdata__ZZN12SingletonPtrI13PlatformMutexE3getEvEs)
    SingletonPtr<PlatformMutex>::get()::string (instance 2) 0x08008f50   Data          89  mbed_retarget.o(.constdata__ZZN12SingletonPtrI13PlatformMutexE3getEvEs_0)
    void mbed::Callback<void()>::generate<void(*)()>(const T1&)::ops 0x08008fac   Data          12  SerialBase.o(.constdata__ZZN4mbed8CallbackIFvvEE8generateIPS1_EEvRKT_E3ops)
    mbed::Callback<void()>::call() const::string 0x08008fb8   Data           5  SerialBase.o(.constdata__ZZNK4mbed8CallbackIFvvEE4callEvEs)
    mbed::Callback<void()>::call() const::string (instance 2) 0x08008fbd   Data          85  SerialBase.o(.constdata__ZZNK4mbed8CallbackIFvvEE4callEvEs_0)
    Region$$Table$$Base                      0x08009224   Number         0  anon$$obj.o(Region$$Table)
    Region$$Table$$Limit                     0x08009244   Number         0  anon$$obj.o(Region$$Table)
    __ctype                                  0x0800926d   Data           0  lc_ctype_c.o(locale$$data)
    SHT$$INIT_ARRAY$$Base                    0x08009370   Number         0  max30102.o(.init_array)
    SHT$$INIT_ARRAY$$Limit                   0x08009378   Number         0  init_aeabi.o(.init_array)
    PreviousVal                              0x200000f4   Data           4  hal_tick_16b.o(.data)
    stdio_uart_inited                        0x20000100   Data           4  serial_device.o(.data)
    uwTick                                   0x20000108   Data           4  stm32f1xx_hal.o(.data)
    SystemCoreClock                          0x2000010c   Data           4  system_stm32f1xx.o(.data)
    SlaveCounter                             0x20000110   Data           4  us_ticker_16b.o(.data)
    oc_int_part                              0x20000114   Data           4  us_ticker_16b.o(.data)
    n_ir_buffer_length                       0x2000011c   Data           4  main.o(.data)
    n_sp02                                   0x20000120   Data           4  main.o(.data)
    ch_spo2_valid                            0x20000124   Data           1  main.o(.data)
    n_heart_rate                             0x20000128   Data           4  main.o(.data)
    ch_hr_valid                              0x2000012c   Data           1  main.o(.data)
    uch_dummy                                0x2000012d   Data           1  main.o(.data)
    mbed::I2C::_owner                        0x20000130   Data           4  I2C.o(.data)
    mbed::I2C::_mutex                        0x20000134   Data           8  I2C.o(.data)
    mbed::FileBase::_head                    0x20000148   Data           4  FileBase.o(.data)
    mbed::FileBase::_mutex                   0x2000014c   Data           8  FileBase.o(.data)
    __aeabi_stdin                            0x20000154   Data           4  stdio_streams.o(.data)
    __aeabi_stdout                           0x20000158   Data           4  stdio_streams.o(.data)
    __aeabi_stderr                           0x2000015c   Data           4  stdio_streams.o(.data)
    i2c                                      0x200018c4   Data         216  max30102.o(.bss)
    uart_handlers                            0x20001b84   Data         192  serial_device.o(.bss)
    stdio_uart                               0x20001c44   Data          76  serial_device.o(.bss)
    TimMasterHandle                          0x20001c90   Data          64  us_ticker_16b.o(.bss)
    aun_ir_buffer                            0x20003430   Data        2000  main.o(.bss)
    aun_red_buffer                           0x20003c00   Data        2000  main.o(.bss)
    pc                                       0x200043d0   Data         216  main.o(.bss)
    pwmled                                   0x200044a8   Data          24  main.o(.bss)
    INT                                      0x200044c0   Data          28  main.o(.bss)
    led                                      0x200044dc   Data          28  main.o(.bss)
    __stdin                                  0x20004514   Data          84  stdio_streams.o(.bss)
    __stdout                                 0x20004568   Data          84  stdio_streams.o(.bss)
    __stderr                                 0x200045bc   Data          84  stdio_streams.o(.bss)
    Image$$RW_IRAM1$$ZI$$Limit               0x20004628   Number         0  anon$$obj.o ABSOLUTE



==============================================================================

Memory Map of the image

  Image Entry point : 0x080000ed

  Load Region LR_IROM1 (Base: 0x08000000, Size: 0x000093f0, Max: 0x00020000, ABSOLUTE)

    Execution Region ER_IROM1 (Exec base: 0x08000000, Load base: 0x08000000, Size: 0x00009378, Max: 0x00020000, ABSOLUTE)

    Exec Addr    Load Addr    Size         Type   Attr      Idx    E Section Name        Object

    0x08000000   0x08000000   0x000000ec   Data   RO         1351    RESET               startup_stm32f103xb.o
    0x080000ec   0x080000ec   0x00000008   Code   RO         4359  * !!!main             c_w.l(__main.o)
    0x080000f4   0x080000f4   0x00000034   Code   RO         5058    !!!scatter          c_w.l(__scatter.o)
    0x08000128   0x08000128   0x0000001a   Code   RO         5060    !!handler_copy      c_w.l(__scatter_copy.o)
    0x08000142   0x08000142   0x00000002   PAD
    0x08000144   0x08000144   0x0000001c   Code   RO         5062    !!handler_zi        c_w.l(__scatter_zi.o)
    0x08000160   0x08000160   0x00000000   Code   RO         4304    .ARM.Collect$$_printf_percent$$00000000  c_w.l(_printf_percent.o)
    0x08000160   0x08000160   0x00000006   Code   RO         4572    .ARM.Collect$$_printf_percent$$00000001  c_w.l(_printf_n.o)
    0x08000166   0x08000166   0x00000006   Code   RO         4303    .ARM.Collect$$_printf_percent$$00000002  c_w.l(_printf_p.o)
    0x0800016c   0x0800016c   0x00000006   Code   RO         4578    .ARM.Collect$$_printf_percent$$00000003  c_w.l(_printf_f.o)
    0x08000172   0x08000172   0x00000006   Code   RO         4579    .ARM.Collect$$_printf_percent$$00000004  c_w.l(_printf_e.o)
    0x08000178   0x08000178   0x00000006   Code   RO         4580    .ARM.Collect$$_printf_percent$$00000005  c_w.l(_printf_g.o)
    0x0800017e   0x0800017e   0x00000006   Code   RO         4581    .ARM.Collect$$_printf_percent$$00000006  c_w.l(_printf_a.o)
    0x08000184   0x08000184   0x0000000a   Code   RO         4586    .ARM.Collect$$_printf_percent$$00000007  c_w.l(_printf_ll.o)
    0x0800018e   0x0800018e   0x00000006   Code   RO         4575    .ARM.Collect$$_printf_percent$$00000008  c_w.l(_printf_i.o)
    0x08000194   0x08000194   0x00000006   Code   RO         4576    .ARM.Collect$$_printf_percent$$00000009  c_w.l(_printf_d.o)
    0x0800019a   0x0800019a   0x00000006   Code   RO         4577    .ARM.Collect$$_printf_percent$$0000000A  c_w.l(_printf_u.o)
    0x080001a0   0x080001a0   0x00000006   Code   RO         4574    .ARM.Collect$$_printf_percent$$0000000B  c_w.l(_printf_o.o)
    0x080001a6   0x080001a6   0x00000006   Code   RO         4573    .ARM.Collect$$_printf_percent$$0000000C  c_w.l(_printf_x.o)
    0x080001ac   0x080001ac   0x00000006   Code   RO         4583    .ARM.Collect$$_printf_percent$$0000000D  c_w.l(_printf_lli.o)
    0x080001b2   0x080001b2   0x00000006   Code   RO         4584    .ARM.Collect$$_printf_percent$$0000000E  c_w.l(_printf_lld.o)
    0x080001b8   0x080001b8   0x00000006   Code   RO         4585    .ARM.Collect$$_printf_percent$$0000000F  c_w.l(_printf_llu.o)
    0x080001be   0x080001be   0x00000006   Code   RO         4590    .ARM.Collect$$_printf_percent$$00000010  c_w.l(_printf_llo.o)
    0x080001c4   0x080001c4   0x00000006   Code   RO         4591    .ARM.Collect$$_printf_percent$$00000011  c_w.l(_printf_llx.o)
    0x080001ca   0x080001ca   0x0000000a   Code   RO         4587    .ARM.Collect$$_printf_percent$$00000012  c_w.l(_printf_l.o)
    0x080001d4   0x080001d4   0x00000006   Code   RO         4570    .ARM.Collect$$_printf_percent$$00000013  c_w.l(_printf_c.o)
    0x080001da   0x080001da   0x00000006   Code   RO         4571    .ARM.Collect$$_printf_percent$$00000014  c_w.l(_printf_s.o)
    0x080001e0   0x080001e0   0x00000006   Code   RO         4588    .ARM.Collect$$_printf_percent$$00000015  c_w.l(_printf_lc.o)
    0x080001e6   0x080001e6   0x00000006   Code   RO         4589    .ARM.Collect$$_printf_percent$$00000016  c_w.l(_printf_ls.o)
    0x080001ec   0x080001ec   0x00000004   Code   RO         4582    .ARM.Collect$$_printf_percent$$00000017  c_w.l(_printf_percent_end.o)
    0x080001f0   0x080001f0   0x00000002   Code   RO         4921    .ARM.Collect$$libinit$$00000000  c_w.l(libinit.o)
    0x080001f2   0x080001f2   0x00000000   Code   RO         4640    .ARM.Collect$$libinit$$00000002  c_w.l(libinit2.o)
    0x080001f2   0x080001f2   0x00000000   Code   RO         4642    .ARM.Collect$$libinit$$00000004  c_w.l(libinit2.o)
    0x080001f2   0x080001f2   0x00000008   Code   RO         4643    .ARM.Collect$$libinit$$00000005  c_w.l(libinit2.o)
    0x080001fa   0x080001fa   0x00000000   Code   RO         4645    .ARM.Collect$$libinit$$0000000A  c_w.l(libinit2.o)
    0x080001fa   0x080001fa   0x00000000   Code   RO         4647    .ARM.Collect$$libinit$$0000000C  c_w.l(libinit2.o)
    0x080001fa   0x080001fa   0x00000000   Code   RO         4649    .ARM.Collect$$libinit$$0000000E  c_w.l(libinit2.o)
    0x080001fa   0x080001fa   0x00000006   Code   RO         4650    .ARM.Collect$$libinit$$0000000F  c_w.l(libinit2.o)
    0x08000200   0x08000200   0x00000000   Code   RO         4652    .ARM.Collect$$libinit$$00000011  c_w.l(libinit2.o)
    0x08000200   0x08000200   0x0000000c   Code   RO         4653    .ARM.Collect$$libinit$$00000012  c_w.l(libinit2.o)
    0x0800020c   0x0800020c   0x00000000   Code   RO         4654    .ARM.Collect$$libinit$$00000013  c_w.l(libinit2.o)
    0x0800020c   0x0800020c   0x00000000   Code   RO         4656    .ARM.Collect$$libinit$$00000015  c_w.l(libinit2.o)
    0x0800020c   0x0800020c   0x0000000a   Code   RO         4657    .ARM.Collect$$libinit$$00000016  c_w.l(libinit2.o)
    0x08000216   0x08000216   0x00000000   Code   RO         4658    .ARM.Collect$$libinit$$00000017  c_w.l(libinit2.o)
    0x08000216   0x08000216   0x00000000   Code   RO         4660    .ARM.Collect$$libinit$$00000019  c_w.l(libinit2.o)
    0x08000216   0x08000216   0x00000000   Code   RO         4662    .ARM.Collect$$libinit$$0000001B  c_w.l(libinit2.o)
    0x08000216   0x08000216   0x00000000   Code   RO         4664    .ARM.Collect$$libinit$$0000001D  c_w.l(libinit2.o)
    0x08000216   0x08000216   0x00000000   Code   RO         4666    .ARM.Collect$$libinit$$0000001F  c_w.l(libinit2.o)
    0x08000216   0x08000216   0x00000000   Code   RO         4668    .ARM.Collect$$libinit$$00000021  c_w.l(libinit2.o)
    0x08000216   0x08000216   0x00000000   Code   RO         4670    .ARM.Collect$$libinit$$00000023  c_w.l(libinit2.o)
    0x08000216   0x08000216   0x00000004   Code   RO         4671    .ARM.Collect$$libinit$$00000024  c_w.l(libinit2.o)
    0x0800021a   0x0800021a   0x00000000   Code   RO         4672    .ARM.Collect$$libinit$$00000025  c_w.l(libinit2.o)
    0x0800021a   0x0800021a   0x00000000   Code   RO         4676    .ARM.Collect$$libinit$$0000002C  c_w.l(libinit2.o)
    0x0800021a   0x0800021a   0x00000000   Code   RO         4678    .ARM.Collect$$libinit$$0000002E  c_w.l(libinit2.o)
    0x0800021a   0x0800021a   0x00000000   Code   RO         4680    .ARM.Collect$$libinit$$00000030  c_w.l(libinit2.o)
    0x0800021a   0x0800021a   0x00000004   Code   RO         4681    .ARM.Collect$$libinit$$00000031  c_w.l(libinit2.o)
    0x0800021e   0x0800021e   0x00000000   Code   RO         4682    .ARM.Collect$$libinit$$00000032  c_w.l(libinit2.o)
    0x0800021e   0x0800021e   0x00000002   Code   RO         4683    .ARM.Collect$$libinit$$00000033  c_w.l(libinit2.o)
    0x08000220   0x08000220   0x00000000   Code   RO         4823    .ARM.Collect$$libshutdown$$00000004  c_w.l(libshutdown2.o)
    0x08000220   0x08000220   0x00000000   Code   RO         4513    .ARM.Collect$$rtentry$$00000000  c_w.l(__rtentry.o)
    0x08000220   0x08000220   0x00000000   Code   RO         4720    .ARM.Collect$$rtentry$$00000002  c_w.l(__rtentry2.o)
    0x08000220   0x08000220   0x00000006   Code   RO         4732    .ARM.Collect$$rtentry$$00000004  c_w.l(__rtentry4.o)
    0x08000226   0x08000226   0x00000008   Code   RO         4721    .ARM.Collect$$rtentry$$00000008  c_w.l(__rtentry2.o)
    0x0800022e   0x0800022e   0x00000004   Code   RO         4723    .ARM.Collect$$rtentry$$0000000A  c_w.l(__rtentry2.o)
    0x08000232   0x08000232   0x00000000   Code   RO         4725    .ARM.Collect$$rtentry$$0000000C  c_w.l(__rtentry2.o)
    0x08000232   0x08000232   0x00000008   Code   RO         4726    .ARM.Collect$$rtentry$$0000000D  c_w.l(__rtentry2.o)
    0x0800023a   0x0800023a   0x00000002   PAD
    0x0800023c   0x0800023c   0x00000000   Code   RO         4738    .emb_text           c_w.l(maybetermalloc1.o)
    0x0800023c   0x0800023c   0x00000024   Code   RO         1352    .text               startup_stm32f103xb.o
    0x08000260   0x08000260   0x00000008   Code   RO         4183    .text               c_w.l(rt_errno_addr.o)
    0x08000268   0x08000268   0x0000005e   Code   RO         4192    .text               c_w.l(h1_alloc.o)
    0x080002c6   0x080002c6   0x0000004e   Code   RO         4194    .text               c_w.l(h1_free.o)
    0x08000314   0x08000314   0x00000034   Code   RO         4252    .text               c_w.l(vsnprintf.o)
    0x08000348   0x08000348   0x0000000a   Code   RO         4254    .text               c_w.l(c89vfprintf.o)
    0x08000352   0x08000352   0x00000002   PAD
    0x08000354   0x08000354   0x0000002c   Code   RO         4256    .text               c_w.l(__2sprintf.o)
    0x08000380   0x08000380   0x00000094   Code   RO         4280    .text               c_w.l(_printf_hex_int_ll_ptr.o)
    0x08000414   0x08000414   0x00000188   Code   RO         4300    .text               c_w.l(__printf_flags_ss_wp.o)
    0x0800059c   0x0800059c   0x0000003c   Code   RO         4307    .text               c_w.l(__0sscanf.o)
    0x080005d8   0x080005d8   0x0000014c   Code   RO         4309    .text               c_w.l(_scanf_int.o)
    0x08000724   0x08000724   0x00000064   Code   RO         4311    .text               c_w.l(fflush.o)
    0x08000788   0x08000788   0x000000ec   Code   RO         4325    .text               c_w.l(fopen.o)
    0x08000874   0x08000874   0x00000014   Code   RO         4327    .text               c_w.l(setbuf.o)
    0x08000888   0x08000888   0x0000004c   Code   RO         4335    .text               c_w.l(fclose.o)
    0x080008d4   0x080008d4   0x0000003e   Code   RO         4347    .text               c_w.l(strlen.o)
    0x08000912   0x08000912   0x00000096   Code   RO         4349    .text               c_w.l(strncmp.o)
    0x080009a8   0x080009a8   0x00000064   Code   RO         4351    .text               c_w.l(rt_memcpy_w.o)
    0x08000a0c   0x08000a0c   0x0000004e   Code   RO         4355    .text               c_w.l(rt_memclr_w.o)
    0x08000a5a   0x08000a5a   0x00000002   PAD
    0x08000a5c   0x08000a5c   0x00000080   Code   RO         4357    .text               c_w.l(strcmpv7m.o)
    0x08000adc   0x08000adc   0x00000024   Code   RO         4364    .text               c_w.l(init_aeabi.o)
    0x08000b00   0x08000b00   0x00000022   Code   RO         4476    .text               cpprt_w.l(aeabi_vec_dtor_noexceptions.o)
    0x08000b22   0x08000b22   0x00000002   PAD
    0x08000b24   0x08000b24   0x00000008   Code   RO         4514    .text               c_w.l(rt_heap_descriptor.o)
    0x08000b2c   0x08000b2c   0x00000004   Code   RO         4519    .text               c_w.l(hguard.o)
    0x08000b30   0x08000b30   0x0000008a   Code   RO         4521    .text               c_w.l(init_alloc.o)
    0x08000bba   0x08000bba   0x0000000e   Code   RO         4525    .text               c_w.l(h1_init.o)
    0x08000bc8   0x08000bc8   0x0000004e   Code   RO         4539    .text               c_w.l(_printf_pad.o)
    0x08000c16   0x08000c16   0x00000024   Code   RO         4541    .text               c_w.l(_printf_truncate.o)
    0x08000c3a   0x08000c3a   0x00000052   Code   RO         4543    .text               c_w.l(_printf_str.o)
    0x08000c8c   0x08000c8c   0x000000b2   Code   RO         4545    .text               c_w.l(_printf_intcommon.o)
    0x08000d3e   0x08000d3e   0x00000002   PAD
    0x08000d40   0x08000d40   0x00000078   Code   RO         4547    .text               c_w.l(_printf_dec.o)
    0x08000db8   0x08000db8   0x00000028   Code   RO         4549    .text               c_w.l(_printf_charcount.o)
    0x08000de0   0x08000de0   0x00000030   Code   RO         4551    .text               c_w.l(_printf_char_common.o)
    0x08000e10   0x08000e10   0x0000000a   Code   RO         4553    .text               c_w.l(_sputc.o)
    0x08000e1a   0x08000e1a   0x00000010   Code   RO         4555    .text               c_w.l(_snputc.o)
    0x08000e2a   0x08000e2a   0x00000002   PAD
    0x08000e2c   0x08000e2c   0x00000024   Code   RO         4557    .text               c_w.l(_printf_char_file.o)
    0x08000e50   0x08000e50   0x000000bc   Code   RO         4559    .text               c_w.l(_printf_wctomb.o)
    0x08000f0c   0x08000f0c   0x0000007c   Code   RO         4562    .text               c_w.l(_printf_longlong_dec.o)
    0x08000f88   0x08000f88   0x00000070   Code   RO         4568    .text               c_w.l(_printf_oct_int_ll.o)
    0x08000ff8   0x08000ff8   0x0000001c   Code   RO         4592    .text               c_w.l(_chval.o)
    0x08001014   0x08001014   0x0000002c   Code   RO         4598    .text               c_w.l(scanf_char.o)
    0x08001040   0x08001040   0x00000040   Code   RO         4600    .text               c_w.l(_sgetc.o)
    0x08001080   0x08001080   0x00000008   Code   RO         4610    .text               c_w.l(ferror.o)
    0x08001088   0x08001088   0x000001d6   Code   RO         4614    .text               c_w.l(flsbuf.o)
    0x0800125e   0x0800125e   0x00000002   PAD
    0x08001260   0x08001260   0x000000f8   Code   RO         4616    .text               c_w.l(fseek.o)
    0x08001358   0x08001358   0x00000046   Code   RO         4618    .text               c_w.l(setvbuf.o)
    0x0800139e   0x0800139e   0x00000002   PAD
    0x080013a0   0x080013a0   0x000000f0   Code   RO         4620    .text               c_w.l(stdio.o)
    0x08001490   0x08001490   0x00000138   Code   RO         4623    .text               c_w.l(initio.o)
    0x080015c8   0x080015c8   0x0000000e   Code   RO         4631    .text               c_w.l(defsig_pvfn_outer.o)
    0x080015d6   0x080015d6   0x00000034   Code   RO         4740    .text               c_w.l(h1_extend.o)
    0x0800160a   0x0800160a   0x0000008a   Code   RO         4744    .text               c_w.l(lludiv10.o)
    0x08001694   0x08001694   0x00000012   Code   RO         4746    .text               c_w.l(isspace.o)
    0x080016a6   0x080016a6   0x0000041e   Code   RO         4748    .text               c_w.l(_printf_fp_dec.o)
    0x08001ac4   0x08001ac4   0x000002fc   Code   RO         4750    .text               c_w.l(_printf_fp_hex.o)
    0x08001dc0   0x08001dc0   0x0000002c   Code   RO         4755    .text               c_w.l(_printf_char.o)
    0x08001dec   0x08001dec   0x0000002c   Code   RO         4759    .text               c_w.l(_printf_wchar.o)
    0x08001e18   0x08001e18   0x00000374   Code   RO         4761    .text               c_w.l(_scanf.o)
    0x0800218c   0x0800218c   0x00000042   Code   RO         4771    .text               c_w.l(ftell.o)
    0x080021ce   0x080021ce   0x00000040   Code   RO         4797    .text               c_w.l(_wcrtomb.o)
    0x0800220e   0x0800220e   0x0000000a   Code   RO         4799    .text               c_w.l(defsig_exit.o)
    0x08002218   0x08002218   0x0000000e   Code   RO         4801    .text               c_w.l(defsig_rtred_outer.o)
    0x08002226   0x08002226   0x0000000e   Code   RO         4805    .text               c_w.l(defsig_rtmem_outer.o)
    0x08002234   0x08002234   0x00000030   Code   RO         4809    .text               c_w.l(defsig_pvfn_inner.o)
    0x08002264   0x08002264   0x00000050   Code   RO         4813    .text               c_w.l(heapauxa.o)
    0x080022b4   0x080022b4   0x0000000c   Code   RO         4854    .text               c_w.l(sys_exit.o)
    0x080022c0   0x080022c0   0x00000010   Code   RO         4856    .text               c_w.l(rt_ctype_table.o)
    0x080022d0   0x080022d0   0x00000008   Code   RO         4858    .text               c_w.l(rt_locale.o)
    0x080022d8   0x080022d8   0x00000080   Code   RO         4870    .text               c_w.l(_printf_fp_infnan.o)
    0x08002358   0x08002358   0x000000e4   Code   RO         4872    .text               c_w.l(bigflt0.o)
    0x0800243c   0x0800243c   0x00000032   Code   RO         4906    .text               c_w.l(defsig_general.o)
    0x0800246e   0x0800246e   0x00000002   PAD
    0x08002470   0x08002470   0x00000034   Code   RO         4908    .text               c_w.l(defsig_rtred_inner.o)
    0x080024a4   0x080024a4   0x00000050   Code   RO         4910    .text               c_w.l(defsig_rtmem_inner.o)
    0x080024f4   0x080024f4   0x0000000e   Code   RO         4952    .text               c_w.l(sys_wrch.o)
    0x08002502   0x08002502   0x00000002   Code   RO         4954    .text               c_w.l(use_no_semi.o)
    0x08002504   0x08002504   0x00000000   Code   RO         4956    .text               c_w.l(indicate_semi.o)
    0x08002504   0x08002504   0x0000003e   Code   RO         4875    CL$$btod_d2e        c_w.l(btod.o)
    0x08002542   0x08002542   0x00000046   Code   RO         4877    CL$$btod_d2e_denorm_low  c_w.l(btod.o)
    0x08002588   0x08002588   0x00000060   Code   RO         4876    CL$$btod_d2e_norm_op1  c_w.l(btod.o)
    0x080025e8   0x080025e8   0x00000338   Code   RO         4885    CL$$btod_div_common  c_w.l(btod.o)
    0x08002920   0x08002920   0x000000dc   Code   RO         4882    CL$$btod_e2e        c_w.l(btod.o)
    0x080029fc   0x080029fc   0x0000002a   Code   RO         4879    CL$$btod_ediv       c_w.l(btod.o)
    0x08002a26   0x08002a26   0x0000002a   Code   RO         4878    CL$$btod_emul       c_w.l(btod.o)
    0x08002a50   0x08002a50   0x00000244   Code   RO         4884    CL$$btod_mult_common  c_w.l(btod.o)
    0x08002c94   0x08002c94   0x0000000e   Code   RO         1140    i.$Sub$$main        mbed_sdk_boot.o
    0x08002ca2   0x08002ca2   0x00000006   Code   RO         3715    i.<Func3>           mbed.ar(SerialBase.o)
    0x08002ca8   0x08002ca8   0x0000000c   Code   RO          777    i.CAN1_SCE_IRQHandler  can_api.o
    0x08002cb4   0x08002cb4   0x000000a8   Code   RO         1613    i.HAL_DMA_Abort_IT  stm32f1xx_hal_dma.o
    0x08002d5c   0x08002d5c   0x0000000c   Code   RO         1368    i.HAL_GetTick       stm32f1xx_hal.o
    0x08002d68   0x08002d68   0x00000028   Code   RO          904    i.HAL_I2C_AbortCpltCallback  i2c_api.o
    0x08002d90   0x08002d90   0x00000018   Code   RO          905    i.HAL_I2C_AddrCallback  i2c_api.o
    0x08002da8   0x08002da8   0x00000160   Code   RO         1743    i.HAL_I2C_ER_IRQHandler  stm32f1xx_hal_i2c.o
    0x08002f08   0x08002f08   0x00000740   Code   RO         1744    i.HAL_I2C_EV_IRQHandler  stm32f1xx_hal_i2c.o
    0x08003648   0x08003648   0x0000003c   Code   RO         1745    i.HAL_I2C_EnableListen_IT  stm32f1xx_hal_i2c.o
    0x08003684   0x08003684   0x00000074   Code   RO          906    i.HAL_I2C_ErrorCallback  i2c_api.o
    0x080036f8   0x080036f8   0x00000108   Code   RO         1750    i.HAL_I2C_Init      stm32f1xx_hal_i2c.o
    0x08003800   0x08003800   0x00000004   Code   RO          907    i.HAL_I2C_ListenCpltCallback  i2c_api.o
    0x08003804   0x08003804   0x00000008   Code   RO          908    i.HAL_I2C_MasterRxCpltCallback  i2c_api.o
    0x0800380c   0x0800380c   0x00000044   Code   RO          909    i.HAL_I2C_MasterTxCpltCallback  i2c_api.o
    0x08003850   0x08003850   0x000000f8   Code   RO         1759    i.HAL_I2C_Master_Sequential_Receive_IT  stm32f1xx_hal_i2c.o
    0x08003948   0x08003948   0x00000100   Code   RO         1760    i.HAL_I2C_Master_Sequential_Transmit_IT  stm32f1xx_hal_i2c.o
    0x08003a48   0x08003a48   0x00000002   Code   RO         1764    i.HAL_I2C_MemRxCpltCallback  stm32f1xx_hal_i2c.o
    0x08003a4a   0x08003a4a   0x00000002   Code   RO         1765    i.HAL_I2C_MemTxCpltCallback  stm32f1xx_hal_i2c.o
    0x08003a4c   0x08003a4c   0x00000002   Code   RO         1773    i.HAL_I2C_MspInit   stm32f1xx_hal_i2c.o
    0x08003a4e   0x08003a4e   0x00000008   Code   RO          910    i.HAL_I2C_SlaveRxCpltCallback  i2c_api.o
    0x08003a56   0x08003a56   0x00000008   Code   RO          911    i.HAL_I2C_SlaveTxCpltCallback  i2c_api.o
    0x08003a5e   0x08003a5e   0x00000002   PAD
    0x08003a60   0x08003a60   0x00000010   Code   RO         1370    i.HAL_IncTick       stm32f1xx_hal.o
    0x08003a70   0x08003a70   0x00000024   Code   RO         1371    i.HAL_Init          stm32f1xx_hal.o
    0x08003a94   0x08003a94   0x000000c8   Code   RO          883    i.HAL_InitTick      hal_tick_16b.o
    0x08003b5c   0x08003b5c   0x00000002   Code   RO         1374    i.HAL_MspInit       stm32f1xx_hal.o
    0x08003b5e   0x08003b5e   0x00000026   Code   RO         1545    i.HAL_NVIC_DisableIRQ  stm32f1xx_hal_cortex.o
    0x08003b84   0x08003b84   0x00000024   Code   RO         1553    i.HAL_NVIC_SetPriorityGrouping  stm32f1xx_hal_cortex.o
    0x08003ba8   0x08003ba8   0x000001e0   Code   RO         2106    i.HAL_RCC_ClockConfig  stm32f1xx_hal_rcc.o
    0x08003d88   0x08003d88   0x00000040   Code   RO         2110    i.HAL_RCC_GetClockConfig  stm32f1xx_hal_rcc.o
    0x08003dc8   0x08003dc8   0x00000020   Code   RO         2113    i.HAL_RCC_GetPCLK1Freq  stm32f1xx_hal_rcc.o
    0x08003de8   0x08003de8   0x00000020   Code   RO         2114    i.HAL_RCC_GetPCLK2Freq  stm32f1xx_hal_rcc.o
    0x08003e08   0x08003e08   0x00000074   Code   RO         2115    i.HAL_RCC_GetSysClockFreq  stm32f1xx_hal_rcc.o
    0x08003e7c   0x08003e7c   0x000003a0   Code   RO         2118    i.HAL_RCC_OscConfig  stm32f1xx_hal_rcc.o
    0x0800421c   0x0800421c   0x0000002c   Code   RO         2672    i.HAL_TIMEx_PWMN_Start  stm32f1xx_hal_tim_ex.o
    0x08004248   0x08004248   0x00000036   Code   RO         2448    i.HAL_TIM_Base_Init  stm32f1xx_hal_tim.o
    0x0800427e   0x0800427e   0x00000002   Code   RO         2450    i.HAL_TIM_Base_MspInit  stm32f1xx_hal_tim.o
    0x08004280   0x08004280   0x0000001a   Code   RO         2451    i.HAL_TIM_Base_Start  stm32f1xx_hal_tim.o
    0x0800429a   0x0800429a   0x00000026   Code   RO         2476    i.HAL_TIM_GenerateEvent  stm32f1xx_hal_tim.o
    0x080042c0   0x080042c0   0x00000036   Code   RO         2498    i.HAL_TIM_OC_Start  stm32f1xx_hal_tim.o
    0x080042f6   0x080042f6   0x00000002   PAD
    0x080042f8   0x080042f8   0x00000210   Code   RO         2514    i.HAL_TIM_PWM_ConfigChannel  stm32f1xx_hal_tim.o
    0x08004508   0x08004508   0x00000036   Code   RO         2517    i.HAL_TIM_PWM_Init  stm32f1xx_hal_tim.o
    0x0800453e   0x0800453e   0x00000002   Code   RO         2519    i.HAL_TIM_PWM_MspInit  stm32f1xx_hal_tim.o
    0x08004540   0x08004540   0x00000036   Code   RO         2521    i.HAL_TIM_PWM_Start  stm32f1xx_hal_tim.o
    0x08004576   0x08004576   0x00000030   Code   RO         1281    i.HAL_UART_ErrorCallback  serial_device.o
    0x080045a6   0x080045a6   0x00000002   PAD
    0x080045a8   0x080045a8   0x000002ac   Code   RO         2744    i.HAL_UART_IRQHandler  stm32f1xx_hal_uart.o
    0x08004854   0x08004854   0x00000062   Code   RO         2745    i.HAL_UART_Init     stm32f1xx_hal_uart.o
    0x080048b6   0x080048b6   0x00000002   Code   RO         2747    i.HAL_UART_MspInit  stm32f1xx_hal_uart.o
    0x080048b8   0x080048b8   0x00000002   Code   RO         2751    i.HAL_UART_RxCpltCallback  stm32f1xx_hal_uart.o
    0x080048ba   0x080048ba   0x00000012   Code   RO         1282    i.HAL_UART_TxCpltCallback  serial_device.o
    0x080048cc   0x080048cc   0x0000004e   Code   RO         1784    i.I2C_DMAAbort      stm32f1xx_hal_i2c.o
    0x0800491a   0x0800491a   0x00000002   PAD
    0x0800491c   0x0800491c   0x00000134   Code   RO         1787    i.I2C_ITError       stm32f1xx_hal_i2c.o
    0x08004a50   0x08004a50   0x000000c4   Code   RO         3063    i.SetSysClock       system_clock.o
    0x08004b14   0x08004b14   0x000000b8   Code   RO          825    i.Set_GPIO_Clock    gpio_api.o
    0x08004bcc   0x08004bcc   0x00000070   Code   RO         3077    i.SystemCoreClockUpdate  system_stm32f1xx.o
    0x08004c3c   0x08004c3c   0x00000048   Code   RO         3066    i.SystemInit        system_clock.o
    0x08004c84   0x08004c84   0x00000078   Code   RO         2532    i.TIM_Base_SetConfig  stm32f1xx_hal_tim.o
    0x08004cfc   0x08004cfc   0x00000010   Code   RO         2758    i.UART_DMAAbortOnError  stm32f1xx_hal_uart.o
    0x08004d0c   0x08004d0c   0x000001b4   Code   RO         2768    i.UART_SetConfig    stm32f1xx_hal_uart.o
    0x08004ec0   0x08004ec0   0x0000000c   Code   RO          778    i.USB_HP_CAN1_TX_IRQHandler  can_api.o
    0x08004ecc   0x08004ecc   0x0000000c   Code   RO          779    i.USB_LP_CAN1_RX0_IRQHandler  can_api.o
    0x08004ed8   0x08004ed8   0x00000042   Code   RO            4    i._Z16maxim_find_peaksPiS_S_iiii  algorithm.o
    0x08004f1a   0x08004f1a   0x00000036   Code   RO            5    i._Z17maxim_sort_ascendPii  algorithm.o
    0x08004f50   0x08004f50   0x000000a0   Code   RO          586    i._Z19maxim_max30102_initv  max30102.o
    0x08004ff0   0x08004ff0   0x00000014   Code   RO          587    i._Z20maxim_max30102_resetv  max30102.o
    0x08005004   0x08005004   0x00000044   Code   RO          588    i._Z23maxim_max30102_read_reghPh  max30102.o
    0x08005048   0x08005048   0x000000ac   Code   RO          589    i._Z24maxim_max30102_read_fifoPjS_  max30102.o
    0x080050f4   0x080050f4   0x0000002c   Code   RO          590    i._Z24maxim_max30102_write_reghh  max30102.o
    0x08005120   0x08005120   0x00000072   Code   RO            6    i._Z24maxim_remove_close_peaksPiS_S_i  algorithm.o
    0x08005192   0x08005192   0x00000040   Code   RO            7    i._Z26maxim_sort_indices_descendPiS_i  algorithm.o
    0x080051d2   0x080051d2   0x0000007a   Code   RO            8    i._Z28maxim_peaks_above_min_heightPiS_S_ii  algorithm.o
    0x0800524c   0x0800524c   0x00000500   Code   RO            9    i._Z38maxim_heart_rate_and_oxygen_saturationPjiS_PiPaS0_S1_  algorithm.o
    0x0800574c   0x0800574c   0x0000001c   Code   RO         3171    i._ZN4mbed10DigitalOutaSEi  main.o
    0x08005768   0x08005768   0x00000034   Code   RO         4145    i._ZN4mbed10FileHandle4sizeEv  mbed.ar(FileHandle.o)
    0x0800579c   0x0800579c   0x00000004   Code   RO         4166    i._ZN4mbed10FileHandle6isattyEv  mbed.ar(FileHandle.o)
    0x080057a0   0x080057a0   0x0000000e   Code   RO         3717    i._ZN4mbed10SerialBase10_base_putcEi  mbed.ar(SerialBase.o)
    0x080057ae   0x080057ae   0x00000002   PAD
    0x080057b0   0x080057b0   0x00000030   Code   RO         3723    i._ZN4mbed10SerialBase12_irq_handlerEj9SerialIrq  mbed.ar(SerialBase.o)
    0x080057e0   0x080057e0   0x0000003e   Code   RO         3727    i._ZN4mbed10SerialBase24interrupt_handler_asynchEv  mbed.ar(SerialBase.o)
    0x0800581e   0x0800581e   0x00000028   Code   RO         3728    i._ZN4mbed10SerialBase4baudEi  mbed.ar(SerialBase.o)
    0x08005846   0x08005846   0x00000002   Code   RO         3729    i._ZN4mbed10SerialBase4lockEv  mbed.ar(SerialBase.o)
    0x08005848   0x08005848   0x00000030   Code   RO         3735    i._ZN4mbed10SerialBase6formatEiNS0_6ParityEi  mbed.ar(SerialBase.o)
    0x08005878   0x08005878   0x00000002   Code   RO         3736    i._ZN4mbed10SerialBase6unlockEv  mbed.ar(SerialBase.o)
    0x0800587a   0x0800587a   0x00000002   PAD
    0x0800587c   0x0800587c   0x00000100   Code   RO         3739    i._ZN4mbed10SerialBaseC1E7PinNameS1_i  mbed.ar(SerialBase.o)
    0x0800597c   0x0800597c   0x0000003c   Code   RO         1006    i._ZN4mbed11mbed_fdopenEPNS_10FileHandleEPKc  mbed_retarget.o
    0x080059b8   0x080059b8   0x00000070   Code   RO         1007    i._ZN4mbed17remove_filehandleEPNS_10FileHandleE  mbed_retarget.o
    0x08005a28   0x08005a28   0x00000006   Code   RO         1008    i._ZN4mbed26mbed_set_unbuffered_streamEPSt6__FILE  mbed_retarget.o
    0x08005a2e   0x08005a2e   0x00000022   Code   RO         3554    i._ZN4mbed3I2C18irq_handler_asynchEv  mbed.ar(I2C.o)
    0x08005a50   0x08005a50   0x0000002c   Code   RO         3555    i._ZN4mbed3I2C4lockEv  mbed.ar(I2C.o)
    0x08005a7c   0x08005a7c   0x00000070   Code   RO         3557    i._ZN4mbed3I2C4readEiPcib  mbed.ar(I2C.o)
    0x08005aec   0x08005aec   0x00000070   Code   RO         3561    i._ZN4mbed3I2C5writeEiPKcib  mbed.ar(I2C.o)
    0x08005b5c   0x08005b5c   0x0000002c   Code   RO         3563    i._ZN4mbed3I2C6unlockEv  mbed.ar(I2C.o)
    0x08005b88   0x08005b88   0x0000007c   Code   RO         3566    i._ZN4mbed3I2CC1E7PinNameS1_  mbed.ar(I2C.o)
    0x08005c04   0x08005c04   0x0000001c   Code   RO         3615    i._ZN4mbed3I2CD1Ev  mbed.ar(I2C.o)
    0x08005c20   0x08005c20   0x00000002   Code   RO         3631    i._ZN4mbed6Serial4lockEv  mbed.ar(Serial.o)
    0x08005c22   0x08005c22   0x00000002   Code   RO         3634    i._ZN4mbed6Serial6unlockEv  mbed.ar(Serial.o)
    0x08005c24   0x08005c24   0x0000002c   Code   RO         3635    i._ZN4mbed6SerialC1E7PinNameS1_PKci  mbed.ar(Serial.o)
    0x08005c50   0x08005c50   0x00000058   Code   RO         3666    i._ZN4mbed6SerialD1Ev  mbed.ar(Serial.o)
    0x08005ca8   0x08005ca8   0x00000002   Code   RO         3989    i._ZN4mbed6Stream4lockEv  mbed.ar(Stream.o)
    0x08005caa   0x08005caa   0x00000004   Code   RO         3913    i._ZN4mbed6Stream4seekEli  mbed.ar(Stream.o)
    0x08005cae   0x08005cae   0x00000004   Code   RO         3914    i._ZN4mbed6Stream4sizeEv  mbed.ar(Stream.o)
    0x08005cb2   0x08005cb2   0x00000004   Code   RO         3917    i._ZN4mbed6Stream5closeEv  mbed.ar(Stream.o)
    0x08005cb6   0x08005cb6   0x0000003c   Code   RO         3919    i._ZN4mbed6Stream5writeEPKvj  mbed.ar(Stream.o)
    0x08005cf2   0x08005cf2   0x00000004   Code   RO         3920    i._ZN4mbed6Stream6isattyEv  mbed.ar(Stream.o)
    0x08005cf6   0x08005cf6   0x00000032   Code   RO         3921    i._ZN4mbed6Stream6printfEPKcz  mbed.ar(Stream.o)
    0x08005d28   0x08005d28   0x00000002   Code   RO         3992    i._ZN4mbed6Stream6unlockEv  mbed.ar(Stream.o)
    0x08005d2a   0x08005d2a   0x00000002   PAD
    0x08005d2c   0x08005d2c   0x00000070   Code   RO         3925    i._ZN4mbed6StreamC2EPKc  mbed.ar(Stream.o)
    0x08005d9c   0x08005d9c   0x00000020   Code   RO         3927    i._ZN4mbed6StreamD2Ev  mbed.ar(Stream.o)
    0x08005dbc   0x08005dbc   0x00000004   Code   RO         4146    i._ZN4mbed6fdopenEPNS_10FileHandleEPKc  mbed.ar(FileHandle.o)
    0x08005dc0   0x08005dc0   0x00000004   Code   RO         4108    i._ZN4mbed8FileBase11getPathTypeEv  mbed.ar(FileBase.o)
    0x08005dc4   0x08005dc4   0x0000006c   Code   RO         4110    i._ZN4mbed8FileBase6lookupEPKcj  mbed.ar(FileBase.o)
    0x08005e30   0x08005e30   0x00000040   Code   RO         4112    i._ZN4mbed8FileBaseC1EPKcNS_8PathTypeE  mbed.ar(FileBase.o)
    0x08005e70   0x08005e70   0x00000054   Code   RO         4114    i._ZN4mbed8FileBaseD1Ev  mbed.ar(FileBase.o)
    0x08005ec4   0x08005ec4   0x0000001e   Code   RO         3881    i._ZN4mbed8FilePath10fileSystemEv  mbed.ar(FilePath.o)
    0x08005ee2   0x08005ee2   0x0000001c   Code   RO         3883    i._ZN4mbed8FilePath4fileEv  mbed.ar(FilePath.o)
    0x08005efe   0x08005efe   0x0000000a   Code   RO         3884    i._ZN4mbed8FilePath6existsEv  mbed.ar(FilePath.o)
    0x08005f08   0x08005f08   0x00000018   Code   RO         3885    i._ZN4mbed8FilePath6isFileEv  mbed.ar(FilePath.o)
    0x08005f20   0x08005f20   0x00000004   Code   RO         3886    i._ZN4mbed8FilePath8fileNameEv  mbed.ar(FilePath.o)
    0x08005f24   0x08005f24   0x00000040   Code   RO         3887    i._ZN4mbed8FilePathC1EPKc  mbed.ar(FilePath.o)
    0x08005f64   0x08005f64   0x00000016   Code   RO         3177    i._ZN4mbed9DigitalIn4readEv  main.o
    0x08005f7a   0x08005f7a   0x00000002   Code   RO         3740    i._ZN4mbed9donothingEv  mbed.ar(SerialBase.o)
    0x08005f7c   0x08005f7c   0x00000002   Code   RO         3637    i._ZThn188_N4mbed6Serial4lockEv  mbed.ar(Serial.o)
    0x08005f7e   0x08005f7e   0x00000006   Code   RO         3639    i._ZThn188_N4mbed6Serial5_putcEi  mbed.ar(Serial.o)
    0x08005f84   0x08005f84   0x00000002   Code   RO         3640    i._ZThn188_N4mbed6Serial6unlockEv  mbed.ar(Serial.o)
    0x08005f86   0x08005f86   0x00000028   Code   RO         4944    i.__ARM_fpclassify  m_ws.l(fpclassify.o)
    0x08005fae   0x08005fae   0x00000004   Code   RO         1015    i.__aeabi_atexit    mbed_retarget.o
    0x08005fb2   0x08005fb2   0x00000024   Code   RO         4479    i.__aeabi_vec_ctor_nocookie_nodtor  cpprt_w.l(aeabi_vec_ctor_nocookie_nodtor.o)
    0x08005fd6   0x08005fd6   0x00000006   Code   RO         4367    i.__cxa_pure_virtual  cpprt_w.l(pure_virt.o)
    0x08005fdc   0x08005fdc   0x00000024   Code   RO          591    i.__sti___12_MAX30102_cpp_i2c  max30102.o
    0x08006000   0x08006000   0x0000007c   Code   RO         3144    i.__sti___8_main_cpp_pc  main.o
    0x0800607c   0x0800607c   0x00000010   Code   RO         3057    i.__user_setup_stackheap  sys.o
    0x0800608c   0x0800608c   0x0000000e   Code   RO         4293    i._is_digit         c_w.l(__printf_wp.o)
    0x0800609a   0x0800609a   0x00000002   PAD
    0x0800609c   0x0800609c   0x0000001c   Code   RO         1141    i._platform_post_stackheap_init  mbed_sdk_boot.o
    0x080060b8   0x080060b8   0x0000004c   Code   RO         1018    i._sys_close        mbed_retarget.o
    0x08006104   0x08006104   0x0000004c   Code   RO         1021    i._sys_flen         mbed_retarget.o
    0x08006150   0x08006150   0x00000040   Code   RO         1022    i._sys_istty        mbed_retarget.o
    0x08006190   0x08006190   0x00000214   Code   RO         1023    i._sys_open         mbed_retarget.o
    0x080063a4   0x080063a4   0x00000050   Code   RO         1025    i._sys_seek         mbed_retarget.o
    0x080063f4   0x080063f4   0x0000007c   Code   RO         1026    i._sys_write        mbed_retarget.o
    0x08006470   0x08006470   0x00000128   Code   RO          785    i.can_irq           can_api.o
    0x08006598   0x08006598   0x0000008c   Code   RO         4043    i.core_util_critical_section_enter  mbed.ar(mbed_critical.o)
    0x08006624   0x08006624   0x00000058   Code   RO         4044    i.core_util_critical_section_exit  mbed.ar(mbed_critical.o)
    0x0800667c   0x0800667c   0x00000028   Code   RO         4021    i.error             mbed.ar(mbed_error.o)
    0x080066a4   0x080066a4   0x00000020   Code   RO         1028    i.exit              mbed_retarget.o
    0x080066c4   0x080066c4   0x0000001a   Code   RO         4320    i.fputc             c_w.l(fputc.o)
    0x080066de   0x080066de   0x00000066   Code   RO          837    i.gpio_dir          gpio_api.o
    0x08006744   0x08006744   0x00000054   Code   RO          826    i.gpio_init         gpio_api.o
    0x08006798   0x08006798   0x00000028   Code   RO         3834    i.gpio_init_in      mbed.ar(mbed_gpio.o)
    0x080067c0   0x080067c0   0x0000002e   Code   RO         3837    i.gpio_init_out     mbed.ar(mbed_gpio.o)
    0x080067ee   0x080067ee   0x00000008   Code   RO          827    i.gpio_mode         gpio_api.o
    0x080067f6   0x080067f6   0x00000002   PAD
    0x080067f8   0x080067f8   0x0000001c   Code   RO          913    i.i2c1_irq          i2c_api.o
    0x08006814   0x08006814   0x0000001c   Code   RO          914    i.i2c2_irq          i2c_api.o
    0x08006830   0x08006830   0x000000a4   Code   RO          920    i.i2c_ev_err_enable  i2c_api.o
    0x080068d4   0x080068d4   0x0000004c   Code   RO          921    i.i2c_frequency     i2c_api.o
    0x08006920   0x08006920   0x000001c8   Code   RO          924    i.i2c_init          i2c_api.o
    0x08006ae8   0x08006ae8   0x0000001e   Code   RO          925    i.i2c_irq_handler_asynch  i2c_api.o
    0x08006b06   0x08006b06   0x00000002   PAD
    0x08006b08   0x08006b08   0x000000ec   Code   RO          926    i.i2c_read          i2c_api.o
    0x08006bf4   0x08006bf4   0x000000ec   Code   RO          937    i.i2c_write         i2c_api.o
    0x08006ce0   0x08006ce0   0x00000080   Code   RO         1262    i.init_uart         serial_api.o
    0x08006d60   0x08006d60   0x00000344   Code   RO         3145    i.main              main.o
    0x080070a4   0x080070a4   0x00000054   Code   RO         4006    i.mbed_assert_internal  mbed.ar(mbed_assert.o)
    0x080070f8   0x080070f8   0x00000012   Code   RO          986    i.mbed_die          mbed_board.o
    0x0800710a   0x0800710a   0x00000002   PAD
    0x0800710c   0x0800710c   0x00000054   Code   RO          987    i.mbed_error_printf  mbed_board.o
    0x08007160   0x08007160   0x00000050   Code   RO          988    i.mbed_error_vfprintf  mbed_board.o
    0x080071b0   0x080071b0   0x00000002   Code   RO         1143    i.mbed_main         mbed_sdk_boot.o
    0x080071b2   0x080071b2   0x00000016   Code   RO          998    i.mbed_sdk_init     mbed_overrides.o
    0x080071c8   0x080071c8   0x00000240   Code   RO         1178    i.pin_function      pinmap.o
    0x08007408   0x08007408   0x00000108   Code   RO         1179    i.pin_mode          pinmap.o
    0x08007510   0x08007510   0x00000060   Code   RO         3852    i.pinmap_function   mbed.ar(mbed_pinmap_common.o)
    0x08007570   0x08007570   0x0000003c   Code   RO         3853    i.pinmap_merge      mbed.ar(mbed_pinmap_common.o)
    0x080075ac   0x080075ac   0x00000060   Code   RO         3854    i.pinmap_peripheral  mbed.ar(mbed_pinmap_common.o)
    0x0800760c   0x0800760c   0x0000005c   Code   RO         3855    i.pinmap_pinout     mbed.ar(mbed_pinmap_common.o)
    0x08007668   0x08007668   0x00000118   Code   RO         1211    i.pwmout_init       pwmout_api.o
    0x08007780   0x08007780   0x0000019c   Code   RO         1214    i.pwmout_period_us  pwmout_api.o
    0x0800791c   0x0800791c   0x000000bc   Code   RO         1219    i.pwmout_write      pwmout_api.o
    0x080079d8   0x080079d8   0x0000004a   Code   RO         4082    i.schedule_interrupt  mbed.ar(mbed_ticker_api.o)
    0x08007a22   0x08007a22   0x00000006   Code   RO         1283    i.serial_baud       serial_device.o
    0x08007a28   0x08007a28   0x000000dc   Code   RO         1264    i.serial_format     serial_api.o
    0x08007b04   0x08007b04   0x00000164   Code   RO         1288    i.serial_init       serial_device.o
    0x08007c68   0x08007c68   0x00000018   Code   RO         1289    i.serial_irq_handler  serial_device.o
    0x08007c80   0x08007c80   0x0000015c   Code   RO         1290    i.serial_irq_handler_asynch  serial_device.o
    0x08007ddc   0x08007ddc   0x00000034   Code   RO         1292    i.serial_putc       serial_device.o
    0x08007e10   0x08007e10   0x00000018   Code   RO         1267    i.serial_writable   serial_api.o
    0x08007e28   0x08007e28   0x000000f8   Code   RO         1180    i.stm_pin_PullConfig  pinmap.o
    0x08007f20   0x08007f20   0x0000005c   Code   RO         4086    i.ticker_irq_handler  mbed.ar(mbed_ticker_api.o)
    0x08007f7c   0x08007f7c   0x000000a0   Code   RO          886    i.timer_irq_handler  hal_tick_16b.o
    0x0800801c   0x0800801c   0x00000028   Code   RO         4091    i.update_present_time  mbed.ar(mbed_ticker_api.o)
    0x08008044   0x08008044   0x00000018   Code   RO         3088    i.us_ticker_clear_interrupt  us_ticker_16b.o
    0x0800805c   0x0800805c   0x00000018   Code   RO         3089    i.us_ticker_disable_interrupt  us_ticker_16b.o
    0x08008074   0x08008074   0x00000028   Code   RO         3090    i.us_ticker_init    us_ticker_16b.o
    0x0800809c   0x0800809c   0x0000000c   Code   RO         3869    i.us_ticker_irq_handler  mbed.ar(mbed_us_ticker_api.o)
    0x080080a8   0x080080a8   0x00000060   Code   RO         3091    i.us_ticker_read    us_ticker_16b.o
    0x08008108   0x08008108   0x000000a8   Code   RO         3092    i.us_ticker_set_interrupt  us_ticker_16b.o
    0x080081b0   0x080081b0   0x00000024   Code   RO         4070    i.wait              mbed.ar(mbed_wait_api_no_rtos.o)
    0x080081d4   0x080081d4   0x0000001c   Code   RO         4071    i.wait_ms           mbed.ar(mbed_wait_api_no_rtos.o)
    0x080081f0   0x080081f0   0x00000018   Code   RO         4072    i.wait_us           mbed.ar(mbed_wait_api_no_rtos.o)
    0x08008208   0x08008208   0x0000002c   Code   RO         4900    locale$$code        c_w.l(lc_numeric_c.o)
    0x08008234   0x08008234   0x0000002c   Code   RO         4968    locale$$code        c_w.l(lc_ctype_c.o)
    0x08008260   0x08008260   0x0000002c   Code   RO         4135    t._ZN12SingletonPtrI13PlatformMutexEptEv  mbed.ar(FileBase.o)
    0x0800828c   0x0800828c   0x00000004   Code   RO         3822    t._ZN4mbed8CallbackIFvvEE13function_callIPS1_EEvPKv  mbed.ar(SerialBase.o)
    0x08008290   0x08008290   0x00000002   Code   RO         3828    t._ZN4mbed8CallbackIFvvEE13function_dtorIPS1_EEvPv  mbed.ar(SerialBase.o)
    0x08008292   0x08008292   0x0000000a   Code   RO         3825    t._ZN4mbed8CallbackIFvvEE13function_moveIPS1_EEvPvPKv  mbed.ar(SerialBase.o)
    0x0800829c   0x0800829c   0x00000012   Code   RO         3693    t._ZN4mbed8CallbackIFvvEED1Ev  mbed.ar(Serial.o)
    0x080082ae   0x080082ae   0x00000036   Code   RO         3811    t._ZN6CThunkIN4mbed10SerialBaseEE10trampolineEPS1_PvPMS1_FvS4_E  mbed.ar(SerialBase.o)
    0x080082e4   0x080082e4   0x00000036   Code   RO         3618    t._ZN6CThunkIN4mbed3I2CEE10trampolineEPS1_PvPMS1_FvS4_E  mbed.ar(I2C.o)
    0x0800831a   0x0800831a   0x00000002   PAD
    0x0800831c   0x0800831c   0x000000c4   Code   RO         4482    x$fpl$fadd          fz_ws.l(faddsub_clz.o)
    0x080083e0   0x080083e0   0x00000184   Code   RO         4489    x$fpl$fdiv          fz_ws.l(fdiv.o)
    0x08008564   0x08008564   0x00000036   Code   RO         4492    x$fpl$ffix          fz_ws.l(ffix.o)
    0x0800859a   0x0800859a   0x00000002   PAD
    0x0800859c   0x0800859c   0x0000003e   Code   RO         4496    x$fpl$ffixu         fz_ws.l(ffixu.o)
    0x080085da   0x080085da   0x00000002   PAD
    0x080085dc   0x080085dc   0x00000030   Code   RO         4501    x$fpl$fflt          fz_ws.l(fflt_clz.o)
    0x0800860c   0x0800860c   0x00000026   Code   RO         4500    x$fpl$ffltu         fz_ws.l(fflt_clz.o)
    0x08008632   0x08008632   0x00000002   PAD
    0x08008634   0x08008634   0x00000102   Code   RO         4506    x$fpl$fmul          fz_ws.l(fmul.o)
    0x08008736   0x08008736   0x0000008c   Code   RO         4704    x$fpl$fnaninf       fz_ws.l(fnaninf.o)
    0x080087c2   0x080087c2   0x0000000a   Code   RO         4706    x$fpl$fretinf       fz_ws.l(fretinf.o)
    0x080087cc   0x080087cc   0x00000014   Code   RO         4483    x$fpl$frsb          fz_ws.l(faddsub_clz.o)
    0x080087e0   0x080087e0   0x000000ea   Code   RO         4484    x$fpl$fsub          fz_ws.l(faddsub_clz.o)
    0x080088ca   0x080088ca   0x00000004   Code   RO         4708    x$fpl$printf1       fz_ws.l(printf1.o)
    0x080088ce   0x080088ce   0x00000004   Code   RO         4710    x$fpl$printf2       fz_ws.l(printf2.o)
    0x080088d2   0x080088d2   0x00000000   Code   RO         4718    x$fpl$usenofp       fz_ws.l(usenofp.o)
    0x080088d2   0x080088d2   0x000000f6   Data   RO           17    .constdata          algorithm.o
    0x080089c8   0x080089c8   0x00000017   Data   RO         1075    .constdata          mbed_retarget.o
    0x080089df   0x080089df   0x00000001   PAD
    0x080089e0   0x080089e0   0x00000030   Data   RO         1159    .constdata          PeripheralPins.o
    0x08008a10   0x08008a10   0x00000030   Data   RO         1160    .constdata          PeripheralPins.o
    0x08008a40   0x08008a40   0x0000012c   Data   RO         1161    .constdata          PeripheralPins.o
    0x08008b6c   0x08008b6c   0x00000048   Data   RO         1162    .constdata          PeripheralPins.o
    0x08008bb4   0x08008bb4   0x00000048   Data   RO         1163    .constdata          PeripheralPins.o
    0x08008bfc   0x08008bfc   0x00000040   Data   RO         1181    .constdata          pinmap.o
    0x08008c3c   0x08008c3c   0x00000028   Data   RO         1238    .constdata          pwmout_device.o
    0x08008c64   0x08008c64   0x00000010   Data   RO         3078    .constdata          system_stm32f1xx.o
    0x08008c74   0x08008c74   0x00000008   Data   RO         3079    .constdata          system_stm32f1xx.o
    0x08008c7c   0x08008c7c   0x00000010   Data   RO         3581    .constdata          mbed.ar(I2C.o)
    0x08008c8c   0x08008c8c   0x00000010   Data   RO         3767    .constdata          mbed.ar(SerialBase.o)
    0x08008c9c   0x08008c9c   0x00000014   Data   RO         3871    .constdata          mbed.ar(mbed_us_ticker_api.o)
    0x08008cb0   0x08008cb0   0x00000008   Data   RO         3872    .constdata          mbed.ar(mbed_us_ticker_api.o)
    0x08008cb8   0x08008cb8   0x00000028   Data   RO         4281    .constdata          c_w.l(_printf_hex_int_ll_ptr.o)
    0x08008ce0   0x08008ce0   0x00000011   Data   RO         4301    .constdata          c_w.l(__printf_flags_ss_wp.o)
    0x08008cf1   0x08008cf1   0x00000003   PAD
    0x08008cf4   0x08008cf4   0x00000008   Data   RO         4560    .constdata          c_w.l(_printf_wctomb.o)
    0x08008cfc   0x08008cfc   0x00000026   Data   RO         4751    .constdata          c_w.l(_printf_fp_hex.o)
    0x08008d22   0x08008d22   0x00000002   PAD
    0x08008d24   0x08008d24   0x00000094   Data   RO         4873    .constdata          c_w.l(bigflt0.o)
    0x08008db8   0x08008db8   0x0000004c   Data   RO         4156    .constdata__ZTVN4mbed10FileHandleE  mbed.ar(FileHandle.o)
    0x08008e04   0x08008e04   0x00000018   Data   RO         3805    .constdata__ZTVN4mbed10SerialBaseE  mbed.ar(SerialBase.o)
    0x08008e1c   0x08008e1c   0x00000018   Data   RO         3611    .constdata__ZTVN4mbed3I2CE  mbed.ar(I2C.o)
    0x08008e34   0x08008e34   0x0000008c   Data   RO         3665    .constdata__ZTVN4mbed6SerialE  mbed.ar(Serial.o)
    0x08008ec0   0x08008ec0   0x0000006c   Data   RO         3988    .constdata__ZTVN4mbed6StreamE  mbed.ar(Stream.o)
    0x08008f2c   0x08008f2c   0x00000010   Data   RO         4134    .constdata__ZTVN4mbed8FileBaseE  mbed.ar(FileBase.o)
    0x08008f3c   0x08008f3c   0x00000014   Data   RO         1135    .constdata__ZZN12SingletonPtrI13PlatformMutexE3getEvEs  mbed_retarget.o
    0x08008f50   0x08008f50   0x00000059   Data   RO         1136    .constdata__ZZN12SingletonPtrI13PlatformMutexE3getEvEs_0  mbed_retarget.o
    0x08008fa9   0x08008fa9   0x00000003   PAD
    0x08008fac   0x08008fac   0x0000000c   Data   RO         3818    .constdata__ZZN4mbed8CallbackIFvvEE8generateIPS1_EEvRKT_E3ops  mbed.ar(SerialBase.o)
    0x08008fb8   0x08008fb8   0x00000005   Data   RO         3806    .constdata__ZZNK4mbed8CallbackIFvvEE4callEvEs  mbed.ar(SerialBase.o)
    0x08008fbd   0x08008fbd   0x00000055   Data   RO         3807    .constdata__ZZNK4mbed8CallbackIFvvEE4callEvEs_0  mbed.ar(SerialBase.o)
    0x08009012   0x08009012   0x00000002   PAD
    0x08009014   0x08009014   0x00000053   Data   RO          939    .conststring        i2c_api.o
    0x08009067   0x08009067   0x00000001   PAD
    0x08009068   0x08009068   0x00000052   Data   RO         1182    .conststring        pinmap.o
    0x080090ba   0x080090ba   0x00000002   PAD
    0x080090bc   0x080090bc   0x00000056   Data   RO         1221    .conststring        pwmout_api.o
    0x08009112   0x08009112   0x00000002   PAD
    0x08009114   0x08009114   0x00000056   Data   RO         1268    .conststring        serial_api.o
    0x0800916a   0x0800916a   0x00000002   PAD
    0x0800916c   0x0800916c   0x00000068   Data   RO         1305    .conststring        serial_device.o
    0x080091d4   0x080091d4   0x0000004f   Data   RO         4046    .conststring        mbed.ar(mbed_critical.o)
    0x08009223   0x08009223   0x00000001   PAD
    0x08009224   0x08009224   0x00000020   Data   RO         5057    Region$$Table       anon$$obj.o
    0x08009244   0x08009244   0x0000001c   Data   RO         4899    locale$$data        c_w.l(lc_numeric_c.o)
    0x08009260   0x08009260   0x00000110   Data   RO         4967    locale$$data        c_w.l(lc_ctype_c.o)
    0x08009370   0x08009370   0x00000004   Data   RO          599    .init_array         max30102.o
    0x08009374   0x08009370   0x00000004   Data   RO         3150    .init_array         main.o
    0x08009378   0x08009370   0x00000000   Data   RO         4362    .init_array         c_w.l(init_aeabi.o)


    Execution Region RW_IRAM1 (Exec base: 0x200000ec, Load base: 0x08009378, Size: 0x0000453c, Max: 0x00004f14, ABSOLUTE)

    Exec Addr    Load Addr    Size         Type   Attr      Idx    E Section Name        Object

    0x200000ec   0x08009378   0x00000008   Data   RW          799    .data               can_api.o
    0x200000f4   0x08009380   0x00000004   Data   RW          887    .data               hal_tick_16b.o
    0x200000f8   0x08009384   0x00000008   Data   RW         1078    .data               mbed_retarget.o
    0x20000100   0x0800938c   0x00000008   Data   RW         1306    .data               serial_device.o
    0x20000108   0x08009394   0x00000004   Data   RW         1377    .data               stm32f1xx_hal.o
    0x2000010c   0x08009398   0x00000004   Data   RW         3080    .data               system_stm32f1xx.o
    0x20000110   0x0800939c   0x0000000c   Data   RW         3094    .data               us_ticker_16b.o
    0x2000011c   0x080093a8   0x00000012   Data   RW         3149    .data               main.o
    0x2000012e   0x080093ba   0x00000002   PAD
    0x20000130   0x080093bc   0x0000000c   Data   RW         3582    .data               mbed.ar(I2C.o)
    0x2000013c   0x080093c8   0x00000001   Data   RW         4022    .data               mbed.ar(mbed_error.o)
    0x2000013d   0x080093c9   0x00000003   PAD
    0x20000140   0x080093cc   0x00000008   Data   RW         4047    .data               mbed.ar(mbed_critical.o)
    0x20000148   0x080093d4   0x0000000c   Data   RW         4122    .data               mbed.ar(FileBase.o)
    0x20000154   0x080093e0   0x00000004   Data   RW         4332    .data               c_w.l(stdio_streams.o)
    0x20000158   0x080093e4   0x00000004   Data   RW         4333    .data               c_w.l(stdio_streams.o)
    0x2000015c   0x080093e8   0x00000004   Data   RW         4334    .data               c_w.l(stdio_streams.o)
    0x20000160   0x080093ec   0x00000004   Data   RW         4814    .data               c_w.l(heapauxa.o)
    0x20000164        -       0x00001760   Zero   RW           16    .bss                algorithm.o
    0x200018c4        -       0x000000d8   Zero   RW          598    .bss                max30102.o
    0x2000199c        -       0x00000044   Zero   RW          796    .bss                can_api.o
    0x200019e0        -       0x00000014   Zero   RW          938    .bss                i2c_api.o
    0x200019f4        -       0x00000144   Zero   RW         1074    .bss                mbed_retarget.o
    0x20001b38        -       0x00000040   Zero   RW         1220    .bss                pwmout_api.o
    0x20001b78        -       0x00000118   Zero   RW         1304    .bss                serial_device.o
    0x20001c90        -       0x00000040   Zero   RW         3093    .bss                us_ticker_16b.o
    0x20001cd0        -       0x00002828   Zero   RW         3148    .bss                main.o
    0x200044f8        -       0x00000018   Zero   RW         3870    .bss                mbed.ar(mbed_us_ticker_api.o)
    0x20004510        -       0x00000004   Zero   RW         4184    .bss                c_w.l(rt_errno_addr.o)
    0x20004514        -       0x00000054   Zero   RW         4329    .bss                c_w.l(stdio_streams.o)
    0x20004568        -       0x00000054   Zero   RW         4330    .bss                c_w.l(stdio_streams.o)
    0x200045bc        -       0x00000054   Zero   RW         4331    .bss                c_w.l(stdio_streams.o)
    0x20004610        -       0x00000004   Zero   RW         4515    .bss                c_w.l(rt_heap_descriptor.o)
    0x20004614        -       0x00000014   Zero   RW         4859    .bss                c_w.l(rt_locale.o)


==============================================================================

Image component sizes


      Code (inc. data)   RO Data    RW Data    ZI Data      Debug   Object Name

         0          0        540          0          0          0   PeripheralPins.o
      1700         32        246          0       5984     399303   algorithm.o
       332         32          0          8         68        304   can_api.o
       378         72          0          0          0        312   gpio_api.o
       360         56          0          4          0        160   hal_tick_16b.o
      1530        130         83          0         20       1268   i2c_api.o
      1010        166          4         18      10280     417110   main.o
       500         28          4          0        216      19582   max30102.o
       182         18          0          0          0        256   mbed_board.o
        22          0          0          0          0         80   mbed_overrides.o
      1166        112        132          8        324        908   mbed_retarget.o
        44          4          0          0          0        224   mbed_sdk_boot.o
      1088         84        146          0          0        312   pinmap.o
       880        156         86          0         64        292   pwmout_api.o
         0          0         40          0          0          0   pwmout_device.o
       372         76         86          0          0        244   serial_api.o
       852         76        104          8        280        552   serial_device.o
        36          8        236          0          0        228   startup_stm32f103xb.o
        66         16          0          4          0        280   stm32f1xx_hal.o
        74          6          0          0          0        136   stm32f1xx_hal_cortex.o
       168         28          0          0          0         76   stm32f1xx_hal_dma.o
      3428         70          0          0          0        932   stm32f1xx_hal_i2c.o
      1652        118          0          0          0        496   stm32f1xx_hal_rcc.o
       932         18          0          0          0        728   stm32f1xx_hal_tim.o
        44          0          0          0          0         68   stm32f1xx_hal_tim_ex.o
      1238         10          0          0          0        468   stm32f1xx_hal_uart.o
        16          6          0          0          0         68   sys.o
       268         12          0          0          0        176   system_clock.o
       112         22         24          4          0         68   system_stm32f1xx.o
       352         68          0         12         64        376   us_ticker_16b.o

    ----------------------------------------------------------------------
     18816       1424       1774         68      17300     845007   Object Totals
         0          0         32          0          0          0   (incl. Generated)
        14          0         11          2          0          0   (incl. Padding)

    ----------------------------------------------------------------------

      Code (inc. data)   RO Data    RW Data    ZI Data      Debug   Library Member Name

        60          8          0          0          0         84   __0sscanf.o
        44          6          0          0          0         84   __2sprintf.o
         8          0          0          0          0         68   __main.o
       392          4         17          0          0         92   __printf_flags_ss_wp.o
        14          0          0          0          0         68   __printf_wp.o
         0          0          0          0          0          0   __rtentry.o
        20          0          0          0          0          0   __rtentry2.o
         6          0          0          0          0          0   __rtentry4.o
        52          8          0          0          0          0   __scatter.o
        26          0          0          0          0          0   __scatter_copy.o
        28          0          0          0          0          0   __scatter_zi.o
        28          0          0          0          0         68   _chval.o
         6          0          0          0          0          0   _printf_a.o
         6          0          0          0          0          0   _printf_c.o
        44          0          0          0          0        108   _printf_char.o
        48          6          0          0          0         96   _printf_char_common.o
        36          4          0          0          0         80   _printf_char_file.o
        40          0          0          0          0         68   _printf_charcount.o
         6          0          0          0          0          0   _printf_d.o
       120         16          0          0          0         92   _printf_dec.o
         6          0          0          0          0          0   _printf_e.o
         6          0          0          0          0          0   _printf_f.o
      1054          0          0          0          0        216   _printf_fp_dec.o
       764          8         38          0          0        100   _printf_fp_hex.o
       128         16          0          0          0         84   _printf_fp_infnan.o
         6          0          0          0          0          0   _printf_g.o
       148          4         40          0          0        160   _printf_hex_int_ll_ptr.o
         6          0          0          0          0          0   _printf_i.o
       178          0          0          0          0         88   _printf_intcommon.o
        10          0          0          0          0          0   _printf_l.o
         6          0          0          0          0          0   _printf_lc.o
        10          0          0          0          0          0   _printf_ll.o
         6          0          0          0          0          0   _printf_lld.o
         6          0          0          0          0          0   _printf_lli.o
         6          0          0          0          0          0   _printf_llo.o
         6          0          0          0          0          0   _printf_llu.o
         6          0          0          0          0          0   _printf_llx.o
       124         16          0          0          0         92   _printf_longlong_dec.o
         6          0          0          0          0          0   _printf_ls.o
         6          0          0          0          0          0   _printf_n.o
         6          0          0          0          0          0   _printf_o.o
       112         10          0          0          0        124   _printf_oct_int_ll.o
         6          0          0          0          0          0   _printf_p.o
        78          0          0          0          0        108   _printf_pad.o
         0          0          0          0          0          0   _printf_percent.o
         4          0          0          0          0          0   _printf_percent_end.o
         6          0          0          0          0          0   _printf_s.o
        82          0          0          0          0         80   _printf_str.o
        36          0          0          0          0         84   _printf_truncate.o
         6          0          0          0          0          0   _printf_u.o
        44          0          0          0          0        108   _printf_wchar.o
       188          6          8          0          0         92   _printf_wctomb.o
         6          0          0          0          0          0   _printf_x.o
       884          6          0          0          0        100   _scanf.o
       332          0          0          0          0         96   _scanf_int.o
        64          0          0          0          0         84   _sgetc.o
        16          0          0          0          0         68   _snputc.o
        10          0          0          0          0         68   _sputc.o
        64          0          0          0          0         92   _wcrtomb.o
       228          4        148          0          0         96   bigflt0.o
      1936        128          0          0          0        672   btod.o
        10          0          0          0          0         68   c89vfprintf.o
        10          0          0          0          0         68   defsig_exit.o
        50          0          0          0          0         88   defsig_general.o
        48         34          0          0          0         76   defsig_pvfn_inner.o
        14          0          0          0          0         80   defsig_pvfn_outer.o
        80         58          0          0          0         76   defsig_rtmem_inner.o
        14          0          0          0          0         80   defsig_rtmem_outer.o
        52         38          0          0          0         76   defsig_rtred_inner.o
        14          0          0          0          0         80   defsig_rtred_outer.o
        76          0          0          0          0         88   fclose.o
         8          0          0          0          0         68   ferror.o
       100          4          0          0          0        120   fflush.o
       470          0          0          0          0         88   flsbuf.o
       236          4          0          0          0        128   fopen.o
        26          0          0          0          0         68   fputc.o
       248          6          0          0          0         84   fseek.o
        66          0          0          0          0         76   ftell.o
        94          0          0          0          0         80   h1_alloc.o
        52          0          0          0          0         68   h1_extend.o
        78          0          0          0          0         80   h1_free.o
        14          0          0          0          0         84   h1_init.o
        80          6          0          4          0         96   heapauxa.o
         4          0          0          0          0        136   hguard.o
         0          0          0          0          0          0   indicate_semi.o
        36         10          0          0          0         80   init_aeabi.o
       138          0          0          0          0        168   init_alloc.o
       312         46          0          0          0        112   initio.o
        18          0          0          0          0         76   isspace.o
        44         10        272          0          0         76   lc_ctype_c.o
        44         10         28          0          0         76   lc_numeric_c.o
         2          0          0          0          0          0   libinit.o
        46          0          0          0          0          0   libinit2.o
         0          0          0          0          0          0   libshutdown2.o
       138          0          0          0          0         80   lludiv10.o
         0          0          0          0          0          0   maybetermalloc1.o
        16          4          0          0          0         76   rt_ctype_table.o
         8          4          0          0          4         68   rt_errno_addr.o
         8          4          0          0          4         68   rt_heap_descriptor.o
         8          4          0          0         20         68   rt_locale.o
        78          0          0          0          0         80   rt_memclr_w.o
       100          0          0          0          0         80   rt_memcpy_w.o
        44          8          0          0          0         84   scanf_char.o
        20          0          0          0          0         68   setbuf.o
        70          0          0          0          0         80   setvbuf.o
       240          6          0          0          0        156   stdio.o
         0          0          0         12        252          0   stdio_streams.o
       128          0          0          0          0         68   strcmpv7m.o
        62          0          0          0          0         76   strlen.o
       150          0          0          0          0         80   strncmp.o
        12          4          0          0          0         68   sys_exit.o
        14          0          0          0          0         76   sys_wrch.o
         2          0          0          0          0         68   use_no_semi.o
        52          4          0          0          0         80   vsnprintf.o
        36          0          0          0          0         84   aeabi_vec_ctor_nocookie_nodtor.o
        34          0          0          0          0         84   aeabi_vec_dtor_noexceptions.o
         6          0          0          0          0         68   pure_virt.o
       450          8          0          0          0        236   faddsub_clz.o
       388         76          0          0          0         96   fdiv.o
        54          4          0          0          0         84   ffix.o
        62          4          0          0          0         84   ffixu.o
        86          0          0          0          0        136   fflt_clz.o
       258          4          0          0          0         84   fmul.o
       140          4          0          0          0         84   fnaninf.o
        10          0          0          0          0         68   fretinf.o
         4          0          0          0          0         68   printf1.o
         4          0          0          0          0         68   printf2.o
         0          0          0          0          0          0   usenofp.o
        40          0          0          0          0         68   fpclassify.o
       304         52         16         12          0        380   FileBase.o
        60          0         76          0          0        216   FileHandle.o
       160          0          0          0          0        440   FilePath.o
       552         66         40         12          0        644   I2C.o
       164         18        140          0          0        568   Serial.o
       550         40        142          0          0       1092   SerialBase.o
       274         50        108          0          0        732   Stream.o
        84         52          0          0          0         88   mbed_assert.o
       228         98         79          8          0        156   mbed_critical.o
        40          4          0          1          0         88   mbed_error.o
        86          0          0          0          0        176   mbed_gpio.o
       344        110          0          0          0        316   mbed_pinmap_common.o
       206          0          0          0          0        256   mbed_ticker_api.o
        12          6         28          0         24         68   mbed_us_ticker_api.o
        88          4          0          0          0        240   mbed_wait_api_no_rtos.o

    ----------------------------------------------------------------------
     15974       1114       1188         52        304      14260   Library Totals
        36          0          8          3          0          0   (incl. Padding)

    ----------------------------------------------------------------------

      Code (inc. data)   RO Data    RW Data    ZI Data      Debug   Library Name

     11214        514        551         16        280       7488   c_w.l
        76          0          0          0          0        236   cpprt_w.l
      1456        100          0          0          0       1008   fz_ws.l
        40          0          0          0          0         68   m_ws.l
      3152        500        629         33         24       5460   mbed.ar

    ----------------------------------------------------------------------
     15974       1114       1188         52        304      14260   Library Totals

    ----------------------------------------------------------------------

==============================================================================


      Code (inc. data)   RO Data    RW Data    ZI Data      Debug   

     34790       2538       2962        120      17604     844131   Grand Totals
     34790       2538       2962        120      17604     844131   ELF Image Totals
     34790       2538       2962        120          0          0   ROM Totals

==============================================================================

    Total RO  Size (Code + RO Data)                37752 (  36.87kB)
    Total RW  Size (RW Data + ZI Data)             17724 (  17.31kB)
    Total ROM Size (Code + RO Data + RW Data)      37872 (  36.98kB)

==============================================================================

