<html>
<body>
<pre>
<h1>礦ision Build Log</h1>
<h2>Tool Versions:</h2>
IDE-Version: μVision V5.25.2.0
Copyright (C) 2018 ARM Ltd and ARM Germany GmbH. All rights reserved.
License Information: Yu Microsoft, Microsoft, LIC=KRMII-TMX9T-H88FS-L0DXC-1IVFH-AF586
 
Tool Versions:
Toolchain:       MDK-ARM Plus  Version: 5.25.2.0
Toolchain Path:  d:\Keil_v5\ARM\ARMCC\Bin
C Compiler:      Armcc.exe V5.06 update 6 (build 750)
Assembler:       Armasm.exe V5.06 update 6 (build 750)
Linker/Locator:  ArmLink.exe V5.06 update 6 (build 750)
Library Manager: ArmAr.exe V5.06 update 6 (build 750)
Hex Converter:   FromElf.exe V5.06 update 6 (build 750)
CPU DLL:         SARMCM3.DLL V5.25.2.0
Dialog DLL:      DARMSTM.DLL V1.68.0.0
Target DLL:      STLink\ST-LINKIII-KEIL_SWO.dll V3.0.1.0
Dialog DLL:      TARMSTM.DLL V1.66.0.0
 
<h2>Project:</h2>
E:\快盘\工作资料\生理信号测量与分析\脉搏测量仪\脉搏传感器\HXDZ\SPO2传感器\MAXREFDES117\代码\代码\MAX30102_uvision5_stm32f103c8\Nucleo_MAX30102\Nucleo_MAX30102.uvprojx
Project File Date:  03/31/2018

<h2>Output:</h2>
*** Using Compiler 'V5.06 update 6 (build 750)', folder: 'd:\Keil_v5\ARM\ARMCC\Bin'
Build target 'Nucleo_MAX30102'
compiling SysClockConf.cpp...
mbed-STM32F103C8T6/SysClockConf.h(2): warning:  #1-D: last line of file ends without a newline
  void confSysClock(void);
mbed-STM32F103C8T6\PinNames.h(152): warning:  #1-D: last line of file ends without a newline
  #endif
mbed-STM32F103C8T6/SysClockConf.cpp: 2 warnings, 0 errors
compiling MAX30102.cpp...
mbed-STM32F103C8T6\PinNames.h(152): warning:  #1-D: last line of file ends without a newline
  #endif
MAX30102/MAX30102.h(97): warning:  #1-D: last line of file ends without a newline
  #endif /* MAX30102_H_ */
MAX30102/MAX30102.cpp: 2 warnings, 0 errors
compiling algorithm.cpp...
mbed-STM32F103C8T6\PinNames.h(152): warning:  #1-D: last line of file ends without a newline
  #endif
algorithm/algorithm.h(100): warning:  #1-D: last line of file ends without a newline
  #endif /* ALGORITHM_H_ */
algorithm/algorithm.cpp: 2 warnings, 0 errors
compiling main.cpp...
mbed-STM32F103C8T6\PinNames.h(152): warning:  #1-D: last line of file ends without a newline
  #endif
mbed-STM32F103C8T6\SysClockConf.h(2): warning:  #1-D: last line of file ends without a newline
  void confSysClock(void);
algorithm\algorithm.h(100): warning:  #1-D: last line of file ends without a newline
  #endif /* ALGORITHM_H_ */
MAX30102\MAX30102.h(97): warning:  #1-D: last line of file ends without a newline
  #endif /* MAX30102_H_ */
main.cpp(199): warning:  #1-D: last line of file ends without a newline
   
main.cpp: 5 warnings, 0 errors
linking...
Program Size: Code=34790 RO-data=2962 RW-data=120 ZI-data=17604  
FromELF: creating hex file...
".\BUILD\Nucleo_MAX30102.axf" - 0 Error(s), 11 Warning(s).

<h2>Software Packages used:</h2>

Package Vendor: Keil
                http://www.keil.com/pack/Keil.STM32F1xx_DFP.2.2.0.pack
                Keil.STM32F1xx_DFP.2.2.0
                STMicroelectronics STM32F1 Series Device Support, Drivers and Examples

<h2>Collection of Component include folders:</h2>
  .\RTE\_Nucleo_MAX30102
  d:\Keil_v5\ARM\PACK\Keil\STM32F1xx_DFP\2.2.0\Device\Include

<h2>Collection of Component Files used:</h2>
Build Time Elapsed:  00:00:12
</pre>
</body>
</html>
